warning: unused import: `Instant`
 --> src/edit/editor.rs:4:27
  |
4 | use std::time::{Duration, Instant};
  |                           ^^^^^^^
  |
  = note: `#[warn(unused_imports)]` (part of `#[warn(unused)]`) on by default

warning: unnecessary braces around function argument
   --> src/window/photo_actions.rs:277:9
    |
277 |         { dismiss_menu.clone() },
    |         ^^                    ^^
    |
    = note: `#[warn(unused_braces)]` (part of `#[warn(unused)]`) on by default
help: remove these braces
    |
277 -         { dismiss_menu.clone() },
277 +         dismiss_menu.clone(),
    |

warning: use of deprecated struct `gtk4::MessageDialog`: Since 4.10
  --> src/main.rs:70:35
   |
70 |                 let dialog = gtk::MessageDialog::builder()
   |                                   ^^^^^^^^^^^^^
   |
   = note: `#[warn(deprecated)]` on by default

warning: use of deprecated struct `gtk4::Dialog`: Since 4.10
    --> src/collage/editor.rs:1344:23
     |
1344 |     let dialog = gtk::Dialog::new();
     |                       ^^^^^^

warning: use of deprecated struct `gtk4::FileChooserNative`: Since 4.10
    --> src/collage/editor.rs:1462:23
     |
1462 |     let dialog = gtk::FileChooserNative::new(
     |                       ^^^^^^^^^^^^^^^^^

warning: use of deprecated struct `gtk4::FileChooserNative`: Since 4.10
  --> src/edit/export.rs:11:27
   |
11 |         let dialog = gtk::FileChooserNative::new(
   |                           ^^^^^^^^^^^^^^^^^

warning: use of deprecated struct `gtk4::MessageDialog`: Since 4.10
   --> src/settings.rs:624:23
    |
624 |     let dialog = gtk::MessageDialog::builder()
    |                       ^^^^^^^^^^^^^

warning: use of deprecated struct `gtk4::Dialog`: Since 4.10
   --> src/window/dialogs.rs:140:23
    |
140 |     let dialog = gtk::Dialog::new();
    |                       ^^^^^^

warning: use of deprecated struct `gtk4::Dialog`: Since 4.10
   --> src/window/dialogs.rs:702:37
    |
702 | fn key_controller_log(dialog: &gtk::Dialog, controller: gtk::EventControllerKey) {
    |                                     ^^^^^^

warning: use of deprecated struct `gtk4::Dialog`: Since 4.10
   --> src/window/dialogs.rs:755:23
    |
755 |     let dialog = gtk::Dialog::new();
    |                       ^^^^^^

warning: use of deprecated struct `gtk4::Dialog`: Since 4.10
    --> src/window/dialogs.rs:1246:23
     |
1246 |     let dialog = gtk::Dialog::new();
     |                       ^^^^^^

warning: use of deprecated struct `gtk4::FileChooserNative`: Since 4.10
    --> src/window/build.rs:2397:27
     |
2397 |         let dialog = gtk::FileChooserNative::new(
     |                           ^^^^^^^^^^^^^^^^^

warning: use of deprecated struct `gtk4::FileChooserNative`: Since 4.10
    --> src/window/build.rs:2977:27
     |
2977 |         let dialog = gtk::FileChooserNative::new(
     |                           ^^^^^^^^^^^^^^^^^

warning: use of deprecated method `gtk4::prelude::WidgetExt::style_context`: Since 4.10
  --> src/albums/view.rs:20:10
   |
20 |         .style_context()
   |          ^^^^^^^^^^^^^

warning: use of deprecated method `gtk4::prelude::StyleContextExt::add_provider`: Since 4.10
  --> src/albums/view.rs:21:10
   |
21 |         .add_provider(&background, gtk::STYLE_PROVIDER_PRIORITY_APPLICATION + 2);
   |          ^^^^^^^^^^^^

warning: use of deprecated method `gtk4::prelude::WidgetExt::style_context`: Since 4.10
  --> src/albums/view.rs:92:10
   |
92 |         .style_context()
   |          ^^^^^^^^^^^^^

warning: use of deprecated method `gtk4::prelude::StyleContextExt::add_provider`: Since 4.10
  --> src/albums/view.rs:93:10
   |
93 |         .add_provider(&background, gtk::STYLE_PROVIDER_PRIORITY_APPLICATION + 2);
   |          ^^^^^^^^^^^^

warning: use of deprecated method `gtk4::CssProvider::load_from_data`: Since 4.12
   --> src/collage/editor.rs:175:13
    |
175 |         css.load_from_data(&css_data);
    |             ^^^^^^^^^^^^^^

warning: use of deprecated associated function `gtk4::Dialog::new`: Since 4.10
    --> src/collage/editor.rs:1344:31
     |
1344 |     let dialog = gtk::Dialog::new();
     |                               ^^^

warning: use of deprecated method `gtk4::prelude::DialogExt::add_button`: Since 4.10
    --> src/collage/editor.rs:1348:12
     |
1348 |     dialog.add_button("Cancel", gtk::ResponseType::Cancel);
     |            ^^^^^^^^^^

warning: use of deprecated method `gtk4::prelude::DialogExt::add_button`: Since 4.10
    --> src/collage/editor.rs:1349:32
     |
1349 |     let export_button = dialog.add_button("Export", gtk::ResponseType::Ok);
     |                                ^^^^^^^^^^

warning: use of deprecated method `gtk4::prelude::DialogExt::set_default_response`: Since 4.10
    --> src/collage/editor.rs:1351:12
     |
1351 |     dialog.set_default_response(gtk::ResponseType::Ok);
     |            ^^^^^^^^^^^^^^^^^^^^

warning: use of deprecated method `gtk4::prelude::DialogExt::content_area`: Since 4.10
    --> src/collage/editor.rs:1353:26
     |
1353 |     let content = dialog.content_area();
     |                          ^^^^^^^^^^^^

warning: use of deprecated method `gtk4::prelude::DialogExt::connect_response`: Since 4.10
    --> src/collage/editor.rs:1427:16
     |
1427 |         dialog.connect_response(move |_, response| {
     |                ^^^^^^^^^^^^^^^^

warning: use of deprecated method `gtk4::prelude::WidgetExt::show`: Since 4.10
    --> src/collage/editor.rs:1450:12
     |
1450 |     dialog.show();
     |            ^^^^

warning: use of deprecated associated function `gtk4::FileChooserNative::new`: Since 4.10
    --> src/collage/editor.rs:1462:42
     |
1462 |     let dialog = gtk::FileChooserNative::new(
     |                                          ^^^

warning: use of deprecated method `gtk4::prelude::FileChooserExt::set_current_name`: Since 4.10
    --> src/collage/editor.rs:1469:12
     |
1469 |     dialog.set_current_name(&format!("collage.{extension}"));
     |            ^^^^^^^^^^^^^^^^

warning: use of deprecated method `gtk4::prelude::FileChooserExt::add_filter`: Since 4.10
    --> src/collage/editor.rs:1476:12
     |
1476 |     dialog.add_filter(&filter);
     |            ^^^^^^^^^^

warning: use of deprecated method `gtk4::prelude::FileChooserExt::file`: Since 4.10
    --> src/collage/editor.rs:1482:33
     |
1482 |         let Some(path) = dialog.file().and_then(|file| file.path()) else {
     |                                 ^^^^

warning: use of deprecated method `gtk4::CssProvider::load_from_data`: Since 4.12
  --> src/css/mod.rs:46:10
   |
46 |     base.load_from_data(BASE);
   |          ^^^^^^^^^^^^^^

warning: use of deprecated method `gtk4::CssProvider::load_from_data`: Since 4.12
  --> src/css/mod.rs:54:14
   |
54 |     platform.load_from_data(PLATFORM);
   |              ^^^^^^^^^^^^^^

warning: use of deprecated method `gtk4::CssProvider::load_from_data`: Since 4.12
  --> src/css/mod.rs:65:20
   |
65 |     square_corners.load_from_data(SQUARE_CORNERS);
   |                    ^^^^^^^^^^^^^^

warning: use of deprecated associated function `gtk4::FileChooserNative::new`: Since 4.10
  --> src/edit/export.rs:11:46
   |
11 |         let dialog = gtk::FileChooserNative::new(
   |                                              ^^^

warning: use of deprecated method `gtk4::prelude::FileChooserExt::set_current_name`: Since 4.10
  --> src/edit/export.rs:23:16
   |
23 |         dialog.set_current_name(&filename);
   |                ^^^^^^^^^^^^^^^^

warning: use of deprecated method `gtk4::prelude::FileChooserExt::file`: Since 4.10
  --> src/edit/export.rs:32:51
   |
32 |                 if let Some(destination) = dialog.file().and_then(|file| file.path()) {
   |                                                   ^^^^

warning: use of deprecated method `gtk4::prelude::WidgetExt::hide`: Since 4.10
  --> src/settings.rs:67:24
   |
67 |                 window.hide();
   |                        ^^^^

warning: use of deprecated associated function `gtk4::MessageDialog::builder`: Since 4.10
   --> src/settings.rs:624:38
    |
624 |     let dialog = gtk::MessageDialog::builder()
    |                                      ^^^^^^^

warning: use of deprecated method `gtk4::builders::MessageDialogBuilder::transient_for`: Since 4.10
   --> src/settings.rs:625:10
    |
625 |         .transient_for(parent)
    |          ^^^^^^^^^^^^^

warning: use of deprecated method `gtk4::builders::MessageDialogBuilder::modal`: Since 4.10
   --> src/settings.rs:626:10
    |
626 |         .modal(true)
    |          ^^^^^

warning: use of deprecated method `gtk4::builders::MessageDialogBuilder::message_type`: Since 4.10
   --> src/settings.rs:627:10
    |
627 |         .message_type(gtk::MessageType::Warning)
    |          ^^^^^^^^^^^^

warning: use of deprecated method `gtk4::builders::MessageDialogBuilder::buttons`: Since 4.10
   --> src/settings.rs:628:10
    |
628 |         .buttons(gtk::ButtonsType::Cancel)
    |          ^^^^^^^

warning: use of deprecated method `gtk4::builders::MessageDialogBuilder::text`: Since 4.10
   --> src/settings.rs:629:10
    |
629 |         .text(title)
    |          ^^^^

warning: use of deprecated method `gtk4::builders::MessageDialogBuilder::secondary_text`: Since 4.10
   --> src/settings.rs:630:10
    |
630 |         .secondary_text(message)
    |          ^^^^^^^^^^^^^^

warning: use of deprecated method `gtk4::builders::MessageDialogBuilder::build`: Since 4.10
   --> src/settings.rs:631:10
    |
631 |         .build();
    |          ^^^^^

warning: use of deprecated method `gtk4::prelude::DialogExt::add_button`: Since 4.10
   --> src/settings.rs:632:12
    |
632 |     dialog.add_button("Continue", gtk::ResponseType::Accept);
    |            ^^^^^^^^^^

warning: use of deprecated method `gtk4::prelude::DialogExt::connect_response`: Since 4.10
   --> src/settings.rs:633:12
    |
633 |     dialog.connect_response(move |dialog, response| {
    |            ^^^^^^^^^^^^^^^^

warning: use of deprecated method `gtk4::prelude::WidgetExt::allocation`: Since 4.12
    --> src/sidebar.rs:1785:58
     |
1785 |                         .unwrap_or_else(|| f64::from(row.allocation().y()));
     |                                                          ^^^^^^^^^^

warning: use of deprecated method `gtk4::CssProvider::load_from_data`: Since 4.12
   --> src/window/theme.rs:151:22
    |
151 |             provider.load_from_data(base.css.as_str());
    |                      ^^^^^^^^^^^^^^

warning: use of deprecated method `gtk4::CssProvider::load_from_data`: Since 4.12
   --> src/window/theme.rs:207:22
    |
207 |             provider.load_from_data(theme.css.as_str());
    |                      ^^^^^^^^^^^^^^

warning: use of deprecated associated function `gtk4::Dialog::new`: Since 4.10
   --> src/window/dialogs.rs:140:31
    |
140 |     let dialog = gtk::Dialog::new();
    |                               ^^^

warning: use of deprecated method `gtk4::prelude::DialogExt::add_button`: Since 4.10
   --> src/window/dialogs.rs:150:12
    |
150 |     dialog.add_button("Cancel", gtk::ResponseType::Cancel);
    |            ^^^^^^^^^^

warning: use of deprecated method `gtk4::prelude::DialogExt::add_button`: Since 4.10
   --> src/window/dialogs.rs:151:33
    |
151 |     let connect_button = dialog.add_button("Connect", gtk::ResponseType::Accept);
    |                                 ^^^^^^^^^^

warning: use of deprecated method `gtk4::prelude::DialogExt::set_default_response`: Since 4.10
   --> src/window/dialogs.rs:152:12
    |
152 |     dialog.set_default_response(gtk::ResponseType::Accept);
    |            ^^^^^^^^^^^^^^^^^^^^

warning: use of deprecated method `gtk4::prelude::DialogExt::content_area`: Since 4.10
   --> src/window/dialogs.rs:166:26
    |
166 |     let content = dialog.content_area();
    |                          ^^^^^^^^^^^^

warning: use of deprecated method `gtk4::prelude::DialogExt::connect_response`: Since 4.10
   --> src/window/dialogs.rs:601:12
    |
601 |     dialog.connect_response(move |dialog, response| {
    |            ^^^^^^^^^^^^^^^^

warning: use of deprecated associated function `gtk4::Dialog::new`: Since 4.10
   --> src/window/dialogs.rs:755:31
    |
755 |     let dialog = gtk::Dialog::new();
    |                               ^^^

warning: use of deprecated method `gtk4::prelude::DialogExt::add_button`: Since 4.10
   --> src/window/dialogs.rs:764:12
    |
764 |     dialog.add_button("Cancel", gtk::ResponseType::Cancel);
    |            ^^^^^^^^^^

warning: use of deprecated method `gtk4::prelude::DialogExt::add_button`: Since 4.10
   --> src/window/dialogs.rs:766:10
    |
766 |         .add_button("Select This Folder", gtk::ResponseType::Accept)
    |          ^^^^^^^^^^

warning: use of deprecated method `gtk4::prelude::DialogExt::set_default_response`: Since 4.10
   --> src/window/dialogs.rs:769:12
    |
769 |     dialog.set_default_response(gtk::ResponseType::Accept);
    |            ^^^^^^^^^^^^^^^^^^^^

warning: use of deprecated method `gtk4::prelude::DialogExt::content_area`: Since 4.10
   --> src/window/dialogs.rs:771:26
    |
771 |     let content = dialog.content_area();
    |                          ^^^^^^^^^^^^

warning: use of deprecated method `gtk4::prelude::DialogExt::connect_response`: Since 4.10
    --> src/window/dialogs.rs:1207:16
     |
1207 |         dialog.connect_response(move |dialog, response| {
     |                ^^^^^^^^^^^^^^^^

warning: use of deprecated associated function `gtk4::Dialog::new`: Since 4.10
    --> src/window/dialogs.rs:1246:31
     |
1246 |     let dialog = gtk::Dialog::new();
     |                               ^^^

warning: use of deprecated method `gtk4::prelude::DialogExt::add_button`: Since 4.10
    --> src/window/dialogs.rs:1250:12
     |
1250 |     dialog.add_button("Cancel", gtk::ResponseType::Cancel);
     |            ^^^^^^^^^^

warning: use of deprecated method `gtk4::prelude::DialogExt::add_button`: Since 4.10
    --> src/window/dialogs.rs:1251:33
     |
1251 |     let connect_button = dialog.add_button("Connect", gtk::ResponseType::Accept);
     |                                 ^^^^^^^^^^

warning: use of deprecated method `gtk4::prelude::DialogExt::set_default_response`: Since 4.10
    --> src/window/dialogs.rs:1252:12
     |
1252 |     dialog.set_default_response(gtk::ResponseType::Accept);
     |            ^^^^^^^^^^^^^^^^^^^^

warning: use of deprecated method `gtk4::prelude::DialogExt::content_area`: Since 4.10
    --> src/window/dialogs.rs:1254:26
     |
1254 |     let content = dialog.content_area();
     |                          ^^^^^^^^^^^^

warning: use of deprecated method `gtk4::prelude::DialogExt::connect_response`: Since 4.10
    --> src/window/dialogs.rs:1299:12
     |
1299 |     dialog.connect_response(move |dialog, response| {
     |            ^^^^^^^^^^^^^^^^

warning: use of deprecated associated function `gtk4::FileChooserNative::new`: Since 4.10
    --> src/window/build.rs:2397:46
     |
2397 |         let dialog = gtk::FileChooserNative::new(
     |                                              ^^^

warning: use of deprecated method `gtk4::prelude::FileChooserExt::set_current_name`: Since 4.10
    --> src/window/build.rs:2410:16
     |
2410 |         dialog.set_current_name(&filename);
     |                ^^^^^^^^^^^^^^^^

warning: use of deprecated method `gtk4::prelude::FileChooserExt::file`: Since 4.10
    --> src/window/build.rs:2414:44
     |
2414 |                 if let Some(file) = dialog.file() {
     |                                            ^^^^

warning: use of deprecated associated function `gtk4::FileChooserNative::new`: Since 4.10
    --> src/window/build.rs:2977:46
     |
2977 |         let dialog = gtk::FileChooserNative::new(
     |                                              ^^^

warning: use of deprecated method `gtk4::prelude::FileChooserExt::file`: Since 4.10
    --> src/window/build.rs:2987:44
     |
2987 |                 if let Some(file) = dialog.file() {
     |                                            ^^^^

warning: use of deprecated method `gtk4::CssProvider::load_from_data`: Since 4.12
  --> src/window/photo_actions.rs:16:9
   |
16 |     css.load_from_data(crate::css::PHOTO_CONTEXT_MENU);
   |         ^^^^^^^^^^^^^^

warning: use of deprecated associated function `gtk4::MessageDialog::builder`: Since 4.10
  --> src/main.rs:70:50
   |
70 |                 let dialog = gtk::MessageDialog::builder()
   |                                                  ^^^^^^^

warning: use of deprecated method `gtk4::builders::MessageDialogBuilder::message_type`: Since 4.10
  --> src/main.rs:71:22
   |
71 |                     .message_type(gtk::MessageType::Error)
   |                      ^^^^^^^^^^^^

warning: use of deprecated method `gtk4::builders::MessageDialogBuilder::buttons`: Since 4.10
  --> src/main.rs:72:22
   |
72 |                     .buttons(gtk::ButtonsType::Close)
   |                      ^^^^^^^

warning: use of deprecated method `gtk4::builders::MessageDialogBuilder::text`: Since 4.10
  --> src/main.rs:73:22
   |
73 |                     .text("Could not open the photo library")
   |                      ^^^^

warning: use of deprecated method `gtk4::builders::MessageDialogBuilder::secondary_text`: Since 4.10
  --> src/main.rs:74:22
   |
74 |                     .secondary_text(error.to_string())
   |                      ^^^^^^^^^^^^^^

warning: use of deprecated method `gtk4::builders::MessageDialogBuilder::build`: Since 4.10
  --> src/main.rs:75:22
   |
75 |                     .build();
   |                      ^^^^^

warning: use of deprecated method `gtk4::prelude::DialogExt::connect_response`: Since 4.10
  --> src/main.rs:76:24
   |
76 |                 dialog.connect_response(|dialog, _| dialog.close());
   |                        ^^^^^^^^^^^^^^^^

warning: unused import: `gtk::prelude`
 --> src/css/mod.rs:3:5
  |
3 | use gtk::prelude::*;
  |     ^^^^^^^^^^^^

warning: unreachable pattern
   --> src/css/theme_discovery.rs:200:39
    |
200 |                     "traffic-light" | "traffic-light" | "trafficlights" => {
    |                     ---------------   ^^^^^^^^^^^^^^^ no value can reach this
    |                     |
    |                     matches all the relevant values
    |
    = note: `#[warn(unreachable_patterns)]` (part of `#[warn(unused)]`) on by default

warning: unused variable: `window_for_close`
  --> src/settings.rs:64:17
   |
64 |             let window_for_close = window.clone();
   |                 ^^^^^^^^^^^^^^^^ help: if this is intentional, prefix it with an underscore: `_window_for_close`
   |
   = note: `#[warn(unused_variables)]` (part of `#[warn(unused)]`) on by default

warning: unnecessary `unsafe` block
    --> src/sidebar.rs:1390:42
     |
1388 |             let matches = unsafe {
     |                           ------ because it's nested under this `unsafe` block
1389 |                 row.data::<SidebarFilter>("picasa-filter")
1390 |                     .is_some_and(|value| unsafe { *value.as_ref() == filter })
     |                                          ^^^^^^ unnecessary `unsafe` block
     |
     = note: `#[warn(unused_unsafe)]` (part of `#[warn(unused)]`) on by default

warning: unused variable: `row`
    --> src/sidebar.rs:1624:14
     |
1624 |     let Some(row) = (|| {
     |              ^^^ help: if this is intentional, prefix it with an underscore: `_row`

warning: unnecessary `unsafe` block
   --> src/smb_transport.rs:622:9
    |
622 |         unsafe {
    |         ^^^^^^ unnecessary `unsafe` block

warning: unused variable: `error`
   --> src/thumbnail_display.rs:374:13
    |
374 |         Err(error) => {
    |             ^^^^^ help: if this is intentional, prefix it with an underscore: `_error`

warning: unused variable: `connect_button`
    --> src/window/dialogs.rs:1251:9
     |
1251 |     let connect_button = dialog.add_button("Connect", gtk::ResponseType::Accept);
     |         ^^^^^^^^^^^^^^ help: if this is intentional, prefix it with an underscore: `_connect_button`

warning: unused variable: `path`
    --> src/window/build.rs:3314:21
     |
3314 |                     path,
     |                     ^^^^ help: try ignoring the field: `path: _`

warning: unused variable: `count`
    --> src/window/build.rs:3084:17
     |
3084 |             let count = roots.as_ref().map(|roots| roots.len()).unwrap_or(0);
     |                 ^^^^^ help: if this is intentional, prefix it with an underscore: `_count`

warning: unused variable: `kind`
    --> src/window/build.rs:2612:41
     |
2612 |             let Some((root, generation, kind)) = next else {
     |                                         ^^^^ help: if this is intentional, prefix it with an underscore: `_kind`

warning: unused variable: `mount`
   --> src/window/layout.rs:575:51
    |
575 |     volume_monitor.connect_mount_changed(move |_, mount| {
    |                                                   ^^^^^ help: if this is intentional, prefix it with an underscore: `_mount`

warning: unused variable: `mount`
   --> src/window/layout.rs:570:51
    |
570 |     volume_monitor.connect_mount_removed(move |_, mount| {
    |                                                   ^^^^^ help: if this is intentional, prefix it with an underscore: `_mount`

warning: unused variable: `mount`
   --> src/window/layout.rs:565:49
    |
565 |     volume_monitor.connect_mount_added(move |_, mount| {
    |                                                 ^^^^^ help: if this is intentional, prefix it with an underscore: `_mount`

warning: unused variable: `changed`
   --> src/window/layout.rs:353:24
    |
353 |                     Ok(changed) => {
    |                        ^^^^^^^ help: if this is intentional, prefix it with an underscore: `_changed`

warning: unused variable: `file`
   --> src/window/build.rs:235:50
    |
235 |                 monitor.connect_changed(move |_, file, other_file, event| {
    |                                                  ^^^^ help: if this is intentional, prefix it with an underscore: `_file`

warning: unused variable: `other_file`
   --> src/window/build.rs:235:56
    |
235 |                 monitor.connect_changed(move |_, file, other_file, event| {
    |                                                        ^^^^^^^^^^ help: if this is intentional, prefix it with an underscore: `_other_file`

warning: unused variable: `search`
    --> src/window/build.rs:2497:9
     |
2497 |         search,
     |         ^^^^^^ help: if this is intentional, prefix it with an underscore: `_search`

warning: unused variable: `add_network_share_slot_for_import`
    --> src/window/build.rs:2810:9
     |
2810 |     let add_network_share_slot_for_import = add_network_share_slot.clone();
     |         ^^^^^^^^^^^^^^^^^^^^^^^^^^^^^^^^^ help: if this is intentional, prefix it with an underscore: `_add_network_share_slot_for_import`

warning: unused variable: `search`
   --> src/window/search.rs:207:22
    |
207 |         if let (Some(search), Some(popup)) = (search_weak.upgrade(), popup_weak.upgrade()) {
    |                      ^^^^^^ help: if this is intentional, prefix it with an underscore: `_search`

warning: function `bookshelf_background_path` is never used
   --> src/albums/bookshelf.rs:135:4
    |
135 | fn bookshelf_background_path(directory: &Path, index: usize) -> Option<PathBuf> {
    |    ^^^^^^^^^^^^^^^^^^^^^^^^^
    |
    = note: `#[warn(dead_code)]` (part of `#[warn(unused)]`) on by default

warning: method `add_photos` is never used
   --> src/collage/editor.rs:136:12
    |
126 | impl CollageEditor {
    | ------------------ method in this implementation
...
136 |     pub fn add_photos(&self, photos: Vec<crate::photo_object::PhotoObject>) {
    |            ^^^^^^^^^^

warning: method `add_photos` is never used
   --> src/collage/model.rs:153:12
    |
102 | impl CollageProject {
    | ------------------- method in this implementation
...
153 |     pub fn add_photos(&mut self, photos: Vec<PhotoObject>) {
    |            ^^^^^^^^^^

warning: field `interactive` is never read
  --> src/edit/preview.rs:94:5
   |
84 | struct PreviewJob {
   |        ---------- field in this struct
...
94 |     interactive: bool,
   |     ^^^^^^^^^^^

warning: function `pointer_over_content` is never used
  --> src/edit/zoom.rs:54:4
   |
54 | fn pointer_over_content(pointer: f64, viewport: f64, content: f64) -> bool {
   |    ^^^^^^^^^^^^^^^^^^^^

warning: function `apply_recipe_without_crop` is never used
  --> src/edit/render.rs:31:8
   |
31 | pub fn apply_recipe_without_crop(mut image: RgbaImage, recipe: &EditRecipe) -> RgbaImage {
   |        ^^^^^^^^^^^^^^^^^^^^^^^^^

warning: method `clear_photo` is never used
   --> src/grid/tile.rs:656:8
    |
164 | impl SquareTile {
    | --------------- method in this implementation
...
656 |     fn clear_photo(&self) {
    |        ^^^^^^^^^^^

warning: method `visible_folder_id` is never used
   --> src/grid/grouping.rs:286:12
    |
 27 | impl Gallery {
    | ------------ method in this implementation
...
286 |     pub fn visible_folder_id(&self) -> Option<i64> {
    |            ^^^^^^^^^^^^^^^^^

warning: function `folder_row_offset` is never used
  --> src/grid/virtualization.rs:59:4
   |
59 | fn folder_row_offset(rows: &[FolderVirtualRow], target_row: usize, tile_height: i32) -> f64 {
   |    ^^^^^^^^^^^^^^^^^

warning: struct `FolderVirtualRow` is never constructed
  --> src/grid/virtualization.rs:82:8
   |
82 | struct FolderVirtualRow {
   |        ^^^^^^^^^^^^^^^^

warning: function `folder_virtual_rows` is never used
  --> src/grid/virtualization.rs:91:4
   |
91 | fn folder_virtual_rows(ranges: &[GroupRange], chunk_size: usize) -> Vec<FolderVirtualRow> {
   |    ^^^^^^^^^^^^^^^^^^^

warning: method `refresh_availability` is never used
    --> src/grid/virtualization.rs:1182:12
     |
 208 | impl Gallery {
     | ------------ method in this implementation
...
1182 |     pub fn refresh_availability(&self) {
     |            ^^^^^^^^^^^^^^^^^^^^

warning: fields `hover_select_source` and `pointer_pressed` are never read
   --> src/grid/view.rs:132:5
    |
 52 | pub struct Gallery {
    |            ------- fields in this struct
...
132 |     hover_select_source: Rc<RefCell<Option<glib::SourceId>>>,
    |     ^^^^^^^^^^^^^^^^^^^
133 |     pointer_pressed: Rc<Cell<bool>>,
    |     ^^^^^^^^^^^^^^^

warning: methods `selected_position` and `is_at_vertical_boundary` are never used
   --> src/grid/selection.rs:5:12
    |
  1 | impl Gallery {
    | ------------ methods in this implementation
...
  5 |     pub fn selected_position(&self) -> Option<usize> {
    |            ^^^^^^^^^^^^^^^^^
...
148 |     pub fn is_at_vertical_boundary(&self, direction: i32) -> bool {
    |            ^^^^^^^^^^^^^^^^^^^^^^^

warning: function `folder_id_from_named_ancestor` is never used
   --> src/grid/selection.rs:923:4
    |
923 | fn folder_id_from_named_ancestor(widget: &gtk::Widget) -> Option<i64> {
    |    ^^^^^^^^^^^^^^^^^^^^^^^^^^^^^

warning: field `grid_zoom_menu` is never read
  --> src/infobar.rs:24:9
   |
10 | pub struct InfoBar {
   |            ------- field in this struct
...
24 |     pub grid_zoom_menu: gtk::MenuButton,
   |         ^^^^^^^^^^^^^^

warning: fields `size` and `mtime` are never read
  --> src/nfs_transport.rs:25:9
   |
22 | pub struct Entry {
   |            ----- fields in this struct
...
25 |     pub size: u64,
   |         ^^^^
26 |     pub mtime: i64,
   |         ^^^^^
   |
   = note: `Entry` has derived impls for the traits `Clone` and `Debug`, but these are intentionally ignored during dead code analysis

warning: function `rotated_thumbnail` is never used
  --> src/photo_texture.rs:52:8
   |
52 | pub fn rotated_thumbnail(path: &str, rotation: i32) -> Option<gtk::gdk::Paintable> {
   |        ^^^^^^^^^^^^^^^^^

warning: field `id` is never read
  --> src/scanner.rs:27:9
   |
25 |     PhotoIndexed {
   |     ------------ field in this variant
26 |         path: PathBuf,
27 |         id: i64,
   |         ^^
   |
   = note: `ScanEvent` has derived impls for the traits `Clone` and `Debug`, but these are intentionally ignored during dead code analysis

warning: function `scan` is never used
  --> src/scanner.rs:79:8
   |
79 | pub fn scan(root: &str, events: Option<&Sender<ScanEvent>>) -> Result<usize> {
   |        ^^^^

warning: field `size` is never read
  --> src/smb_transport.rs:35:9
   |
32 | pub struct SmbEntry {
   |            -------- field in this struct
...
35 |     pub size: u64,
   |         ^^^^
   |
   = note: `SmbEntry` has derived impls for the traits `Clone` and `Debug`, but these are intentionally ignored during dead code analysis

warning: function `delete_smb_credentials` is never used
    --> src/smb_transport.rs:1081:8
     |
1081 | pub fn delete_smb_credentials(uri: &str) -> Result<(), String> {
     |        ^^^^^^^^^^^^^^^^^^^^^^

warning: function `read_prefix` is never used
    --> src/smb_transport.rs:1231:8
     |
1231 | pub fn read_prefix(uri: &str, max_bytes: usize) -> Result<Vec<u8>, SmbTransportError> {
     |        ^^^^^^^^^^^

warning: function `probe_file_available` is never used
   --> src/source.rs:245:8
    |
245 | pub fn probe_file_available(reference: &str) -> bool {
    |        ^^^^^^^^^^^^^^^^^^^^

warning: function `clear_trace_op` is never used
   --> src/source.rs:277:15
    |
277 | pub(crate) fn clear_trace_op() {
    |               ^^^^^^^^^^^^^^

warning: function `wait_for_priority_requests` is never used
   --> src/thumbnail.rs:191:8
    |
191 | pub fn wait_for_priority_requests() {
    |        ^^^^^^^^^^^^^^^^^^^^^^^^^^

warning: field `scale` is never read
 --> src/thumbnail/viewer.rs:5:5
  |
1 | struct DecodedThumbnailSource {
  |        ---------------------- field in this struct
...
5 |     scale: &'static str,
  |     ^^^^^

warning: function `create_many` is never used
 --> src/thumbnail/batch.rs:1:8
  |
1 | pub fn create_many(
  |        ^^^^^^^^^^^

warning: constant `EDIT_PANEL_CSS` is never used
  --> src/window.rs:24:18
   |
24 | pub(crate) const EDIT_PANEL_CSS: &str = crate::css::BASE;
   |                  ^^^^^^^^^^^^^^

warning: variants `FilesystemNotification` and `ProgrammaticSidebarSelection` are never constructed
   --> src/window.rs:182:5
    |
178 | enum PhotoScanRequestReason {
    |      ---------------------- variants in this enum
...
182 |     FilesystemNotification,
    |     ^^^^^^^^^^^^^^^^^^^^^^
...
185 |     ProgrammaticSidebarSelection,
    |     ^^^^^^^^^^^^^^^^^^^^^^^^^^^^
    |
    = note: `PhotoScanRequestReason` has derived impls for the traits `Debug` and `Clone`, but these are intentionally ignored during dead code analysis

warning: function `install_gallery_zoom_scroll` is never used
   --> src/window/navigation.rs:588:4
    |
588 | fn install_gallery_zoom_scroll(scrolled: &gtk::ScrolledWindow, gallery: Rc<grid::Gallery>) {
    |    ^^^^^^^^^^^^^^^^^^^^^^^^^^^

warning: field `mounted` is never read
  --> src/window/availability.rs:24:5
   |
23 | struct ReconnectedSources {
   |        ------------------ field in this struct
24 |     mounted: std::collections::HashSet<String>,
   |     ^^^^^^^

warning: method `update` is never used
  --> src/window/availability.rs:29:8
   |
28 | impl ReconnectedSources {
   | ----------------------- method in this implementation
29 |     fn update(&mut self, mounted: std::collections::HashSet<String>) {
   |        ^^^^^^

warning: variant `Scoped` is never constructed
   --> src/window/library.rs:130:5
    |
129 | enum GridPayload {
    |      ----------- variant in this enum
130 |     Scoped(Vec<db::Photo>),
    |     ^^^^^^

warning: method `active_window_controls` is never used
   --> src/window/theme.rs:128:19
    |
 55 | impl ThemeEngine {
    | ---------------- method in this implementation
...
128 |     pub(crate) fn active_window_controls(&self) -> WindowControls {
    |                   ^^^^^^^^^^^^^^^^^^^^^^

warning: hiding a lifetime that's elided elsewhere is confusing
   --> src/smb_transport.rs:726:18
    |
726 |     fn lock_lane(&self, lane: SmbLane) -> FlightGuard {
    |                  ^^^^^                    ^^^^^^^^^^^ the same lifetime is hidden here
    |                  |
    |                  the lifetime is elided here
    |
    = help: the same lifetime is referred to in inconsistent ways, making the signature confusing
    = note: `#[warn(mismatched_lifetime_syntaxes)]` on by default
help: use `'_` for type paths
    |
726 |     fn lock_lane(&self, lane: SmbLane) -> FlightGuard<'_> {
    |                                                      ++++

warning: `pic-rs` (bin "pic-rs") generated 136 warnings (run `cargo fix --bin "pic-rs" -p pic-rs` to apply 19 suggestions)
    Finished `dev` profile [optimized + debuginfo] target(s) in 0.12s
     Running `target/debug/pic-rs`
NETWORK t=     0.0ms dt=    0.0ms tid=ThreadId(2) discovery_started
NETWORK t=     0.1ms dt=    0.1ms tid=ThreadId(3) discovery_attempt attempt=1
NETWORK t=     2.3ms dt=    2.2ms tid=ThreadId(3) discovery_result attempt=1 uri=smb://DietPi.local:445/
NETWORK t=     2.4ms dt=    0.0ms tid=ThreadId(3) discovery_result attempt=1 uri=nfs://DietPi.local/mnt
NETWORK t=     2.4ms dt=    0.0ms tid=ThreadId(3) discovery_pass_done attempt=1 found=2 total=2 errored=false
NETWORK t=     2.4ms dt=    0.0ms tid=ThreadId(3) discovery_complete count=2
NETWORK t=     2.4ms dt=    0.0ms tid=ThreadId(2) discovery_prefetch_done
NETWORK t=    33.8ms dt=   31.3ms tid=main startup_phase recent_view_loaded ms=0.4
STARTUP cold_start_ms=34 photos=770 displayed=50 folders=63 albums=1 scan=disabled rss_mb=60
NETWORK t=    35.6ms dt=    1.8ms tid=main gallery_replace_start op=0 count=0 cache_scoped=true progressive=true
NETWORK t=    35.6ms dt=    0.0ms tid=main gallery_replace_unchanged skip_rebuild
NETWORK t=   225.0ms dt=  189.4ms tid=main shares_refresh_start
NETWORK t=   225.2ms dt=    0.2ms tid=main shares_refresh_done count=3
NETWORK t=   236.1ms dt=   10.9ms tid=main startup_phase layout_built ms=19.5
NETWORK t=   237.1ms dt=    1.1ms tid=main startup_phase gallery_and_actions_built ms=20.6
NETWORK t=   240.8ms dt=    3.7ms tid=main recovery_scheduled photos=770
NETWORK t=   241.6ms dt=    0.8ms tid=main startup_nfs_probe uri=nfs://DietPi.local/mnt/4TBP/mypics-2026 delay_ms=2500
NETWORK t=   241.6ms dt=    0.0ms tid=main startup_nfs_probe uri=nfs://DietPi.local/mnt/4TBP/Work/Hyman delay_ms=3100
NETWORK t=   241.7ms dt=    0.0ms tid=main startup_smb_probe uri=smb://DietPi.local:445/4TBP/Work/Denver delay_ms=3700
NETWORK t=   241.7ms dt=    0.0ms tid=main startup_phase build_done_pre_present ms=25.1
NETWORK t=   244.5ms dt=    2.8ms tid=ThreadId(6) recovery_start total=0 offline=0
NETWORK t=   244.5ms dt=    0.0ms tid=ThreadId(6) recovery_done created=0 failed=0 offline=0 cancelled=false
WARNING: radv is not a conformant Vulkan implementation, testing use only.
NETWORK t=   309.9ms dt=   65.4ms tid=main ui_stall ms=310.0
NETWORK t=   310.2ms dt=    0.3ms tid=main shares_counts_ready count=3
NETWORK t=   334.6ms dt=   24.4ms tid=main startup_phase first_idle_batch ms=118.0
NETWORK t=   334.6ms dt=    0.0ms tid=main gallery_replace_start op=0 count=50 cache_scoped=true progressive=true
===== SCAN COMPLETE: imported=0 failed=0 | progressive gallery updates complete =====
NETWORK t=  2415.0ms dt= 2080.4ms tid=main share_row_press folder=47 op=1 op=1
NETWORK t=  2526.6ms dt=  111.6ms tid=main filter_selected Folder(47) op=1 op=1
NETWORK t=  2526.6ms dt=    0.0ms tid=main filter_selected_begin op=1
NETWORK t=  2526.6ms dt=    0.0ms tid=main apply_filter_start filter=Folder(47) exact=false op=1
NETWORK t=  2527.1ms dt=    0.4ms tid=main apply_filter_done network_share_scoped op=1
NETWORK t=  2527.1ms dt=    0.0ms tid=main filter_selected_end op=1
NETWORK t=  2527.1ms dt=    0.0ms tid=ThreadId(15) grid_query_start op=1 filter=Folder(47) folder_stream=true
NETWORK t=  2530.8ms dt=    3.7ms tid=ThreadId(15) grid_share_matched op=1 root=nfs://DietPi.local/mnt/4TBP/mypics-2026 descendants=276 matched=276
NETWORK t=  2531.8ms dt=    1.0ms tid=ThreadId(15) grid_share_scoped op=1 count=276
NETWORK t=  2552.1ms dt=   20.3ms tid=main grid_share_replace op=1 count=276 op=1
NETWORK t=  2552.1ms dt=    0.0ms tid=main gallery_replace_start op=1 count=276 cache_scoped=false progressive=false op=1
NETWORK t=  2587.4ms dt=   35.3ms tid=main grid_share_ready op=1 op=1
NETWORK t=  2751.2ms dt=  163.8ms tid=ThreadId(16) nfs_helper_stat_ok uri=nfs://DietPi.local/mnt/4TBP/mypics-2026 size=4096
NETWORK t=  2791.8ms dt=   40.6ms tid=main startup_nfs_probe_done uri=nfs://DietPi.local/mnt/4TBP/mypics-2026 ok=true
NETWORK t=  3045.3ms dt=  253.4ms tid=ThreadId(18) nfs_helper_stat_ok uri=nfs://DietPi.local/mnt/4TBP/mypics-2026 size=4096
NETWORK t=  3046.3ms dt=    1.1ms tid=ThreadId(18) nfs_helper_stat_ok uri=nfs://DietPi.local/mnt/4TBP/Work/Hyman size=4096
NETWORK t=  3046.3ms dt=    0.0ms tid=ThreadId(18) smb_stat_start url=smb://DietPi.local/4TBP/Work/Denver lane=background
NETWORK t=  3049.1ms dt=    2.8ms tid=pic-smb-transport smb_client_new_start
NETWORK t=  3049.9ms dt=    0.8ms tid=pic-smb-transport smb_client_context_created
NETWORK t=  3050.0ms dt=    0.0ms tid=pic-smb-transport smb_client_init_start
NETWORK t=  3050.0ms dt=    0.0ms tid=pic-smb-transport smb_client_init_done
NETWORK t=  3079.0ms dt=   29.0ms tid=pic-smb-transport smb_transport stat ms=29.0
NETWORK t=  3079.4ms dt=    0.4ms tid=pic-smb-transport smb_client_context_freed
NETWORK t=  3092.9ms dt=   13.5ms tid=main shares_refresh_start
NETWORK t=  3093.4ms dt=    0.6ms tid=main shares_refresh_done count=3
NETWORK t=  3101.2ms dt=    7.8ms tid=main filter_selected Folder(47) op=2 op=2
NETWORK t=  3101.2ms dt=    0.0ms tid=main filter_selected_begin op=2
NETWORK t=  3101.3ms dt=    0.0ms tid=main apply_filter_start filter=Folder(47) exact=false op=2
NETWORK t=  3101.3ms dt=    0.0ms tid=main apply_filter_unchanged suppress_rebuild=true op=2
NETWORK t=  3101.3ms dt=    0.0ms tid=main apply_filter_done op=2
NETWORK t=  3101.3ms dt=    0.0ms tid=main filter_selected_end op=2
NETWORK t=  3143.5ms dt=   42.2ms tid=main shares_counts_ready count=3 op=2
NETWORK t=  3342.9ms dt=  199.4ms tid=ThreadId(23) nfs_helper_stat_ok uri=nfs://DietPi.local/mnt/4TBP/Work/Hyman size=4096
NETWORK t=  3391.8ms dt=   48.9ms tid=main startup_nfs_probe_done uri=nfs://DietPi.local/mnt/4TBP/Work/Hyman ok=true op=2
NETWORK t=  3503.4ms dt=  111.6ms tid=main tile_activated photo_id=667 index=8 op=2
NETWORK t=  3503.4ms dt=    0.0ms tid=main lightbox_open index=8 op=2
NETWORK t=  3515.1ms dt=   11.8ms tid=main decode_start uri=nfs://DietPi.local/mnt/4TBP/mypics-2026/Tat%20Matric%20Farewell/DCIM/104NCZ_5/DSC_5820.NEF op=2
NETWORK t=  3515.2ms dt=    0.1ms tid=lightbox-decode materialize_start uri=nfs://DietPi.local/mnt/4TBP/mypics-2026/Tat%20Matric%20Farewell/DCIM/104NCZ_5/DSC_5820.NEF
NETWORK t=  3515.3ms dt=    0.0ms tid=lightbox-decode materialize_done uri=nfs://DietPi.local/mnt/4TBP/mypics-2026/Tat%20Matric%20Farewell/DCIM/104NCZ_5/DSC_5820.NEF path=/home/peet/.cache/picasa-rs/source/7/14d71a7a506366236e9c498a200dbae25003e59e1284d9cfc3e7b5d0b06fe515.NEF ms=0.0
NETWORK t=  3540.4ms dt=   25.2ms tid=lightbox-decode materialize_start uri=nfs://DietPi.local/mnt/4TBP/mypics-2026/Tat%20Matric%20Farewell/DCIM/104NCZ_5/DSC_5820.NEF
NETWORK t=  3540.5ms dt=    0.1ms tid=lightbox-decode materialize_done uri=nfs://DietPi.local/mnt/4TBP/mypics-2026/Tat%20Matric%20Farewell/DCIM/104NCZ_5/DSC_5820.NEF path=/home/peet/.cache/picasa-rs/source/7/14d71a7a506366236e9c498a200dbae25003e59e1284d9cfc3e7b5d0b06fe515.NEF ms=0.0
NETWORK t=  3606.6ms dt=   66.1ms tid=main decode_done uri=nfs://DietPi.local/mnt/4TBP/mypics-2026/Tat%20Matric%20Farewell/DCIM/104NCZ_5/DSC_5820.NEF w=530 h=794 ms=91.4 op=2
NETWORK t=  3754.9ms dt=  148.3ms tid=lightbox-prefetch materialize_start uri=nfs://DietPi.local/mnt/4TBP/mypics-2026/Tat%20Matric%20Farewell/DCIM/104NCZ_5/DSC_5856.NEF
NETWORK t=  3755.0ms dt=    0.1ms tid=lightbox-prefetch materialize_done uri=nfs://DietPi.local/mnt/4TBP/mypics-2026/Tat%20Matric%20Farewell/DCIM/104NCZ_5/DSC_5856.NEF path=/home/peet/.cache/picasa-rs/source/9/68cd71ab300a8bd65b2fb064e8e071c32e258ea7efdc492d4c5f57b3246ce4c9.NEF ms=0.0
NETWORK t=  3783.4ms dt=   28.4ms tid=lightbox-prefetch materialize_start uri=nfs://DietPi.local/mnt/4TBP/mypics-2026/Tat%20Matric%20Farewell/DCIM/104NCZ_5/DSC_5856.NEF
NETWORK t=  3783.4ms dt=    0.0ms tid=lightbox-prefetch materialize_done uri=nfs://DietPi.local/mnt/4TBP/mypics-2026/Tat%20Matric%20Farewell/DCIM/104NCZ_5/DSC_5856.NEF path=/home/peet/.cache/picasa-rs/source/9/68cd71ab300a8bd65b2fb064e8e071c32e258ea7efdc492d4c5f57b3246ce4c9.NEF ms=0.0
NETWORK t=  3941.8ms dt=  158.4ms tid=ThreadId(39) smb_stat_start url=smb://DietPi.local/4TBP/Work/Denver lane=background
NETWORK t=  3944.3ms dt=    2.5ms tid=pic-smb-transport smb_client_new_start
NETWORK t=  3945.1ms dt=    0.7ms tid=pic-smb-transport smb_client_context_created
NETWORK t=  3945.1ms dt=    0.0ms tid=pic-smb-transport smb_client_init_start
NETWORK t=  3945.1ms dt=    0.0ms tid=pic-smb-transport smb_client_init_done
NETWORK t=  3963.3ms dt=   18.2ms tid=pic-smb-transport smb_transport stat ms=18.1
NETWORK t=  3963.7ms dt=    0.5ms tid=pic-smb-transport smb_client_context_freed
NETWORK t=  3991.8ms dt=   28.1ms tid=main startup_smb_probe_done uri=smb://DietPi.local:445/4TBP/Work/Denver ok=true reason=ok op=2
NETWORK t=  4879.0ms dt=  887.2ms tid=main share_row_press folder=18 op=3 op=3
NETWORK t=  4994.6ms dt=  115.6ms tid=main filter_selected Folder(18) op=3 op=3
NETWORK t=  4994.6ms dt=    0.0ms tid=main filter_selected_begin op=3
NETWORK t=  4994.6ms dt=    0.0ms tid=main apply_filter_start filter=Folder(18) exact=false op=3
NETWORK t=  4995.9ms dt=    1.3ms tid=main apply_filter_done network_share_scoped op=3
NETWORK t=  4995.9ms dt=    0.0ms tid=main filter_selected_end op=3
NETWORK t=  4995.9ms dt=    0.0ms tid=ThreadId(41) grid_query_start op=3 filter=Folder(18) folder_stream=true
NETWORK t=  4999.1ms dt=    3.2ms tid=ThreadId(41) grid_share_matched op=3 root=nfs://DietPi.local/mnt/4TBP/Work/Hyman descendants=89 matched=89
NETWORK t=  5000.0ms dt=    0.9ms tid=ThreadId(41) grid_share_scoped op=3 count=89
NETWORK t=  5021.0ms dt=   20.9ms tid=main grid_share_replace op=3 count=89 op=3
NETWORK t=  5021.0ms dt=    0.0ms tid=main gallery_replace_start op=3 count=89 cache_scoped=false progressive=false op=3
NETWORK t=  5058.8ms dt=   37.8ms tid=main grid_share_ready op=3 op=3
NETWORK t=  5955.4ms dt=  896.6ms tid=main tile_activated photo_id=476 index=8
NETWORK t=  5955.4ms dt=    0.0ms tid=main lightbox_open index=8
NETWORK t=  5968.6ms dt=   13.2ms tid=main decode_start uri=nfs://DietPi.local/mnt/4TBP/Work/Hyman/BCards%202015/BCard-2015-3.jpg
NETWORK t=  5968.7ms dt=    0.1ms tid=lightbox-decode materialize_start uri=nfs://DietPi.local/mnt/4TBP/Work/Hyman/BCards%202015/BCard-2015-3.jpg
NETWORK t=  5968.8ms dt=    0.0ms tid=lightbox-decode materialize_done uri=nfs://DietPi.local/mnt/4TBP/Work/Hyman/BCards%202015/BCard-2015-3.jpg path=/home/peet/.cache/picasa-rs/source/b/e07bdcf72ac8a12a538bb944e0b3e7d98adf69c876d37560c1155cb3e017d4ad.jpg ms=0.0
NETWORK t=  5968.8ms dt=    0.0ms tid=lightbox-decode materialize_start uri=nfs://DietPi.local/mnt/4TBP/Work/Hyman/BCards%202015/BCard-2015-3.jpg
NETWORK t=  5968.8ms dt=    0.0ms tid=lightbox-decode materialize_done uri=nfs://DietPi.local/mnt/4TBP/Work/Hyman/BCards%202015/BCard-2015-3.jpg path=/home/peet/.cache/picasa-rs/source/b/e07bdcf72ac8a12a538bb944e0b3e7d98adf69c876d37560c1155cb3e017d4ad.jpg ms=0.0
NETWORK t=  5979.3ms dt=   10.5ms tid=main decode_done uri=nfs://DietPi.local/mnt/4TBP/Work/Hyman/BCards%202015/BCard-2015-3.jpg w=1124 h=674 ms=10.7
NETWORK t=  6206.5ms dt=  227.1ms tid=lightbox-prefetch materialize_start uri=nfs://DietPi.local/mnt/4TBP/Work/Hyman/Darlington/watermark.png
NETWORK t=  6206.5ms dt=    0.0ms tid=lightbox-prefetch materialize_done uri=nfs://DietPi.local/mnt/4TBP/Work/Hyman/Darlington/watermark.png path=/home/peet/.cache/picasa-rs/source/r/47af5f49c7f9a7192232e213ae8d3d350e2cc4017218b37d2902be9ec122d7dd.png ms=0.0
NETWORK t=  6206.6ms dt=    0.1ms tid=lightbox-prefetch materialize_start uri=nfs://DietPi.local/mnt/4TBP/Work/Hyman/Darlington/watermark.png
NETWORK t=  6206.6ms dt=    0.0ms tid=lightbox-prefetch materialize_done uri=nfs://DietPi.local/mnt/4TBP/Work/Hyman/Darlington/watermark.png path=/home/peet/.cache/picasa-rs/source/r/47af5f49c7f9a7192232e213ae8d3d350e2cc4017218b37d2902be9ec122d7dd.png ms=0.0
NETWORK t=  6643.0ms dt=  436.4ms tid=main share_row_press folder=11 op=4 op=4
NETWORK t=  6739.4ms dt=   96.4ms tid=main filter_selected Folder(11) op=4 op=4
NETWORK t=  6739.5ms dt=    0.0ms tid=main filter_selected_begin op=4
NETWORK t=  6739.5ms dt=    0.0ms tid=main apply_filter_start filter=Folder(11) exact=false op=4
NETWORK t=  6740.2ms dt=    0.7ms tid=main apply_filter_done network_share_scoped op=4
NETWORK t=  6740.2ms dt=    0.0ms tid=main filter_selected_end op=4
NETWORK t=  6740.2ms dt=    0.0ms tid=ThreadId(44) grid_query_start op=4 filter=Folder(11) folder_stream=true
NETWORK t=  6743.5ms dt=    3.3ms tid=ThreadId(44) grid_share_matched op=4 root=smb://DietPi.local:445/4TBP/Work/Denver descendants=0 matched=33
NETWORK t=  6744.4ms dt=    0.9ms tid=ThreadId(44) grid_share_scoped op=4 count=33
NETWORK t=  6765.2ms dt=   20.8ms tid=main grid_share_replace op=4 count=33 op=4
NETWORK t=  6765.3ms dt=    0.0ms tid=main gallery_replace_start op=4 count=33 cache_scoped=false progressive=false op=4
NETWORK t=  6780.2ms dt=   14.9ms tid=main grid_share_ready op=4 op=4
NETWORK t=  7587.3ms dt=  807.1ms tid=main tile_activated photo_id=159 index=13
NETWORK t=  7587.3ms dt=    0.0ms tid=main lightbox_open index=13
NETWORK t=  7600.5ms dt=   13.1ms tid=main decode_start uri=smb://dietpi.local/4tbp/Work/Denver/R01A0345.png
NETWORK t=  7600.6ms dt=    0.1ms tid=lightbox-decode materialize_start uri=smb://dietpi.local/4tbp/Work/Denver/R01A0345.png
NETWORK t=  7600.6ms dt=    0.0ms tid=lightbox-decode materialize_done uri=smb://dietpi.local/4tbp/Work/Denver/R01A0345.png path=/home/peet/.cache/picasa-rs/source/l/4fd19b75548f0f1a2269c6459a00a2f12b5106d4cd1ed7c2c001883090c9b408.png ms=0.0
NETWORK t=  7601.0ms dt=    0.3ms tid=lightbox-decode materialize_start uri=smb://dietpi.local/4tbp/Work/Denver/R01A0345.png
NETWORK t=  7601.0ms dt=    0.0ms tid=lightbox-decode materialize_done uri=smb://dietpi.local/4tbp/Work/Denver/R01A0345.png path=/home/peet/.cache/picasa-rs/source/l/4fd19b75548f0f1a2269c6459a00a2f12b5106d4cd1ed7c2c001883090c9b408.png ms=0.0
NETWORK t=  7628.0ms dt=   27.0ms tid=main decode_done uri=smb://dietpi.local/4tbp/Work/Denver/R01A0345.png w=1124 h=749 ms=27.5
NETWORK t=  7838.5ms dt=  210.5ms tid=lightbox-prefetch materialize_start uri=smb://dietpi.local/4tbp/Work/Denver/Pink-Piggy-Bank-Wallpapers.jpg
NETWORK t=  7838.6ms dt=    0.1ms tid=lightbox-prefetch materialize_done uri=smb://dietpi.local/4tbp/Work/Denver/Pink-Piggy-Bank-Wallpapers.jpg path=/home/peet/.cache/picasa-rs/source/8/35c0d9e5266da5cfb5a69d2e813a3ae91e379ac46cf894be3aa6bbfeb6b87295.jpg ms=0.0
NETWORK t=  7838.9ms dt=    0.2ms tid=lightbox-prefetch materialize_start uri=smb://dietpi.local/4tbp/Work/Denver/Pink-Piggy-Bank-Wallpapers.jpg
NETWORK t=  7838.9ms dt=    0.0ms tid=lightbox-prefetch materialize_done uri=smb://dietpi.local/4tbp/Work/Denver/Pink-Piggy-Bank-Wallpapers.jpg path=/home/peet/.cache/picasa-rs/source/8/35c0d9e5266da5cfb5a69d2e813a3ae91e379ac46cf894be3aa6bbfeb6b87295.jpg ms=0.0
NETWORK t=  7991.6ms dt=  152.7ms tid=main decode_start uri=smb://dietpi.local/4tbp/Work/Denver/School%20of%20Worship%20Back-01.jpg
NETWORK t=  7991.7ms dt=    0.1ms tid=lightbox-decode materialize_start uri=smb://dietpi.local/4tbp/Work/Denver/School%20of%20Worship%20Back-01.jpg
NETWORK t=  7991.7ms dt=    0.0ms tid=lightbox-decode materialize_done uri=smb://dietpi.local/4tbp/Work/Denver/School%20of%20Worship%20Back-01.jpg path=/home/peet/.cache/picasa-rs/source/n/645bc7c69f6e443af7e9a6cd59ceb535435e69afb9cec1f8a0eb93275ecc4f85.jpg ms=0.0
NETWORK t=  7992.8ms dt=    1.0ms tid=lightbox-decode materialize_start uri=smb://dietpi.local/4tbp/Work/Denver/School%20of%20Worship%20Back-01.jpg
NETWORK t=  7992.8ms dt=    0.0ms tid=lightbox-decode materialize_done uri=smb://dietpi.local/4tbp/Work/Denver/School%20of%20Worship%20Back-01.jpg path=/home/peet/.cache/picasa-rs/source/n/645bc7c69f6e443af7e9a6cd59ceb535435e69afb9cec1f8a0eb93275ecc4f85.jpg ms=0.0
NETWORK t=  8024.9ms dt=   32.1ms tid=main decode_done uri=smb://dietpi.local/4tbp/Work/Denver/School%20of%20Worship%20Back-01.jpg w=561 h=794 ms=33.3
NETWORK t=  8046.1ms dt=   21.2ms tid=ThreadId(48) nfs_helper_stat_ok uri=nfs://DietPi.local/mnt/4TBP/mypics-2026 size=4096
NETWORK t=  8047.0ms dt=    0.9ms tid=ThreadId(48) nfs_helper_stat_ok uri=nfs://DietPi.local/mnt/4TBP/Work/Hyman size=4096
NETWORK t=  8047.0ms dt=    0.0ms tid=ThreadId(48) smb_stat_start url=smb://DietPi.local/4TBP/Work/Denver lane=background
NETWORK t=  8049.4ms dt=    2.4ms tid=pic-smb-transport smb_client_new_start
NETWORK t=  8050.0ms dt=    0.6ms tid=pic-smb-transport smb_client_context_created
NETWORK t=  8050.1ms dt=    0.0ms tid=pic-smb-transport smb_client_init_start
NETWORK t=  8050.1ms dt=    0.0ms tid=pic-smb-transport smb_client_init_done
NETWORK t=  8073.2ms dt=   23.1ms tid=pic-smb-transport smb_transport stat ms=23.1
NETWORK t=  8074.0ms dt=    0.8ms tid=pic-smb-transport smb_client_context_freed
NETWORK t=  8092.7ms dt=   18.8ms tid=main shares_refresh_start
NETWORK t=  8093.1ms dt=    0.4ms tid=main shares_refresh_done count=3
NETWORK t=  8143.3ms dt=   50.1ms tid=main shares_counts_ready count=3
NETWORK t=  8241.8ms dt=   98.5ms tid=lightbox-prefetch materialize_start uri=smb://dietpi.local/4tbp/Work/Denver/Fathers-Day.jpg
NETWORK t=  8241.8ms dt=    0.0ms tid=lightbox-prefetch materialize_done uri=smb://dietpi.local/4tbp/Work/Denver/Fathers-Day.jpg path=/home/peet/.cache/picasa-rs/source/y/e5ea4fce86c7c23be2ea168c7be9ef38284835185fefb03107dbcabdcc30cf73.jpg ms=0.0
NETWORK t=  8241.9ms dt=    0.1ms tid=lightbox-prefetch materialize_start uri=smb://dietpi.local/4tbp/Work/Denver/Fathers-Day.jpg
NETWORK t=  8241.9ms dt=    0.0ms tid=lightbox-prefetch materialize_done uri=smb://dietpi.local/4tbp/Work/Denver/Fathers-Day.jpg path=/home/peet/.cache/picasa-rs/source/y/e5ea4fce86c7c23be2ea168c7be9ef38284835185fefb03107dbcabdcc30cf73.jpg ms=0.0
NETWORK t= 10198.6ms dt= 1956.7ms tid=main filter_selected RecentlyAdded op=5 op=5
NETWORK t= 10198.7ms dt=    0.0ms tid=main filter_selected_begin op=5
NETWORK t= 10198.7ms dt=    0.0ms tid=main apply_filter_start filter=RecentlyAdded exact=false op=5
NETWORK t= 10199.6ms dt=    1.0ms tid=main apply_filter_done refresh_grid op=5
NETWORK t= 10199.7ms dt=    0.0ms tid=main filter_selected_end op=5
NETWORK t= 10199.7ms dt=    0.0ms tid=ThreadId(54) grid_query_start op=5 filter=RecentlyAdded folder_stream=false
NETWORK t= 10202.5ms dt=    2.9ms tid=ThreadId(54) grid_stream op=5 count=50
NETWORK t= 10224.7ms dt=   22.2ms tid=main gallery_replace op=5 count=50 op=5
NETWORK t= 10224.7ms dt=    0.0ms tid=main gallery_replace_start op=5 count=50 cache_scoped=true progressive=true op=5
NETWORK t= 11451.8ms dt= 1227.0ms tid=main photo_context_source photo=725 path=nfs://DietPi.local/mnt/4TBP/mypics-2026/Tat%20Matric%20Farewell/DCIM/104NCZ_5/DSC_5866.NEF folder_id=58 folder_path=Some("nfs://DietPi.local/mnt/4TBP/mypics-2026/Tat%20Matric%20Farewell/DCIM/104NCZ_5/") network=true share_id=None op=5
