STARTUP cold_start_ms=9 photos=3039 displayed=10 folders=24 albums=2 scan=disabled rss_mb=62
WARNING: radv is not a conformant Vulkan implementation, testing use only.
===== SCAN COMPLETE: imported=0 failed=0 | progressive gallery updates complete =====
PIC_NETWORK PRIVATE_NFS export_discovery host=DietPi.local count=5 paths=["/exports/Work", "/mnt/4TBM", "/mnt/4TBP", "/mnt/4TBS", "/mnt/dietpi_userdata"]
PIC_NETWORK PRIVATE_NFS read_start uri=nfs://DietPi.local/mnt/4TBS/pics-sport/local%20choice/FB-Timestamp-JPG%20Upates/DSC_1353_result.jpg max_bytes=134217728
PIC_NFS_CONNECT start host=DietPi.local export=/mnt/4TBS version=3
PIC_NFS_CONNECT ok host=DietPi.local export=/mnt/4TBS version=3
PIC_NETWORK PRIVATE_NFS read_done bytes=957698 elapsed_ms=42 uri=nfs://DietPi.local/mnt/4TBS/pics-sport/local%20choice/FB-Timestamp-JPG%20Upates/DSC_1353_result.jpg
PIC_NETWORK PRIVATE_NFS read_start uri=nfs://DietPi.local/mnt/4TBS/pics-sport/local%20choice/FB-Timestamp-JPG%20Upates/DSC_1354_result.jpg max_bytes=134217728
PIC_NFS_CONNECT start host=DietPi.local export=/mnt/4TBS version=3
PIC_NFS_CONNECT ok host=DietPi.local export=/mnt/4TBS version=3
PIC_NETWORK PRIVATE_NFS read_done bytes=610017 elapsed_ms=25 uri=nfs://DietPi.local/mnt/4TBS/pics-sport/local%20choice/FB-Timestamp-JPG%20Upates/DSC_1354_result.jpg
PIC_NETWORK PRIVATE_NFS read_start uri=nfs://DietPi.local/mnt/4TBS/pics-sport/local%20choice/FB-Timestamp-JPG%20Upates/DSC_1356_result.jpg max_bytes=134217728
PIC_NFS_CONNECT start host=DietPi.local export=/mnt/4TBS version=3
PIC_NFS_CONNECT ok host=DietPi.local export=/mnt/4TBS version=3
PIC_NETWORK PRIVATE_NFS read_done bytes=579492 elapsed_ms=22 uri=nfs://DietPi.local/mnt/4TBS/pics-sport/local%20choice/FB-Timestamp-JPG%20Upates/DSC_1356_result.jpg
PIC_NETWORK PRIVATE_NFS read_start uri=nfs://DietPi.local/mnt/4TBS/pics-sport/local%20choice/FB-Timestamp-JPG%20Upates/DSC_1359_result.jpg max_bytes=134217728
PIC_NFS_CONNECT start host=DietPi.local export=/mnt/4TBS version=3
PIC_NFS_CONNECT ok host=DietPi.local export=/mnt/4TBS version=3
PIC_NETWORK PRIVATE_NFS read_done bytes=484413 elapsed_ms=21 uri=nfs://DietPi.local/mnt/4TBS/pics-sport/local%20choice/FB-Timestamp-JPG%20Upates/DSC_1359_result.jpg
PIC_NETWORK PRIVATE_NFS read_start uri=nfs://DietPi.local/mnt/4TBS/pics-sport/local%20choice/FB-Timestamp-JPG%20Upates/DSC_1360_result.jpg max_bytes=134217728
PIC_NFS_CONNECT start host=DietPi.local export=/mnt/4TBS version=3
PIC_NFS_CONNECT ok host=DietPi.local export=/mnt/4TBS version=3
PIC_NETWORK PRIVATE_NFS read_done bytes=630192 elapsed_ms=24 uri=nfs://DietPi.local/mnt/4TBS/pics-sport/local%20choice/FB-Timestamp-JPG%20Upates/DSC_1360_result.jpg
PIC_NETWORK PRIVATE_NFS read_start uri=nfs://DietPi.local/mnt/4TBS/pics-sport/local%20choice/FB-Timestamp-JPG%20Upates/DSC_1361_result.jpg max_bytes=134217728
PIC_NFS_CONNECT start host=DietPi.local export=/mnt/4TBS version=3
PIC_NFS_CONNECT ok host=DietPi.local export=/mnt/4TBS version=3
PIC_NETWORK PRIVATE_NFS read_done bytes=1024203 elapsed_ms=28 uri=nfs://DietPi.local/mnt/4TBS/pics-sport/local%20choice/FB-Timestamp-JPG%20Upates/DSC_1361_result.jpg
PIC_NETWORK PRIVATE_NFS read_start uri=nfs://DietPi.local/mnt/4TBS/pics-sport/local%20choice/FB-Timestamp-JPG%20Upates/DSC_1362_result.jpg max_bytes=134217728
PIC_NFS_CONNECT start host=DietPi.local export=/mnt/4TBS version=3
PIC_NFS_CONNECT ok host=DietPi.local export=/mnt/4TBS version=3
PIC_NETWORK PRIVATE_NFS read_done bytes=1082082 elapsed_ms=29 uri=nfs://DietPi.local/mnt/4TBS/pics-sport/local%20choice/FB-Timestamp-JPG%20Upates/DSC_1362_result.jpg
PIC_NETWORK PRIVATE_NFS read_start uri=nfs://DietPi.local/mnt/4TBS/pics-sport/local%20choice/FB-Timestamp-JPG%20Upates/DSC_1363_result.jpg max_bytes=134217728
PIC_NFS_CONNECT start host=DietPi.local export=/mnt/4TBS version=3
PIC_NFS_CONNECT ok host=DietPi.local export=/mnt/4TBS version=3
PIC_NETWORK PRIVATE_NFS read_done bytes=1156998 elapsed_ms=31 uri=nfs://DietPi.local/mnt/4TBS/pics-sport/local%20choice/FB-Timestamp-JPG%20Upates/DSC_1363_result.jpg
PIC_NETWORK PRIVATE_NFS read_start uri=nfs://DietPi.local/mnt/4TBS/pics-sport/local%20choice/FB-Timestamp-JPG%20Upates/DSC_1366_result.jpg max_bytes=134217728
PIC_NFS_CONNECT start host=DietPi.local export=/mnt/4TBS version=3
PIC_NFS_CONNECT ok host=DietPi.local export=/mnt/4TBS version=3
PIC_NETWORK PRIVATE_NFS read_done bytes=1122766 elapsed_ms=31 uri=nfs://DietPi.local/mnt/4TBS/pics-sport/local%20choice/FB-Timestamp-JPG%20Upates/DSC_1366_result.jpg
PIC_NETWORK PRIVATE_NFS read_start uri=nfs://DietPi.local/mnt/4TBS/pics-sport/local%20choice/FB-Timestamp-JPG%20Upates/DSC_1367_result.jpg max_bytes=134217728
PIC_NFS_CONNECT start host=DietPi.local export=/mnt/4TBS version=3
PIC_NFS_CONNECT ok host=DietPi.local export=/mnt/4TBS version=3
PIC_NETWORK PRIVATE_NFS read_done bytes=1178349 elapsed_ms=28 uri=nfs://DietPi.local/mnt/4TBS/pics-sport/local%20choice/FB-Timestamp-JPG%20Upates/DSC_1367_result.jpg
PIC_NETWORK PRIVATE_NFS read_start uri=nfs://DietPi.local/mnt/4TBS/pics-sport/local%20choice/FB-Timestamp-JPG%20Upates/DSC_1368_result.jpg max_bytes=134217728
PIC_NETWORK PRIVATE_NFS read_start uri=nfs://DietPi.local/mnt/4TBS/pics-sport/local%20choice/FB-Timestamp-JPG%20Upates/DSC_1366_result.jpg max_bytes=134217728
PIC_NFS_CONNECT start host=DietPi.local export=/mnt/4TBS version=3
PIC_NFS_CONNECT start host=DietPi.local export=/mnt/4TBS version=3
PIC_NFS_CONNECT ok host=DietPi.local export=/mnt/4TBS version=3
PIC_NFS_CONNECT ok host=DietPi.local export=/mnt/4TBS version=3
PIC_NETWORK PRIVATE_NFS read_done bytes=1122766 elapsed_ms=40 uri=nfs://DietPi.local/mnt/4TBS/pics-sport/local%20choice/FB-Timestamp-JPG%20Upates/DSC_1366_result.jpg
PIC_NETWORK PRIVATE_NFS read_done bytes=1294301 elapsed_ms=41 uri=nfs://DietPi.local/mnt/4TBS/pics-sport/local%20choice/FB-Timestamp-JPG%20Upates/DSC_1368_result.jpg
PIC_NETWORK PRIVATE_NFS read_start uri=nfs://DietPi.local/mnt/4TBS/pics-sport/local%20choice/FB-Timestamp-JPG%20Upates/DSC_1370_result.jpg max_bytes=134217728
PIC_NFS_CONNECT start host=DietPi.local export=/mnt/4TBS version=3
PIC_NFS_CONNECT ok host=DietPi.local export=/mnt/4TBS version=3
PIC_NETWORK PRIVATE_NFS read_done bytes=1146372 elapsed_ms=30 uri=nfs://DietPi.local/mnt/4TBS/pics-sport/local%20choice/FB-Timestamp-JPG%20Upates/DSC_1370_result.jpg
PIC_NETWORK PRIVATE_NFS read_start uri=nfs://DietPi.local/mnt/4TBS/pics-sport/local%20choice/FB-Timestamp-JPG%20Upates/DSC_1371_result.jpg max_bytes=134217728
PIC_NFS_CONNECT start host=DietPi.local export=/mnt/4TBS version=3
PIC_NFS_CONNECT ok host=DietPi.local export=/mnt/4TBS version=3
PIC_NETWORK PRIVATE_NFS read_done bytes=1170902 elapsed_ms=29 uri=nfs://DietPi.local/mnt/4TBS/pics-sport/local%20choice/FB-Timestamp-JPG%20Upates/DSC_1371_result.jpg
PIC_NETWORK PRIVATE_NFS read_start uri=nfs://DietPi.local/mnt/4TBS/pics-sport/local%20choice/FB-Timestamp-JPG%20Upates/DSC_1372_result.jpg max_bytes=134217728
PIC_NFS_CONNECT start host=DietPi.local export=/mnt/4TBS version=3
PIC_NFS_CONNECT ok host=DietPi.local export=/mnt/4TBS version=3
PIC_NETWORK PRIVATE_NFS read_done bytes=1194860 elapsed_ms=26 uri=nfs://DietPi.local/mnt/4TBS/pics-sport/local%20choice/FB-Timestamp-JPG%20Upates/DSC_1372_result.jpg
PIC_NETWORK PRIVATE_NFS read_start uri=nfs://DietPi.local/mnt/4TBS/pics-sport/local%20choice/FB-Timestamp-JPG%20Upates/DSC_1373_result.jpg max_bytes=134217728
PIC_NFS_CONNECT start host=DietPi.local export=/mnt/4TBS version=3
PIC_NFS_CONNECT ok host=DietPi.local export=/mnt/4TBS version=3
PIC_NETWORK PRIVATE_NFS read_done bytes=897567 elapsed_ms=24 uri=nfs://DietPi.local/mnt/4TBS/pics-sport/local%20choice/FB-Timestamp-JPG%20Upates/DSC_1373_result.jpg
PIC_NETWORK PRIVATE_NFS read_start uri=nfs://DietPi.local/mnt/4TBS/pics-sport/local%20choice/FB-Timestamp-JPG%20Upates/DSC_1374_result.jpg max_bytes=134217728
PIC_NFS_CONNECT start host=DietPi.local export=/mnt/4TBS version=3
PIC_NFS_CONNECT ok host=DietPi.local export=/mnt/4TBS version=3
PIC_NETWORK PRIVATE_NFS read_done bytes=942196 elapsed_ms=25 uri=nfs://DietPi.local/mnt/4TBS/pics-sport/local%20choice/FB-Timestamp-JPG%20Upates/DSC_1374_result.jpg
PIC_NETWORK PRIVATE_NFS read_start uri=nfs://DietPi.local/mnt/4TBS/pics-sport/local%20choice/FB-Timestamp-JPG%20Upates/DSC_1374_result.jpg max_bytes=134217728
PIC_NFS_CONNECT start host=DietPi.local export=/mnt/4TBS version=3
PIC_NFS_CONNECT ok host=DietPi.local export=/mnt/4TBS version=3
PIC_NETWORK PRIVATE_NFS read_done bytes=942196 elapsed_ms=39 uri=nfs://DietPi.local/mnt/4TBS/pics-sport/local%20choice/FB-Timestamp-JPG%20Upates/DSC_1374_result.jpg
PIC_NETWORK PRIVATE_NFS read_start uri=nfs://DietPi.local/mnt/4TBS/Spar%20Ladies%202025/FB-Spar%20Womens-ToUpload/DSC_5683.jpg max_bytes=134217728
PIC_NFS_CONNECT start host=DietPi.local export=/mnt/4TBS version=3
PIC_NFS_CONNECT ok host=DietPi.local export=/mnt/4TBS version=3
PIC_NETWORK PRIVATE_NFS read_done bytes=1232261 elapsed_ms=29 uri=nfs://DietPi.local/mnt/4TBS/Spar%20Ladies%202025/FB-Spar%20Womens-ToUpload/DSC_5683.jpg
PIC_NETWORK PRIVATE_NFS read_start uri=nfs://DietPi.local/mnt/4TBS/Spar%20Ladies%202025/FB-Spar%20Womens-ToUpload/DSC_5699.jpg max_bytes=134217728
PIC_NFS_CONNECT start host=DietPi.local export=/mnt/4TBS version=3
PIC_NFS_CONNECT ok host=DietPi.local export=/mnt/4TBS version=3
PIC_NETWORK PRIVATE_NFS read_done bytes=1238343 elapsed_ms=29 uri=nfs://DietPi.local/mnt/4TBS/Spar%20Ladies%202025/FB-Spar%20Womens-ToUpload/DSC_5699.jpg
PIC_NETWORK PRIVATE_NFS read_start uri=nfs://DietPi.local/mnt/4TBS/Spar%20Ladies%202025/FB-Spar%20Womens-ToUpload/DSC_5708.jpg max_bytes=134217728
PIC_NFS_CONNECT start host=DietPi.local export=/mnt/4TBS version=3
PIC_NETWORK PRIVATE_NFS read_start uri=nfs://DietPi.local/mnt/4TBS/Spar%20Ladies%202025/FB-Spar%20Womens-ToUpload/DSC_5708.jpg max_bytes=134217728
PIC_NFS_CONNECT start host=DietPi.local export=/mnt/4TBS version=3
PIC_NFS_CONNECT ok host=DietPi.local export=/mnt/4TBS version=3
PIC_NFS_CONNECT ok host=DietPi.local export=/mnt/4TBS version=3
PIC_NETWORK PRIVATE_NFS read_done bytes=1080349 elapsed_ms=28 uri=nfs://DietPi.local/mnt/4TBS/Spar%20Ladies%202025/FB-Spar%20Womens-ToUpload/DSC_5708.jpg
PIC_NETWORK PRIVATE_NFS read_start uri=nfs://DietPi.local/mnt/4TBS/Spar%20Ladies%202025/FB-Spar%20Womens-ToUpload/DSC_5709.jpg max_bytes=134217728
PIC_NFS_CONNECT start host=DietPi.local export=/mnt/4TBS version=3
PIC_NETWORK PRIVATE_NFS read_done bytes=1080349 elapsed_ms=34 uri=nfs://DietPi.local/mnt/4TBS/Spar%20Ladies%202025/FB-Spar%20Womens-ToUpload/DSC_5708.jpg
PIC_NFS_CONNECT ok host=DietPi.local export=/mnt/4TBS version=3
PIC_NETWORK PRIVATE_NFS read_start uri=nfs://DietPi.local/mnt/4TBS/Spar%20Ladies%202025/FB-Spar%20Womens-ToUpload/DSC_5710.jpg max_bytes=134217728
PIC_NFS_CONNECT start host=DietPi.local export=/mnt/4TBS version=3
PIC_NETWORK PRIVATE_NFS read_done bytes=1107313 elapsed_ms=27 uri=nfs://DietPi.local/mnt/4TBS/Spar%20Ladies%202025/FB-Spar%20Womens-ToUpload/DSC_5709.jpg
PIC_NFS_CONNECT ok host=DietPi.local export=/mnt/4TBS version=3
PIC_NETWORK PRIVATE_NFS read_done bytes=1125515 elapsed_ms=31 uri=nfs://DietPi.local/mnt/4TBS/Spar%20Ladies%202025/FB-Spar%20Womens-ToUpload/DSC_5710.jpg
PIC_NETWORK PRIVATE_NFS read_start uri=nfs://DietPi.local/mnt/4TBS/Spar%20Ladies%202025/FB-Spar%20Womens-ToUpload/DSC_5711.jpg max_bytes=134217728
PIC_NFS_CONNECT start host=DietPi.local export=/mnt/4TBS version=3
PIC_NFS_CONNECT ok host=DietPi.local export=/mnt/4TBS version=3
PIC_NETWORK PRIVATE_NFS read_done bytes=1221727 elapsed_ms=29 uri=nfs://DietPi.local/mnt/4TBS/Spar%20Ladies%202025/FB-Spar%20Womens-ToUpload/DSC_5711.jpg
PIC_NETWORK PRIVATE_NFS read_start uri=nfs://DietPi.local/mnt/4TBS/Spar%20Ladies%202025/FB-Spar%20Womens-ToUpload/DSC_5712.jpg max_bytes=134217728
PIC_NETWORK PRIVATE_NFS read_start uri=nfs://DietPi.local/mnt/4TBS/Spar%20Ladies%202025/FB-Spar%20Womens-ToUpload/DSC_5710.jpg max_bytes=134217728
PIC_NFS_CONNECT start host=DietPi.local export=/mnt/4TBS version=3
PIC_NFS_CONNECT start host=DietPi.local export=/mnt/4TBS version=3
PIC_NFS_CONNECT ok host=DietPi.local export=/mnt/4TBS version=3
PIC_NFS_CONNECT ok host=DietPi.local export=/mnt/4TBS version=3
PIC_NETWORK PRIVATE_NFS read_done bytes=1125515 elapsed_ms=38 uri=nfs://DietPi.local/mnt/4TBS/Spar%20Ladies%202025/FB-Spar%20Womens-ToUpload/DSC_5710.jpg
PIC_NETWORK PRIVATE_NFS read_done bytes=1079717 elapsed_ms=38 uri=nfs://DietPi.local/mnt/4TBS/Spar%20Ladies%202025/FB-Spar%20Womens-ToUpload/DSC_5712.jpg
PIC_NETWORK PRIVATE_NFS read_start uri=nfs://DietPi.local/mnt/4TBS/Spar%20Ladies%202025/FB-Spar%20Womens-ToUpload/DSC_5713.jpg max_bytes=134217728
PIC_NFS_CONNECT start host=DietPi.local export=/mnt/4TBS version=3
PIC_NFS_CONNECT ok host=DietPi.local export=/mnt/4TBS version=3
PIC_NETWORK PRIVATE_NFS read_done bytes=929130 elapsed_ms=26 uri=nfs://DietPi.local/mnt/4TBS/Spar%20Ladies%202025/FB-Spar%20Womens-ToUpload/DSC_5713.jpg
PIC_NETWORK PRIVATE_NFS read_start uri=nfs://DietPi.local/mnt/4TBS/Spar%20Ladies%202025/FB-Spar%20Womens-ToUpload/DSC_5714.jpg max_bytes=134217728
PIC_NFS_CONNECT start host=DietPi.local export=/mnt/4TBS version=3
PIC_NFS_CONNECT ok host=DietPi.local export=/mnt/4TBS version=3
PIC_NETWORK PRIVATE_NFS read_done bytes=1091838 elapsed_ms=28 uri=nfs://DietPi.local/mnt/4TBS/Spar%20Ladies%202025/FB-Spar%20Womens-ToUpload/DSC_5714.jpg
PIC_NETWORK PRIVATE_NFS read_start uri=nfs://DietPi.local/mnt/4TBS/Spar%20Ladies%202025/FB-Spar%20Womens-ToUpload/DSC_5715.jpg max_bytes=134217728
PIC_NFS_CONNECT start host=DietPi.local export=/mnt/4TBS version=3
PIC_NFS_CONNECT ok host=DietPi.local export=/mnt/4TBS version=3
PIC_NETWORK PRIVATE_NFS read_done bytes=1154865 elapsed_ms=31 uri=nfs://DietPi.local/mnt/4TBS/Spar%20Ladies%202025/FB-Spar%20Womens-ToUpload/DSC_5715.jpg
PIC_NETWORK PRIVATE_NFS read_start uri=nfs://DietPi.local/mnt/4TBS/Spar%20Ladies%202025/FB-Spar%20Womens-ToUpload/DSC_5716.jpg max_bytes=134217728
PIC_NFS_CONNECT start host=DietPi.local export=/mnt/4TBS version=3
PIC_NFS_CONNECT ok host=DietPi.local export=/mnt/4TBS version=3
PIC_NETWORK PRIVATE_NFS read_done bytes=877392 elapsed_ms=25 uri=nfs://DietPi.local/mnt/4TBS/Spar%20Ladies%202025/FB-Spar%20Womens-ToUpload/DSC_5716.jpg
PIC_NETWORK PRIVATE_NFS read_start uri=nfs://DietPi.local/mnt/4TBS/Spar%20Ladies%202025/FB-Spar%20Womens-ToUpload/DSC_5717.jpg max_bytes=134217728
PIC_NFS_CONNECT start host=DietPi.local export=/mnt/4TBS version=3
PIC_NFS_CONNECT ok host=DietPi.local export=/mnt/4TBS version=3
PIC_NETWORK PRIVATE_NFS read_done bytes=774786 elapsed_ms=24 uri=nfs://DietPi.local/mnt/4TBS/Spar%20Ladies%202025/FB-Spar%20Womens-ToUpload/DSC_5717.jpg
PIC_NETWORK PRIVATE_NFS read_start uri=nfs://DietPi.local/mnt/4TBS/Spar%20Ladies%202025/FB-Spar%20Womens-ToUpload/DSC_5722.jpg max_bytes=134217728
PIC_NETWORK PRIVATE_NFS read_start uri=nfs://DietPi.local/mnt/4TBS/Spar%20Ladies%202025/FB-Spar%20Womens-ToUpload/DSC_5716.jpg max_bytes=134217728
PIC_NFS_CONNECT start host=DietPi.local export=/mnt/4TBS version=3
PIC_NFS_CONNECT start host=DietPi.local export=/mnt/4TBS version=3
PIC_NFS_CONNECT ok host=DietPi.local export=/mnt/4TBS version=3
PIC_NFS_CONNECT ok host=DietPi.local export=/mnt/4TBS version=3
PIC_NETWORK PRIVATE_NFS read_done bytes=877392 elapsed_ms=33 uri=nfs://DietPi.local/mnt/4TBS/Spar%20Ladies%202025/FB-Spar%20Womens-ToUpload/DSC_5716.jpg
PIC_NETWORK PRIVATE_NFS read_done bytes=1315425 elapsed_ms=36 uri=nfs://DietPi.local/mnt/4TBS/Spar%20Ladies%202025/FB-Spar%20Womens-ToUpload/DSC_5722.jpg
PIC_NETWORK PRIVATE_NFS read_start uri=nfs://DietPi.local/mnt/4TBS/Spar%20Ladies%202025/FB-Spar%20Womens-ToUpload/DSC_5722.jpg max_bytes=134217728
PIC_NFS_CONNECT start host=DietPi.local export=/mnt/4TBS version=3
PIC_NFS_CONNECT ok host=DietPi.local export=/mnt/4TBS version=3
PIC_NETWORK PRIVATE_NFS read_start uri=nfs://DietPi.local/mnt/4TBS/Spar%20Ladies%202025/FB-Spar%20Womens-ToUpload/DSC_5723.jpg max_bytes=134217728
PIC_NFS_CONNECT start host=DietPi.local export=/mnt/4TBS version=3
PIC_NETWORK PRIVATE_NFS read_start uri=nfs://DietPi.local/mnt/4TBS/Spar%20Ladies%202025/FB-Spar%20Womens-ToUpload/DSC_5724.jpg max_bytes=134217728
PIC_NFS_CONNECT start host=DietPi.local export=/mnt/4TBS version=3
PIC_NETWORK PRIVATE_NFS read_done bytes=1315425 elapsed_ms=31 uri=nfs://DietPi.local/mnt/4TBS/Spar%20Ladies%202025/FB-Spar%20Womens-ToUpload/DSC_5722.jpg
PIC_NFS_CONNECT ok host=DietPi.local export=/mnt/4TBS version=3
PIC_NETWORK PRIVATE_NFS read_start uri=nfs://DietPi.local/mnt/4TBS/Spar%20Ladies%202025/FB-Spar%20Womens-ToUpload/DSC_5725.jpg max_bytes=134217728
PIC_NFS_CONNECT start host=DietPi.local export=/mnt/4TBS version=3
PIC_NFS_CONNECT ok host=DietPi.local export=/mnt/4TBS version=3
PIC_NETWORK PRIVATE_NFS read_done bytes=910229 elapsed_ms=30 uri=nfs://DietPi.local/mnt/4TBS/Spar%20Ladies%202025/FB-Spar%20Womens-ToUpload/DSC_5723.jpg
PIC_NETWORK PRIVATE_NFS read_start uri=nfs://DietPi.local/mnt/4TBS/Spar%20Ladies%202025/FB-Spar%20Womens-ToUpload/DSC_5726.jpg max_bytes=134217728
PIC_NFS_CONNECT start host=DietPi.local export=/mnt/4TBS version=3
PIC_NFS_CONNECT ok host=DietPi.local export=/mnt/4TBS version=3
PIC_NETWORK PRIVATE_NFS read_done bytes=715186 elapsed_ms=26 uri=nfs://DietPi.local/mnt/4TBS/Spar%20Ladies%202025/FB-Spar%20Womens-ToUpload/DSC_5724.jpg
PIC_NFS_CONNECT ok host=DietPi.local export=/mnt/4TBS version=3
PIC_NETWORK PRIVATE_NFS read_done bytes=1099646 elapsed_ms=38 uri=nfs://DietPi.local/mnt/4TBS/Spar%20Ladies%202025/FB-Spar%20Womens-ToUpload/DSC_5725.jpg
PIC_NETWORK PRIVATE_NFS read_start uri=nfs://DietPi.local/mnt/4TBS/Spar%20Ladies%202025/FB-Spar%20Womens-ToUpload/DSC_5727.jpg max_bytes=134217728
PIC_NFS_CONNECT start host=DietPi.local export=/mnt/4TBS version=3
PIC_NETWORK PRIVATE_NFS read_done bytes=878193 elapsed_ms=32 uri=nfs://DietPi.local/mnt/4TBS/Spar%20Ladies%202025/FB-Spar%20Womens-ToUpload/DSC_5726.jpg
PIC_NFS_CONNECT ok host=DietPi.local export=/mnt/4TBS version=3
PIC_NETWORK PRIVATE_NFS read_done bytes=695196 elapsed_ms=22 uri=nfs://DietPi.local/mnt/4TBS/Spar%20Ladies%202025/FB-Spar%20Womens-ToUpload/DSC_5727.jpg
PIC_NETWORK PRIVATE_NFS read_start uri=nfs://DietPi.local/mnt/4TBS/Spar%20Ladies%202025/FB-Spar%20Womens-ToUpload/DSC_5728.jpg max_bytes=134217728
PIC_NETWORK PRIVATE_NFS read_start uri=nfs://DietPi.local/mnt/4TBS/Spar%20Ladies%202025/FB-Spar%20Womens-ToUpload/DSC_5726.jpg max_bytes=134217728
PIC_NFS_CONNECT start host=DietPi.local export=/mnt/4TBS version=3
PIC_NFS_CONNECT start host=DietPi.local export=/mnt/4TBS version=3
PIC_NETWORK PRIVATE_NFS read_start uri=nfs://DietPi.local/mnt/4TBS/Spar%20Ladies%202025/FB-Spar%20Womens-ToUpload/DSC_5728.jpg max_bytes=134217728
PIC_NFS_CONNECT start host=DietPi.local export=/mnt/4TBS version=3
PIC_NFS_CONNECT ok host=DietPi.local export=/mnt/4TBS version=3
PIC_NFS_CONNECT ok host=DietPi.local export=/mnt/4TBS version=3
PIC_NFS_CONNECT ok host=DietPi.local export=/mnt/4TBS version=3
PIC_NETWORK PRIVATE_NFS read_done bytes=878193 elapsed_ms=31 uri=nfs://DietPi.local/mnt/4TBS/Spar%20Ladies%202025/FB-Spar%20Womens-ToUpload/DSC_5726.jpg
PIC_NETWORK PRIVATE_NFS read_start uri=nfs://DietPi.local/mnt/4TBS/Spar%20Ladies%202025/FB-Spar%20Womens-ToUpload/DSC_5729.jpg max_bytes=134217728
PIC_NFS_CONNECT start host=DietPi.local export=/mnt/4TBS version=3
PIC_NETWORK PRIVATE_NFS read_done bytes=1072644 elapsed_ms=38 uri=nfs://DietPi.local/mnt/4TBS/Spar%20Ladies%202025/FB-Spar%20Womens-ToUpload/DSC_5728.jpg
PIC_NETWORK PRIVATE_NFS read_start uri=nfs://DietPi.local/mnt/4TBS/Spar%20Ladies%202025/FB-Spar%20Womens-ToUpload/DSC_5730.jpg max_bytes=134217728
PIC_NFS_CONNECT start host=DietPi.local export=/mnt/4TBS version=3
PIC_NETWORK PRIVATE_NFS read_done bytes=1072644 elapsed_ms=39 uri=nfs://DietPi.local/mnt/4TBS/Spar%20Ladies%202025/FB-Spar%20Womens-ToUpload/DSC_5728.jpg
PIC_NFS_CONNECT ok host=DietPi.local export=/mnt/4TBS version=3
PIC_NFS_CONNECT ok host=DietPi.local export=/mnt/4TBS version=3
PIC_NETWORK PRIVATE_NFS read_start uri=nfs://DietPi.local/mnt/4TBS/Spar%20Ladies%202025/FB-Spar%20Womens-ToUpload/DSC_5731.jpg max_bytes=134217728
PIC_NFS_CONNECT start host=DietPi.local export=/mnt/4TBS version=3
PIC_NETWORK PRIVATE_NFS read_done bytes=1025733 elapsed_ms=37 uri=nfs://DietPi.local/mnt/4TBS/Spar%20Ladies%202025/FB-Spar%20Womens-ToUpload/DSC_5729.jpg
PIC_NETWORK PRIVATE_NFS read_start uri=nfs://DietPi.local/mnt/4TBS/Spar%20Ladies%202025/FB-Spar%20Womens-ToUpload/DSC_5732.jpg max_bytes=134217728
PIC_NFS_CONNECT start host=DietPi.local export=/mnt/4TBS version=3
PIC_NETWORK PRIVATE_NFS read_done bytes=816342 elapsed_ms=34 uri=nfs://DietPi.local/mnt/4TBS/Spar%20Ladies%202025/FB-Spar%20Womens-ToUpload/DSC_5730.jpg
PIC_NFS_CONNECT ok host=DietPi.local export=/mnt/4TBS version=3
PIC_NFS_CONNECT ok host=DietPi.local export=/mnt/4TBS version=3
PIC_NETWORK PRIVATE_NFS read_done bytes=1150898 elapsed_ms=35 uri=nfs://DietPi.local/mnt/4TBS/Spar%20Ladies%202025/FB-Spar%20Womens-ToUpload/DSC_5731.jpg
PIC_NETWORK PRIVATE_NFS read_done bytes=991000 elapsed_ms=32 uri=nfs://DietPi.local/mnt/4TBS/Spar%20Ladies%202025/FB-Spar%20Womens-ToUpload/DSC_5732.jpg
PIC_NETWORK PRIVATE_NFS read_start uri=nfs://DietPi.local/mnt/4TBS/Spar%20Ladies%202025/FB-Spar%20Womens-ToUpload/DSC_5733.jpg max_bytes=134217728
PIC_NFS_CONNECT start host=DietPi.local export=/mnt/4TBS version=3
PIC_NFS_CONNECT ok host=DietPi.local export=/mnt/4TBS version=3
PIC_NETWORK PRIVATE_NFS read_start uri=nfs://DietPi.local/mnt/4TBS/Spar%20Ladies%202025/FB-Spar%20Womens-ToUpload/DSC_5734.jpg max_bytes=134217728
PIC_NFS_CONNECT start host=DietPi.local export=/mnt/4TBS version=3
PIC_NETWORK PRIVATE_NFS read_done bytes=842385 elapsed_ms=25 uri=nfs://DietPi.local/mnt/4TBS/Spar%20Ladies%202025/FB-Spar%20Womens-ToUpload/DSC_5733.jpg
PIC_NFS_CONNECT ok host=DietPi.local export=/mnt/4TBS version=3
PIC_NETWORK PRIVATE_NFS read_start uri=nfs://DietPi.local/mnt/4TBS/Spar%20Ladies%202025/FB-Spar%20Womens-ToUpload/DSC_5736.jpg max_bytes=134217728
PIC_NFS_CONNECT start host=DietPi.local export=/mnt/4TBS version=3
PIC_NETWORK PRIVATE_NFS read_start uri=nfs://DietPi.local/mnt/4TBS/Spar%20Ladies%202025/FB-Spar%20Womens-ToUpload/DSC_5738.jpg max_bytes=134217728
PIC_NFS_CONNECT start host=DietPi.local export=/mnt/4TBS version=3
PIC_NETWORK PRIVATE_NFS read_done bytes=1169377 elapsed_ms=31 uri=nfs://DietPi.local/mnt/4TBS/Spar%20Ladies%202025/FB-Spar%20Womens-ToUpload/DSC_5734.jpg
PIC_NFS_CONNECT ok host=DietPi.local export=/mnt/4TBS version=3
PIC_NETWORK PRIVATE_NFS read_start uri=nfs://DietPi.local/mnt/4TBS/Spar%20Ladies%202025/FB-Spar%20Womens-ToUpload/DSC_5739.jpg max_bytes=134217728
PIC_NFS_CONNECT start host=DietPi.local export=/mnt/4TBS version=3
PIC_NFS_CONNECT ok host=DietPi.local export=/mnt/4TBS version=3
PIC_NETWORK PRIVATE_NFS read_done bytes=1101486 elapsed_ms=31 uri=nfs://DietPi.local/mnt/4TBS/Spar%20Ladies%202025/FB-Spar%20Womens-ToUpload/DSC_5736.jpg
PIC_NFS_CONNECT ok host=DietPi.local export=/mnt/4TBS version=3
PIC_NETWORK PRIVATE_NFS read_done bytes=1035050 elapsed_ms=37 uri=nfs://DietPi.local/mnt/4TBS/Spar%20Ladies%202025/FB-Spar%20Womens-ToUpload/DSC_5738.jpg
PIC_NETWORK PRIVATE_NFS read_done bytes=699131 elapsed_ms=35 uri=nfs://DietPi.local/mnt/4TBS/Spar%20Ladies%202025/FB-Spar%20Womens-ToUpload/DSC_5739.jpg
PIC_NETWORK PRIVATE_NFS read_start uri=nfs://DietPi.local/mnt/4TBS/Spar%20Ladies%202025/FB-Spar%20Womens-ToUpload/DSC_5740.jpg max_bytes=134217728
PIC_NETWORK PRIVATE_NFS read_start uri=nfs://DietPi.local/mnt/4TBS/Spar%20Ladies%202025/FB-Spar%20Womens-ToUpload/DSC_5738.jpg max_bytes=134217728
PIC_NFS_CONNECT start host=DietPi.local export=/mnt/4TBS version=3
PIC_NFS_CONNECT start host=DietPi.local export=/mnt/4TBS version=3
PIC_NETWORK PRIVATE_NFS read_start uri=nfs://DietPi.local/mnt/4TBS/Spar%20Ladies%202025/FB-Spar%20Womens-ToUpload/DSC_5740.jpg max_bytes=134217728
PIC_NFS_CONNECT start host=DietPi.local export=/mnt/4TBS version=3
PIC_NFS_CONNECT ok host=DietPi.local export=/mnt/4TBS version=3
PIC_NFS_CONNECT ok host=DietPi.local export=/mnt/4TBS version=3
PIC_NFS_CONNECT ok host=DietPi.local export=/mnt/4TBS version=3
PIC_NETWORK PRIVATE_NFS read_done bytes=1035050 elapsed_ms=39 uri=nfs://DietPi.local/mnt/4TBS/Spar%20Ladies%202025/FB-Spar%20Womens-ToUpload/DSC_5738.jpg
PIC_NETWORK PRIVATE_NFS read_start uri=nfs://DietPi.local/mnt/4TBS/Spar%20Ladies%202025/FB-Spar%20Womens-ToUpload/DSC_5743.jpg max_bytes=134217728
PIC_NFS_CONNECT start host=DietPi.local export=/mnt/4TBS version=3
PIC_NETWORK PRIVATE_NFS read_done bytes=1204657 elapsed_ms=43 uri=nfs://DietPi.local/mnt/4TBS/Spar%20Ladies%202025/FB-Spar%20Womens-ToUpload/DSC_5740.jpg
PIC_NETWORK PRIVATE_NFS read_done bytes=1204657 elapsed_ms=46 uri=nfs://DietPi.local/mnt/4TBS/Spar%20Ladies%202025/FB-Spar%20Womens-ToUpload/DSC_5740.jpg
PIC_NETWORK PRIVATE_NFS read_start uri=nfs://DietPi.local/mnt/4TBS/Spar%20Ladies%202025/FB-Spar%20Womens-ToUpload/DSC_5744.jpg max_bytes=134217728
PIC_NFS_CONNECT start host=DietPi.local export=/mnt/4TBS version=3
PIC_NFS_CONNECT ok host=DietPi.local export=/mnt/4TBS version=3
PIC_NETWORK PRIVATE_NFS read_start uri=nfs://DietPi.local/mnt/4TBS/Spar%20Ladies%202025/FB-Spar%20Womens-ToUpload/DSC_5745.jpg max_bytes=134217728
PIC_NFS_CONNECT start host=DietPi.local export=/mnt/4TBS version=3
PIC_NFS_CONNECT ok host=DietPi.local export=/mnt/4TBS version=3
PIC_NETWORK PRIVATE_NFS read_done bytes=1247313 elapsed_ms=31 uri=nfs://DietPi.local/mnt/4TBS/Spar%20Ladies%202025/FB-Spar%20Womens-ToUpload/DSC_5743.jpg
PIC_NFS_CONNECT ok host=DietPi.local export=/mnt/4TBS version=3
PIC_NETWORK PRIVATE_NFS read_done bytes=886542 elapsed_ms=30 uri=nfs://DietPi.local/mnt/4TBS/Spar%20Ladies%202025/FB-Spar%20Womens-ToUpload/DSC_5744.jpg
PIC_NETWORK PRIVATE_NFS read_done bytes=810138 elapsed_ms=32 uri=nfs://DietPi.local/mnt/4TBS/Spar%20Ladies%202025/FB-Spar%20Womens-ToUpload/DSC_5745.jpg
PIC_NETWORK PRIVATE_NFS read_start uri=nfs://DietPi.local/mnt/4TBS/Spar%20Ladies%202025/FB-Spar%20Womens-ToUpload/DSC_5746.jpg max_bytes=134217728
PIC_NFS_CONNECT start host=DietPi.local export=/mnt/4TBS version=3
PIC_NETWORK PRIVATE_NFS read_start uri=nfs://DietPi.local/mnt/4TBS/Spar%20Ladies%202025/FB-Spar%20Womens-ToUpload/DSC_5747.jpg max_bytes=134217728
PIC_NFS_CONNECT start host=DietPi.local export=/mnt/4TBS version=3
PIC_NFS_CONNECT ok host=DietPi.local export=/mnt/4TBS version=3
PIC_NETWORK PRIVATE_NFS read_start uri=nfs://DietPi.local/mnt/4TBS/Spar%20Ladies%202025/FB-Spar%20Womens-ToUpload/DSC_5748.jpg max_bytes=134217728
PIC_NFS_CONNECT start host=DietPi.local export=/mnt/4TBS version=3
PIC_NFS_CONNECT ok host=DietPi.local export=/mnt/4TBS version=3
PIC_NETWORK PRIVATE_NFS read_done bytes=1256942 elapsed_ms=30 uri=nfs://DietPi.local/mnt/4TBS/Spar%20Ladies%202025/FB-Spar%20Womens-ToUpload/DSC_5746.jpg
PIC_NETWORK PRIVATE_NFS read_start uri=nfs://DietPi.local/mnt/4TBS/Spar%20Ladies%202025/FB-Spar%20Womens-ToUpload/DSC_5749.jpg max_bytes=134217728
PIC_NFS_CONNECT start host=DietPi.local export=/mnt/4TBS version=3
PIC_NFS_CONNECT ok host=DietPi.local export=/mnt/4TBS version=3
PIC_NETWORK PRIVATE_NFS read_done bytes=1029762 elapsed_ms=33 uri=nfs://DietPi.local/mnt/4TBS/Spar%20Ladies%202025/FB-Spar%20Womens-ToUpload/DSC_5747.jpg
PIC_NETWORK PRIVATE_NFS read_start uri=nfs://DietPi.local/mnt/4TBS/Spar%20Ladies%202025/FB-Spar%20Womens-ToUpload/DSC_5752.jpg max_bytes=134217728
PIC_NFS_CONNECT start host=DietPi.local export=/mnt/4TBS version=3
PIC_NFS_CONNECT ok host=DietPi.local export=/mnt/4TBS version=3
PIC_NETWORK PRIVATE_NFS read_done bytes=821554 elapsed_ms=35 uri=nfs://DietPi.local/mnt/4TBS/Spar%20Ladies%202025/FB-Spar%20Womens-ToUpload/DSC_5748.jpg
PIC_NETWORK PRIVATE_NFS read_start uri=nfs://DietPi.local/mnt/4TBS/Spar%20Ladies%202025/FB-Spar%20Womens-ToUpload/DSC_5753.jpg max_bytes=134217728
PIC_NFS_CONNECT start host=DietPi.local export=/mnt/4TBS version=3
PIC_NETWORK PRIVATE_NFS read_done bytes=770556 elapsed_ms=32 uri=nfs://DietPi.local/mnt/4TBS/Spar%20Ladies%202025/FB-Spar%20Womens-ToUpload/DSC_5749.jpg
PIC_NFS_CONNECT ok host=DietPi.local export=/mnt/4TBS version=3
PIC_NFS_CONNECT ok host=DietPi.local export=/mnt/4TBS version=3
PIC_NETWORK PRIVATE_NFS read_done bytes=754590 elapsed_ms=31 uri=nfs://DietPi.local/mnt/4TBS/Spar%20Ladies%202025/FB-Spar%20Womens-ToUpload/DSC_5752.jpg
PIC_NETWORK PRIVATE_NFS read_done bytes=741325 elapsed_ms=33 uri=nfs://DietPi.local/mnt/4TBS/Spar%20Ladies%202025/FB-Spar%20Womens-ToUpload/DSC_5753.jpg
PIC_NETWORK PRIVATE_NFS read_start uri=nfs://DietPi.local/mnt/4TBS/Spar%20Ladies%202025/FB-Spar%20Womens-ToUpload/DSC_5752.jpg max_bytes=134217728
PIC_NFS_CONNECT start host=DietPi.local export=/mnt/4TBS version=3
PIC_NETWORK PRIVATE_NFS read_start uri=nfs://DietPi.local/mnt/4TBS/Spar%20Ladies%202025/FB-Spar%20Womens-ToUpload/DSC_5751.jpg max_bytes=134217728
PIC_NFS_CONNECT start host=DietPi.local export=/mnt/4TBS version=3
PIC_NFS_CONNECT ok host=DietPi.local export=/mnt/4TBS version=3
PIC_NETWORK PRIVATE_NFS read_start uri=nfs://DietPi.local/mnt/4TBS/Spar%20Ladies%202025/FB-Spar%20Womens-ToUpload/DSC_5749.jpg max_bytes=134217728
PIC_NFS_CONNECT start host=DietPi.local export=/mnt/4TBS version=3
PIC_NFS_CONNECT ok host=DietPi.local export=/mnt/4TBS version=3
PIC_NETWORK PRIVATE_NFS read_done bytes=754590 elapsed_ms=26 uri=nfs://DietPi.local/mnt/4TBS/Spar%20Ladies%202025/FB-Spar%20Womens-ToUpload/DSC_5752.jpg
PIC_NETWORK PRIVATE_NFS read_start uri=nfs://DietPi.local/mnt/4TBS/Spar%20Ladies%202025/FB-Spar%20Womens-ToUpload/DSC_5748.jpg max_bytes=134217728
PIC_NFS_CONNECT start host=DietPi.local export=/mnt/4TBS version=3
PIC_NFS_CONNECT ok host=DietPi.local export=/mnt/4TBS version=3
PIC_NETWORK PRIVATE_NFS read_done bytes=1164947 elapsed_ms=34 uri=nfs://DietPi.local/mnt/4TBS/Spar%20Ladies%202025/FB-Spar%20Womens-ToUpload/DSC_5751.jpg
PIC_NETWORK PRIVATE_NFS read_start uri=nfs://DietPi.local/mnt/4TBS/Spar%20Ladies%202025/FB-Spar%20Womens-ToUpload/DSC_5746.jpg max_bytes=134217728
PIC_NFS_CONNECT start host=DietPi.local export=/mnt/4TBS version=3
PIC_NFS_CONNECT ok host=DietPi.local export=/mnt/4TBS version=3
PIC_NETWORK PRIVATE_NFS read_done bytes=770556 elapsed_ms=39 uri=nfs://DietPi.local/mnt/4TBS/Spar%20Ladies%202025/FB-Spar%20Womens-ToUpload/DSC_5749.jpg
PIC_NFS_CONNECT ok host=DietPi.local export=/mnt/4TBS version=3
PIC_NETWORK PRIVATE_NFS read_done bytes=821554 elapsed_ms=33 uri=nfs://DietPi.local/mnt/4TBS/Spar%20Ladies%202025/FB-Spar%20Womens-ToUpload/DSC_5748.jpg
PIC_NETWORK PRIVATE_NFS read_start uri=nfs://DietPi.local/mnt/4TBS/Spar%20Ladies%202025/FB-Spar%20Womens-ToUpload/DSC_5744.jpg max_bytes=134217728
PIC_NFS_CONNECT start host=DietPi.local export=/mnt/4TBS version=3
PIC_NETWORK PRIVATE_NFS read_done bytes=1256942 elapsed_ms=34 uri=nfs://DietPi.local/mnt/4TBS/Spar%20Ladies%202025/FB-Spar%20Womens-ToUpload/DSC_5746.jpg
PIC_NFS_CONNECT ok host=DietPi.local export=/mnt/4TBS version=3
PIC_NETWORK PRIVATE_NFS read_done bytes=886542 elapsed_ms=28 uri=nfs://DietPi.local/mnt/4TBS/Spar%20Ladies%202025/FB-Spar%20Womens-ToUpload/DSC_5744.jpg
PIC_NETWORK PRIVATE_NFS read_start uri=nfs://DietPi.local/mnt/4TBS/Spar%20Ladies%202025/FB-Spar%20Womens-ToUpload/DSC_5743.jpg max_bytes=134217728
PIC_NFS_CONNECT start host=DietPi.local export=/mnt/4TBS version=3
PIC_NFS_CONNECT ok host=DietPi.local export=/mnt/4TBS version=3
PIC_NETWORK PRIVATE_NFS read_start uri=nfs://DietPi.local/mnt/4TBS/Spar%20Ladies%202025/FB-Spar%20Womens-ToUpload/DSC_5742.jpg max_bytes=134217728
PIC_NFS_CONNECT start host=DietPi.local export=/mnt/4TBS version=3
PIC_NETWORK PRIVATE_NFS read_start uri=nfs://DietPi.local/mnt/4TBS/Spar%20Ladies%202025/FB-Spar%20Womens-ToUpload/DSC_5741.jpg max_bytes=134217728
PIC_NFS_CONNECT start host=DietPi.local export=/mnt/4TBS version=3
PIC_NETWORK PRIVATE_NFS read_done bytes=1247313 elapsed_ms=29 uri=nfs://DietPi.local/mnt/4TBS/Spar%20Ladies%202025/FB-Spar%20Womens-ToUpload/DSC_5743.jpg
PIC_NETWORK PRIVATE_NFS read_start uri=nfs://DietPi.local/mnt/4TBS/Spar%20Ladies%202025/FB-Spar%20Womens-ToUpload/DSC_5740.jpg max_bytes=134217728
PIC_NFS_CONNECT start host=DietPi.local export=/mnt/4TBS version=3
PIC_NFS_CONNECT ok host=DietPi.local export=/mnt/4TBS version=3
PIC_NFS_CONNECT ok host=DietPi.local export=/mnt/4TBS version=3
PIC_NETWORK PRIVATE_NFS read_done bytes=1142586 elapsed_ms=35 uri=nfs://DietPi.local/mnt/4TBS/Spar%20Ladies%202025/FB-Spar%20Womens-ToUpload/DSC_5742.jpg
PIC_NETWORK PRIVATE_NFS read_start uri=nfs://DietPi.local/mnt/4TBS/Spar%20Ladies%202025/FB-Spar%20Womens-ToUpload/DSC_5738.jpg max_bytes=134217728
PIC_NFS_CONNECT start host=DietPi.local export=/mnt/4TBS version=3
PIC_NFS_CONNECT ok host=DietPi.local export=/mnt/4TBS version=3
PIC_NETWORK PRIVATE_NFS read_done bytes=1126777 elapsed_ms=35 uri=nfs://DietPi.local/mnt/4TBS/Spar%20Ladies%202025/FB-Spar%20Womens-ToUpload/DSC_5741.jpg
PIC_NETWORK PRIVATE_NFS read_start uri=nfs://DietPi.local/mnt/4TBS/Spar%20Ladies%202025/FB-Spar%20Womens-ToUpload/DSC_5736.jpg max_bytes=134217728
PIC_NFS_CONNECT start host=DietPi.local export=/mnt/4TBS version=3
PIC_NFS_CONNECT ok host=DietPi.local export=/mnt/4TBS version=3
PIC_NETWORK PRIVATE_NFS read_done bytes=1204657 elapsed_ms=41 uri=nfs://DietPi.local/mnt/4TBS/Spar%20Ladies%202025/FB-Spar%20Womens-ToUpload/DSC_5740.jpg
PIC_NETWORK PRIVATE_NFS read_start uri=nfs://DietPi.local/mnt/4TBS/Spar%20Ladies%202025/FB-Spar%20Womens-ToUpload/DSC_5734.jpg max_bytes=134217728
PIC_NFS_CONNECT start host=DietPi.local export=/mnt/4TBS version=3
PIC_NFS_CONNECT ok host=DietPi.local export=/mnt/4TBS version=3
PIC_NETWORK PRIVATE_NFS read_done bytes=1035050 elapsed_ms=36 uri=nfs://DietPi.local/mnt/4TBS/Spar%20Ladies%202025/FB-Spar%20Womens-ToUpload/DSC_5738.jpg
PIC_NFS_CONNECT ok host=DietPi.local export=/mnt/4TBS version=3
PIC_NETWORK PRIVATE_NFS read_done bytes=1101486 elapsed_ms=38 uri=nfs://DietPi.local/mnt/4TBS/Spar%20Ladies%202025/FB-Spar%20Womens-ToUpload/DSC_5736.jpg
PIC_NETWORK PRIVATE_NFS read_done bytes=1169377 elapsed_ms=39 uri=nfs://DietPi.local/mnt/4TBS/Spar%20Ladies%202025/FB-Spar%20Womens-ToUpload/DSC_5734.jpg
PIC_NETWORK PRIVATE_NFS read_start uri=nfs://DietPi.local/mnt/4TBS/Spar%20Ladies%202025/FB-Spar%20Womens-ToUpload/DSC_5733.jpg max_bytes=134217728
PIC_NFS_CONNECT start host=DietPi.local export=/mnt/4TBS version=3
PIC_NFS_CONNECT ok host=DietPi.local export=/mnt/4TBS version=3
PIC_NETWORK PRIVATE_NFS read_done bytes=842385 elapsed_ms=26 uri=nfs://DietPi.local/mnt/4TBS/Spar%20Ladies%202025/FB-Spar%20Womens-ToUpload/DSC_5733.jpg
PIC_NETWORK PRIVATE_NFS read_start uri=nfs://DietPi.local/mnt/4TBS/Spar%20Ladies%202025/FB-Spar%20Womens-ToUpload/DSC_5731.jpg max_bytes=134217728
PIC_NFS_CONNECT start host=DietPi.local export=/mnt/4TBS version=3
PIC_NFS_CONNECT ok host=DietPi.local export=/mnt/4TBS version=3
PIC_NETWORK PRIVATE_NFS read_start uri=nfs://DietPi.local/mnt/4TBS/Spar%20Ladies%202025/FB-Spar%20Womens-ToUpload/DSC_5730.jpg max_bytes=134217728
PIC_NFS_CONNECT start host=DietPi.local export=/mnt/4TBS version=3
PIC_NETWORK PRIVATE_NFS read_start uri=nfs://DietPi.local/mnt/4TBS/Spar%20Ladies%202025/FB-Spar%20Womens-ToUpload/DSC_5729.jpg max_bytes=134217728
PIC_NFS_CONNECT start host=DietPi.local export=/mnt/4TBS version=3
PIC_NETWORK PRIVATE_NFS read_done bytes=1150898 elapsed_ms=27 uri=nfs://DietPi.local/mnt/4TBS/Spar%20Ladies%202025/FB-Spar%20Womens-ToUpload/DSC_5731.jpg
PIC_NFS_CONNECT ok host=DietPi.local export=/mnt/4TBS version=3
PIC_NETWORK PRIVATE_NFS read_start uri=nfs://DietPi.local/mnt/4TBS/Spar%20Ladies%202025/FB-Spar%20Womens-ToUpload/DSC_5728.jpg max_bytes=134217728
PIC_NFS_CONNECT start host=DietPi.local export=/mnt/4TBS version=3
PIC_NFS_CONNECT ok host=DietPi.local export=/mnt/4TBS version=3
PIC_NETWORK PRIVATE_NFS read_done bytes=816342 elapsed_ms=27 uri=nfs://DietPi.local/mnt/4TBS/Spar%20Ladies%202025/FB-Spar%20Womens-ToUpload/DSC_5730.jpg
PIC_NETWORK PRIVATE_NFS read_start uri=nfs://DietPi.local/mnt/4TBS/Spar%20Ladies%202025/FB-Spar%20Womens-ToUpload/DSC_5726.jpg max_bytes=134217728
PIC_NFS_CONNECT start host=DietPi.local export=/mnt/4TBS version=3
PIC_NFS_CONNECT ok host=DietPi.local export=/mnt/4TBS version=3
PIC_NETWORK PRIVATE_NFS read_done bytes=1025733 elapsed_ms=31 uri=nfs://DietPi.local/mnt/4TBS/Spar%20Ladies%202025/FB-Spar%20Womens-ToUpload/DSC_5729.jpg
PIC_NFS_CONNECT ok host=DietPi.local export=/mnt/4TBS version=3
PIC_NETWORK PRIVATE_NFS read_done bytes=1072644 elapsed_ms=37 uri=nfs://DietPi.local/mnt/4TBS/Spar%20Ladies%202025/FB-Spar%20Womens-ToUpload/DSC_5728.jpg
PIC_NETWORK PRIVATE_NFS read_done bytes=878193 elapsed_ms=33 uri=nfs://DietPi.local/mnt/4TBS/Spar%20Ladies%202025/FB-Spar%20Womens-ToUpload/DSC_5726.jpg
PIC_NETWORK PRIVATE_NFS read_start uri=nfs://DietPi.local/mnt/4TBS/Spar%20Ladies%202025/FB-Spar%20Womens-ToUpload/DSC_5725.jpg max_bytes=134217728
PIC_NFS_CONNECT start host=DietPi.local export=/mnt/4TBS version=3
PIC_NETWORK PRIVATE_NFS read_start uri=nfs://DietPi.local/mnt/4TBS/Spar%20Ladies%202025/FB-Spar%20Womens-ToUpload/DSC_5724.jpg max_bytes=134217728
PIC_NFS_CONNECT start host=DietPi.local export=/mnt/4TBS version=3
PIC_NFS_CONNECT ok host=DietPi.local export=/mnt/4TBS version=3
PIC_NETWORK PRIVATE_NFS read_start uri=nfs://DietPi.local/mnt/4TBS/Spar%20Ladies%202025/FB-Spar%20Womens-ToUpload/DSC_5723.jpg max_bytes=134217728
PIC_NFS_CONNECT start host=DietPi.local export=/mnt/4TBS version=3
PIC_NFS_CONNECT ok host=DietPi.local export=/mnt/4TBS version=3
PIC_NETWORK PRIVATE_NFS read_done bytes=1099646 elapsed_ms=28 uri=nfs://DietPi.local/mnt/4TBS/Spar%20Ladies%202025/FB-Spar%20Womens-ToUpload/DSC_5725.jpg
PIC_NETWORK PRIVATE_NFS read_start uri=nfs://DietPi.local/mnt/4TBS/Spar%20Ladies%202025/FB-Spar%20Womens-ToUpload/DSC_5722.jpg max_bytes=134217728
PIC_NFS_CONNECT start host=DietPi.local export=/mnt/4TBS version=3
PIC_NFS_CONNECT ok host=DietPi.local export=/mnt/4TBS version=3
PIC_NETWORK PRIVATE_NFS read_done bytes=715186 elapsed_ms=29 uri=nfs://DietPi.local/mnt/4TBS/Spar%20Ladies%202025/FB-Spar%20Womens-ToUpload/DSC_5724.jpg
PIC_NETWORK PRIVATE_NFS read_start uri=nfs://DietPi.local/mnt/4TBS/Spar%20Ladies%202025/FB-Spar%20Womens-ToUpload/DSC_5716.jpg max_bytes=134217728
PIC_NFS_CONNECT start host=DietPi.local export=/mnt/4TBS version=3
PIC_NETWORK PRIVATE_NFS read_done bytes=910229 elapsed_ms=33 uri=nfs://DietPi.local/mnt/4TBS/Spar%20Ladies%202025/FB-Spar%20Womens-ToUpload/DSC_5723.jpg
PIC_NFS_CONNECT ok host=DietPi.local export=/mnt/4TBS version=3
PIC_NETWORK PRIVATE_NFS read_start uri=nfs://DietPi.local/mnt/4TBS/Spar%20Ladies%202025/FB-Spar%20Womens-ToUpload/DSC_5715.jpg max_bytes=134217728
PIC_NFS_CONNECT start host=DietPi.local export=/mnt/4TBS version=3
PIC_NETWORK PRIVATE_NFS read_done bytes=1315425 elapsed_ms=35 uri=nfs://DietPi.local/mnt/4TBS/Spar%20Ladies%202025/FB-Spar%20Womens-ToUpload/DSC_5722.jpg
PIC_NFS_CONNECT ok host=DietPi.local export=/mnt/4TBS version=3
PIC_NFS_CONNECT ok host=DietPi.local export=/mnt/4TBS version=3
PIC_NETWORK PRIVATE_NFS read_done bytes=877392 elapsed_ms=37 uri=nfs://DietPi.local/mnt/4TBS/Spar%20Ladies%202025/FB-Spar%20Womens-ToUpload/DSC_5716.jpg
PIC_NETWORK PRIVATE_NFS read_start uri=nfs://DietPi.local/mnt/4TBS/Spar%20Ladies%202025/FB-Spar%20Womens-ToUpload/DSC_5714.jpg max_bytes=134217728
PIC_NFS_CONNECT start host=DietPi.local export=/mnt/4TBS version=3
PIC_NETWORK PRIVATE_NFS read_done bytes=1154865 elapsed_ms=34 uri=nfs://DietPi.local/mnt/4TBS/Spar%20Ladies%202025/FB-Spar%20Womens-ToUpload/DSC_5715.jpg
PIC_NFS_CONNECT ok host=DietPi.local export=/mnt/4TBS version=3
PIC_NETWORK PRIVATE_NFS read_done bytes=1091838 elapsed_ms=26 uri=nfs://DietPi.local/mnt/4TBS/Spar%20Ladies%202025/FB-Spar%20Womens-ToUpload/DSC_5714.jpg
PIC_NETWORK PRIVATE_NFS read_start uri=nfs://DietPi.local/mnt/4TBS/Spar%20Ladies%202025/FB-Spar%20Womens-ToUpload/DSC_5713.jpg max_bytes=134217728
PIC_NFS_CONNECT start host=DietPi.local export=/mnt/4TBS version=3
PIC_NFS_CONNECT ok host=DietPi.local export=/mnt/4TBS version=3
PIC_NETWORK PRIVATE_NFS read_done bytes=929130 elapsed_ms=26 uri=nfs://DietPi.local/mnt/4TBS/Spar%20Ladies%202025/FB-Spar%20Womens-ToUpload/DSC_5713.jpg
PIC_NETWORK PRIVATE_NFS read_start uri=nfs://DietPi.local/mnt/4TBS/Spar%20Ladies%202025/FB-Spar%20Womens-ToUpload/DSC_5709.jpg max_bytes=134217728
PIC_NFS_CONNECT start host=DietPi.local export=/mnt/4TBS version=3
PIC_NFS_CONNECT ok host=DietPi.local export=/mnt/4TBS version=3
PIC_NETWORK PRIVATE_NFS read_done bytes=1107313 elapsed_ms=28 uri=nfs://DietPi.local/mnt/4TBS/Spar%20Ladies%202025/FB-Spar%20Womens-ToUpload/DSC_5709.jpg
PIC_NETWORK PRIVATE_NFS read_start uri=nfs://DietPi.local/mnt/4TBS/Spar%20Ladies%202025/FB-Spar%20Womens-ToUpload/DSC_5708.jpg max_bytes=134217728
PIC_NFS_CONNECT start host=DietPi.local export=/mnt/4TBS version=3
PIC_NFS_CONNECT ok host=DietPi.local export=/mnt/4TBS version=3
PIC_NETWORK PRIVATE_NFS read_done bytes=1080349 elapsed_ms=28 uri=nfs://DietPi.local/mnt/4TBS/Spar%20Ladies%202025/FB-Spar%20Womens-ToUpload/DSC_5708.jpg
PIC_NETWORK PRIVATE_NFS read_start uri=nfs://DietPi.local/mnt/4TBS/Spar%20Ladies%202025/FB-Spar%20Womens-ToUpload/DSC_5713.jpg max_bytes=134217728
PIC_NFS_CONNECT start host=DietPi.local export=/mnt/4TBS version=3
PIC_NFS_CONNECT ok host=DietPi.local export=/mnt/4TBS version=3
PIC_NETWORK PRIVATE_NFS read_done bytes=929130 elapsed_ms=29 uri=nfs://DietPi.local/mnt/4TBS/Spar%20Ladies%202025/FB-Spar%20Womens-ToUpload/DSC_5713.jpg
PIC_NETWORK PRIVATE_NFS read_start uri=nfs://DietPi.local/mnt/4TBS/Spar%20Ladies%202025/FB-Spar%20Womens-ToUpload/DSC_5715.jpg max_bytes=134217728
PIC_NFS_CONNECT start host=DietPi.local export=/mnt/4TBS version=3
PIC_NFS_CONNECT ok host=DietPi.local export=/mnt/4TBS version=3
PIC_NETWORK PRIVATE_NFS read_done bytes=1154865 elapsed_ms=29 uri=nfs://DietPi.local/mnt/4TBS/Spar%20Ladies%202025/FB-Spar%20Womens-ToUpload/DSC_5715.jpg
PIC_NETWORK PRIVATE_NFS read_start uri=nfs://DietPi.local/mnt/4TBS/Spar%20Ladies%202025/FB-Spar%20Womens-ToUpload/DSC_5716.jpg max_bytes=134217728
PIC_NFS_CONNECT start host=DietPi.local export=/mnt/4TBS version=3
PIC_NFS_CONNECT ok host=DietPi.local export=/mnt/4TBS version=3
PIC_NETWORK PRIVATE_NFS read_done bytes=877392 elapsed_ms=26 uri=nfs://DietPi.local/mnt/4TBS/Spar%20Ladies%202025/FB-Spar%20Womens-ToUpload/DSC_5716.jpg
PIC_NETWORK PRIVATE_NFS read_start uri=nfs://DietPi.local/mnt/4TBS/Spar%20Ladies%202025/FB-Spar%20Womens-ToUpload/DSC_5722.jpg max_bytes=134217728
PIC_NFS_CONNECT start host=DietPi.local export=/mnt/4TBS version=3
PIC_NFS_CONNECT ok host=DietPi.local export=/mnt/4TBS version=3
PIC_NETWORK PRIVATE_NFS read_done bytes=1315425 elapsed_ms=28 uri=nfs://DietPi.local/mnt/4TBS/Spar%20Ladies%202025/FB-Spar%20Womens-ToUpload/DSC_5722.jpg
PIC_NETWORK PRIVATE_NFS read_start uri=nfs://DietPi.local/mnt/4TBS/Spar%20Ladies%202025/FB-Spar%20Womens-ToUpload/DSC_5723.jpg max_bytes=134217728
PIC_NFS_CONNECT start host=DietPi.local export=/mnt/4TBS version=3
PIC_NFS_CONNECT ok host=DietPi.local export=/mnt/4TBS version=3
PIC_NETWORK PRIVATE_NFS read_done bytes=910229 elapsed_ms=25 uri=nfs://DietPi.local/mnt/4TBS/Spar%20Ladies%202025/FB-Spar%20Womens-ToUpload/DSC_5723.jpg
PIC_NETWORK PRIVATE_NFS read_start uri=nfs://DietPi.local/mnt/4TBS/Spar%20Ladies%202025/FB-Spar%20Womens-ToUpload/DSC_5724.jpg max_bytes=134217728
PIC_NFS_CONNECT start host=DietPi.local export=/mnt/4TBS version=3
PIC_NFS_CONNECT ok host=DietPi.local export=/mnt/4TBS version=3
PIC_NETWORK PRIVATE_NFS read_done bytes=715186 elapsed_ms=22 uri=nfs://DietPi.local/mnt/4TBS/Spar%20Ladies%202025/FB-Spar%20Womens-ToUpload/DSC_5724.jpg
PIC_NETWORK PRIVATE_NFS read_start uri=nfs://DietPi.local/mnt/4TBS/Spar%20Ladies%202025/FB-Spar%20Womens-ToUpload/DSC_5725.jpg max_bytes=134217728
PIC_NFS_CONNECT start host=DietPi.local export=/mnt/4TBS version=3
PIC_NFS_CONNECT ok host=DietPi.local export=/mnt/4TBS version=3
PIC_NETWORK PRIVATE_NFS read_done bytes=1099646 elapsed_ms=27 uri=nfs://DietPi.local/mnt/4TBS/Spar%20Ladies%202025/FB-Spar%20Womens-ToUpload/DSC_5725.jpg
PIC_NETWORK PRIVATE_NFS read_start uri=nfs://DietPi.local/mnt/4TBS/Spar%20Ladies%202025/FB-Spar%20Womens-ToUpload/DSC_5728.jpg max_bytes=134217728
PIC_NFS_CONNECT start host=DietPi.local export=/mnt/4TBS version=3
PIC_NFS_CONNECT ok host=DietPi.local export=/mnt/4TBS version=3
PIC_NETWORK PRIVATE_NFS read_done bytes=1072644 elapsed_ms=28 uri=nfs://DietPi.local/mnt/4TBS/Spar%20Ladies%202025/FB-Spar%20Womens-ToUpload/DSC_5728.jpg
PIC_NETWORK PRIVATE_NFS read_start uri=nfs://DietPi.local/mnt/4TBS/Spar%20Ladies%202025/FB-Spar%20Womens-ToUpload/DSC_5729.jpg max_bytes=134217728
PIC_NFS_CONNECT start host=DietPi.local export=/mnt/4TBS version=3
PIC_NFS_CONNECT ok host=DietPi.local export=/mnt/4TBS version=3
PIC_NETWORK PRIVATE_NFS read_done bytes=1025733 elapsed_ms=26 uri=nfs://DietPi.local/mnt/4TBS/Spar%20Ladies%202025/FB-Spar%20Womens-ToUpload/DSC_5729.jpg
PIC_NETWORK PRIVATE_NFS read_start uri=nfs://DietPi.local/mnt/4TBS/Spar%20Ladies%202025/FB-Spar%20Womens-ToUpload/DSC_5730.jpg max_bytes=134217728
PIC_NFS_CONNECT start host=DietPi.local export=/mnt/4TBS version=3
PIC_NFS_CONNECT ok host=DietPi.local export=/mnt/4TBS version=3
PIC_NETWORK PRIVATE_NFS read_done bytes=816342 elapsed_ms=24 uri=nfs://DietPi.local/mnt/4TBS/Spar%20Ladies%202025/FB-Spar%20Womens-ToUpload/DSC_5730.jpg
PIC_NETWORK PRIVATE_NFS read_start uri=nfs://DietPi.local/mnt/4TBS/Spar%20Ladies%202025/FB-Spar%20Womens-ToUpload/DSC_5731.jpg max_bytes=134217728
PIC_NFS_CONNECT start host=DietPi.local export=/mnt/4TBS version=3
PIC_NFS_CONNECT ok host=DietPi.local export=/mnt/4TBS version=3
PIC_NETWORK PRIVATE_NFS read_done bytes=1150898 elapsed_ms=29 uri=nfs://DietPi.local/mnt/4TBS/Spar%20Ladies%202025/FB-Spar%20Womens-ToUpload/DSC_5731.jpg
PIC_NETWORK PRIVATE_NFS read_start uri=nfs://DietPi.local/mnt/4TBS/Spar%20Ladies%202025/FB-Spar%20Womens-ToUpload/DSC_5733.jpg max_bytes=134217728
PIC_NFS_CONNECT start host=DietPi.local export=/mnt/4TBS version=3
PIC_NFS_CONNECT ok host=DietPi.local export=/mnt/4TBS version=3
PIC_NETWORK PRIVATE_NFS read_done bytes=842385 elapsed_ms=25 uri=nfs://DietPi.local/mnt/4TBS/Spar%20Ladies%202025/FB-Spar%20Womens-ToUpload/DSC_5733.jpg
PIC_NETWORK PRIVATE_NFS read_start uri=nfs://DietPi.local/mnt/4TBS/Spar%20Ladies%202025/FB-Spar%20Womens-ToUpload/DSC_5736.jpg max_bytes=134217728
PIC_NFS_CONNECT start host=DietPi.local export=/mnt/4TBS version=3
PIC_NFS_CONNECT ok host=DietPi.local export=/mnt/4TBS version=3
PIC_NETWORK PRIVATE_NFS read_done bytes=1101486 elapsed_ms=27 uri=nfs://DietPi.local/mnt/4TBS/Spar%20Ladies%202025/FB-Spar%20Womens-ToUpload/DSC_5736.jpg
PIC_NETWORK PRIVATE_NFS read_start uri=nfs://DietPi.local/mnt/4TBS/Spar%20Ladies%202025/FB-Spar%20Womens-ToUpload/DSC_5738.jpg max_bytes=134217728
PIC_NFS_CONNECT start host=DietPi.local export=/mnt/4TBS version=3
PIC_NFS_CONNECT ok host=DietPi.local export=/mnt/4TBS version=3
PIC_NETWORK PRIVATE_NFS read_done bytes=1035050 elapsed_ms=26 uri=nfs://DietPi.local/mnt/4TBS/Spar%20Ladies%202025/FB-Spar%20Womens-ToUpload/DSC_5738.jpg
PIC_NETWORK PRIVATE_NFS read_start uri=nfs://DietPi.local/mnt/4TBS/Spar%20Ladies%202025/FB-Spar%20Womens-ToUpload/DSC_5740.jpg max_bytes=134217728
PIC_NFS_CONNECT start host=DietPi.local export=/mnt/4TBS version=3
PIC_NFS_CONNECT ok host=DietPi.local export=/mnt/4TBS version=3
PIC_NETWORK PRIVATE_NFS read_done bytes=1204657 elapsed_ms=29 uri=nfs://DietPi.local/mnt/4TBS/Spar%20Ladies%202025/FB-Spar%20Womens-ToUpload/DSC_5740.jpg
PIC_NETWORK PRIVATE_NFS read_start uri=nfs://DietPi.local/mnt/4TBS/Spar%20Ladies%202025/FB-Spar%20Womens-ToUpload/DSC_5741.jpg max_bytes=134217728
PIC_NFS_CONNECT start host=DietPi.local export=/mnt/4TBS version=3
PIC_NFS_CONNECT ok host=DietPi.local export=/mnt/4TBS version=3
PIC_NETWORK PRIVATE_NFS read_done bytes=1126777 elapsed_ms=27 uri=nfs://DietPi.local/mnt/4TBS/Spar%20Ladies%202025/FB-Spar%20Womens-ToUpload/DSC_5741.jpg
PIC_NETWORK PRIVATE_NFS read_start uri=nfs://DietPi.local/mnt/4TBS/Spar%20Ladies%202025/FB-Spar%20Womens-ToUpload/DSC_5742.jpg max_bytes=134217728
PIC_NFS_CONNECT start host=DietPi.local export=/mnt/4TBS version=3
PIC_NFS_CONNECT ok host=DietPi.local export=/mnt/4TBS version=3
PIC_NETWORK PRIVATE_NFS read_done bytes=1142586 elapsed_ms=29 uri=nfs://DietPi.local/mnt/4TBS/Spar%20Ladies%202025/FB-Spar%20Womens-ToUpload/DSC_5742.jpg
PIC_NETWORK PRIVATE_NFS read_start uri=nfs://DietPi.local/mnt/4TBS/Spar%20Ladies%202025/FB-Spar%20Womens-ToUpload/DSC_5743.jpg max_bytes=134217728
PIC_NFS_CONNECT start host=DietPi.local export=/mnt/4TBS version=3
PIC_NFS_CONNECT ok host=DietPi.local export=/mnt/4TBS version=3
PIC_NETWORK PRIVATE_NFS read_done bytes=1247313 elapsed_ms=30 uri=nfs://DietPi.local/mnt/4TBS/Spar%20Ladies%202025/FB-Spar%20Womens-ToUpload/DSC_5743.jpg
PIC_NETWORK PRIVATE_NFS read_start uri=nfs://DietPi.local/mnt/4TBS/Spar%20Ladies%202025/FB-Spar%20Womens-ToUpload/DSC_5746.jpg max_bytes=134217728
PIC_NFS_CONNECT start host=DietPi.local export=/mnt/4TBS version=3
PIC_NFS_CONNECT ok host=DietPi.local export=/mnt/4TBS version=3
PIC_NETWORK PRIVATE_NFS read_done bytes=1256942 elapsed_ms=29 uri=nfs://DietPi.local/mnt/4TBS/Spar%20Ladies%202025/FB-Spar%20Womens-ToUpload/DSC_5746.jpg
PIC_NETWORK PRIVATE_NFS read_start uri=nfs://DietPi.local/mnt/4TBS/Spar%20Ladies%202025/FB-Spar%20Womens-ToUpload/DSC_5747.jpg max_bytes=134217728
PIC_NFS_CONNECT start host=DietPi.local export=/mnt/4TBS version=3
PIC_NFS_CONNECT ok host=DietPi.local export=/mnt/4TBS version=3
PIC_NETWORK PRIVATE_NFS read_done bytes=1029762 elapsed_ms=25 uri=nfs://DietPi.local/mnt/4TBS/Spar%20Ladies%202025/FB-Spar%20Womens-ToUpload/DSC_5747.jpg
PIC_NETWORK PRIVATE_NFS read_start uri=nfs://DietPi.local/mnt/4TBS/Spar%20Ladies%202025/FB-Spar%20Womens-ToUpload/DSC_5748.jpg max_bytes=134217728
PIC_NFS_CONNECT start host=DietPi.local export=/mnt/4TBS version=3
PIC_NFS_CONNECT ok host=DietPi.local export=/mnt/4TBS version=3
PIC_NETWORK PRIVATE_NFS read_done bytes=821554 elapsed_ms=24 uri=nfs://DietPi.local/mnt/4TBS/Spar%20Ladies%202025/FB-Spar%20Womens-ToUpload/DSC_5748.jpg
PIC_NETWORK PRIVATE_NFS read_start uri=nfs://DietPi.local/mnt/4TBS/Spar%20Ladies%202025/FB-Spar%20Womens-ToUpload/DSC_5749.jpg max_bytes=134217728
PIC_NFS_CONNECT start host=DietPi.local export=/mnt/4TBS version=3
PIC_NFS_CONNECT ok host=DietPi.local export=/mnt/4TBS version=3
PIC_NETWORK PRIVATE_NFS read_done bytes=770556 elapsed_ms=23 uri=nfs://DietPi.local/mnt/4TBS/Spar%20Ladies%202025/FB-Spar%20Womens-ToUpload/DSC_5749.jpg
PIC_NETWORK PRIVATE_NFS read_start uri=nfs://DietPi.local/mnt/4TBS/Spar%20Ladies%202025/FB-Spar%20Womens-ToUpload/DSC_5751.jpg max_bytes=134217728
PIC_NFS_CONNECT start host=DietPi.local export=/mnt/4TBS version=3
PIC_NFS_CONNECT ok host=DietPi.local export=/mnt/4TBS version=3
PIC_NETWORK PRIVATE_NFS read_done bytes=1164947 elapsed_ms=28 uri=nfs://DietPi.local/mnt/4TBS/Spar%20Ladies%202025/FB-Spar%20Womens-ToUpload/DSC_5751.jpg
PIC_NETWORK PRIVATE_NFS read_start uri=nfs://DietPi.local/mnt/4TBS/Spar%20Ladies%202025/FB-Spar%20Womens-ToUpload/DSC_5752.jpg max_bytes=134217728
PIC_NFS_CONNECT start host=DietPi.local export=/mnt/4TBS version=3
PIC_NFS_CONNECT ok host=DietPi.local export=/mnt/4TBS version=3
PIC_NETWORK PRIVATE_NFS read_done bytes=754590 elapsed_ms=24 uri=nfs://DietPi.local/mnt/4TBS/Spar%20Ladies%202025/FB-Spar%20Womens-ToUpload/DSC_5752.jpg
PIC_NETWORK PRIVATE_NFS read_start uri=nfs://DietPi.local/mnt/4TBS/Spar%20Ladies%202025/FB-Spar%20Womens-ToUpload/DSC_5754.jpg max_bytes=134217728
PIC_NFS_CONNECT start host=DietPi.local export=/mnt/4TBS version=3
PIC_NFS_CONNECT ok host=DietPi.local export=/mnt/4TBS version=3
PIC_NETWORK PRIVATE_NFS read_done bytes=1016621 elapsed_ms=26 uri=nfs://DietPi.local/mnt/4TBS/Spar%20Ladies%202025/FB-Spar%20Womens-ToUpload/DSC_5754.jpg
PIC_NETWORK PRIVATE_NFS read_start uri=nfs://DietPi.local/mnt/4TBS/Spar%20Ladies%202025/FB-Spar%20Womens-ToUpload/DSC_5755.jpg max_bytes=134217728
PIC_NFS_CONNECT start host=DietPi.local export=/mnt/4TBS version=3
PIC_NFS_CONNECT ok host=DietPi.local export=/mnt/4TBS version=3
PIC_NETWORK PRIVATE_NFS read_done bytes=842795 elapsed_ms=25 uri=nfs://DietPi.local/mnt/4TBS/Spar%20Ladies%202025/FB-Spar%20Womens-ToUpload/DSC_5755.jpg
PIC_NETWORK PRIVATE_NFS read_start uri=nfs://DietPi.local/mnt/4TBS/Spar%20Ladies%202025/FB-Spar%20Womens-ToUpload/DSC_5756.jpg max_bytes=134217728
PIC_NFS_CONNECT start host=DietPi.local export=/mnt/4TBS version=3
PIC_NFS_CONNECT ok host=DietPi.local export=/mnt/4TBS version=3
PIC_NETWORK PRIVATE_NFS read_done bytes=1007188 elapsed_ms=27 uri=nfs://DietPi.local/mnt/4TBS/Spar%20Ladies%202025/FB-Spar%20Womens-ToUpload/DSC_5756.jpg
PIC_NETWORK PRIVATE_NFS read_start uri=nfs://DietPi.local/mnt/4TBS/Spar%20Ladies%202025/FB-Spar%20Womens-ToUpload/DSC_5757.jpg max_bytes=134217728
PIC_NFS_CONNECT start host=DietPi.local export=/mnt/4TBS version=3
PIC_NFS_CONNECT ok host=DietPi.local export=/mnt/4TBS version=3
PIC_NETWORK PRIVATE_NFS read_done bytes=827142 elapsed_ms=25 uri=nfs://DietPi.local/mnt/4TBS/Spar%20Ladies%202025/FB-Spar%20Womens-ToUpload/DSC_5757.jpg
PIC_NETWORK PRIVATE_NFS read_start uri=nfs://DietPi.local/mnt/4TBS/Spar%20Ladies%202025/FB-Spar%20Womens-ToUpload/DSC_5758.jpg max_bytes=134217728
PIC_NFS_CONNECT start host=DietPi.local export=/mnt/4TBS version=3
PIC_NFS_CONNECT ok host=DietPi.local export=/mnt/4TBS version=3
PIC_NETWORK PRIVATE_NFS read_done bytes=840623 elapsed_ms=25 uri=nfs://DietPi.local/mnt/4TBS/Spar%20Ladies%202025/FB-Spar%20Womens-ToUpload/DSC_5758.jpg
PIC_NETWORK PRIVATE_NFS read_start uri=nfs://DietPi.local/mnt/4TBS/Spar%20Ladies%202025/FB-Spar%20Womens-ToUpload/DSC_5759.jpg max_bytes=134217728
PIC_NFS_CONNECT start host=DietPi.local export=/mnt/4TBS version=3
PIC_NFS_CONNECT ok host=DietPi.local export=/mnt/4TBS version=3
PIC_NETWORK PRIVATE_NFS read_done bytes=715844 elapsed_ms=24 uri=nfs://DietPi.local/mnt/4TBS/Spar%20Ladies%202025/FB-Spar%20Womens-ToUpload/DSC_5759.jpg
PIC_NETWORK PRIVATE_NFS read_start uri=nfs://DietPi.local/mnt/4TBS/Spar%20Ladies%202025/FB-Spar%20Womens-ToUpload/DSC_5760.jpg max_bytes=134217728
PIC_NFS_CONNECT start host=DietPi.local export=/mnt/4TBS version=3
PIC_NFS_CONNECT ok host=DietPi.local export=/mnt/4TBS version=3
PIC_NETWORK PRIVATE_NFS read_done bytes=1168331 elapsed_ms=27 uri=nfs://DietPi.local/mnt/4TBS/Spar%20Ladies%202025/FB-Spar%20Womens-ToUpload/DSC_5760.jpg
PIC_NETWORK PRIVATE_NFS read_start uri=nfs://DietPi.local/mnt/4TBS/Spar%20Ladies%202025/FB-Spar%20Womens-ToUpload/DSC_5761.jpg max_bytes=134217728
PIC_NFS_CONNECT start host=DietPi.local export=/mnt/4TBS version=3
PIC_NFS_CONNECT ok host=DietPi.local export=/mnt/4TBS version=3
PIC_NETWORK PRIVATE_NFS read_done bytes=1182005 elapsed_ms=27 uri=nfs://DietPi.local/mnt/4TBS/Spar%20Ladies%202025/FB-Spar%20Womens-ToUpload/DSC_5761.jpg
PIC_NETWORK PRIVATE_NFS read_start uri=nfs://DietPi.local/mnt/4TBS/Spar%20Ladies%202025/FB-Spar%20Womens-ToUpload/DSC_5762.jpg max_bytes=134217728
PIC_NFS_CONNECT start host=DietPi.local export=/mnt/4TBS version=3
PIC_NFS_CONNECT ok host=DietPi.local export=/mnt/4TBS version=3
PIC_NETWORK PRIVATE_NFS read_done bytes=949909 elapsed_ms=24 uri=nfs://DietPi.local/mnt/4TBS/Spar%20Ladies%202025/FB-Spar%20Womens-ToUpload/DSC_5762.jpg
PIC_NETWORK PRIVATE_NFS read_start uri=nfs://DietPi.local/mnt/4TBS/Spar%20Ladies%202025/FB-Spar%20Womens-ToUpload/DSC_5763.jpg max_bytes=134217728
PIC_NFS_CONNECT start host=DietPi.local export=/mnt/4TBS version=3
PIC_NFS_CONNECT ok host=DietPi.local export=/mnt/4TBS version=3
PIC_NETWORK PRIVATE_NFS read_done bytes=1163902 elapsed_ms=28 uri=nfs://DietPi.local/mnt/4TBS/Spar%20Ladies%202025/FB-Spar%20Womens-ToUpload/DSC_5763.jpg
PIC_NETWORK PRIVATE_NFS read_start uri=nfs://DietPi.local/mnt/4TBS/Spar%20Ladies%202025/FB-Spar%20Womens-ToUpload/DSC_5764.jpg max_bytes=134217728
PIC_NFS_CONNECT start host=DietPi.local export=/mnt/4TBS version=3
PIC_NFS_CONNECT ok host=DietPi.local export=/mnt/4TBS version=3
PIC_NETWORK PRIVATE_NFS read_done bytes=1246620 elapsed_ms=28 uri=nfs://DietPi.local/mnt/4TBS/Spar%20Ladies%202025/FB-Spar%20Womens-ToUpload/DSC_5764.jpg
PIC_NETWORK PRIVATE_NFS read_start uri=nfs://DietPi.local/mnt/4TBS/Spar%20Ladies%202025/FB-Spar%20Womens-ToUpload/DSC_5765.jpg max_bytes=134217728
PIC_NFS_CONNECT start host=DietPi.local export=/mnt/4TBS version=3
PIC_NFS_CONNECT ok host=DietPi.local export=/mnt/4TBS version=3
PIC_NETWORK PRIVATE_NFS read_done bytes=1174282 elapsed_ms=28 uri=nfs://DietPi.local/mnt/4TBS/Spar%20Ladies%202025/FB-Spar%20Womens-ToUpload/DSC_5765.jpg
PIC_NETWORK PRIVATE_NFS read_start uri=nfs://DietPi.local/mnt/4TBS/Spar%20Ladies%202025/FB-Spar%20Womens-ToUpload/DSC_5766.jpg max_bytes=134217728
PIC_NFS_CONNECT start host=DietPi.local export=/mnt/4TBS version=3
PIC_NFS_CONNECT ok host=DietPi.local export=/mnt/4TBS version=3
PIC_NETWORK PRIVATE_NFS read_done bytes=925666 elapsed_ms=24 uri=nfs://DietPi.local/mnt/4TBS/Spar%20Ladies%202025/FB-Spar%20Womens-ToUpload/DSC_5766.jpg
PIC_NETWORK PRIVATE_NFS read_start uri=nfs://DietPi.local/mnt/4TBS/Spar%20Ladies%202025/FB-Spar%20Womens-ToUpload/DSC_5767.jpg max_bytes=134217728
PIC_NFS_CONNECT start host=DietPi.local export=/mnt/4TBS version=3
PIC_NFS_CONNECT ok host=DietPi.local export=/mnt/4TBS version=3
PIC_NETWORK PRIVATE_NFS read_start uri=nfs://DietPi.local/mnt/4TBS/Spar%20Ladies%202025/FB-Spar%20Womens-ToUpload/DSC_5768.jpg max_bytes=134217728
PIC_NFS_CONNECT start host=DietPi.local export=/mnt/4TBS version=3
PIC_NFS_CONNECT ok host=DietPi.local export=/mnt/4TBS version=3
PIC_NETWORK PRIVATE_NFS read_done bytes=1281617 elapsed_ms=53 uri=nfs://DietPi.local/mnt/4TBS/Spar%20Ladies%202025/FB-Spar%20Womens-ToUpload/DSC_5767.jpg
PIC_NETWORK PRIVATE_NFS read_start uri=nfs://DietPi.local/mnt/4TBS/Spar%20Ladies%202025/FB-Spar%20Womens-ToUpload/DSC_5769.jpg max_bytes=134217728
PIC_NFS_CONNECT start host=DietPi.local export=/mnt/4TBS version=3
PIC_NFS_CONNECT ok host=DietPi.local export=/mnt/4TBS version=3
PIC_NETWORK PRIVATE_NFS read_done bytes=1196082 elapsed_ms=59 uri=nfs://DietPi.local/mnt/4TBS/Spar%20Ladies%202025/FB-Spar%20Womens-ToUpload/DSC_5768.jpg
PIC_NETWORK PRIVATE_NFS read_start uri=nfs://DietPi.local/mnt/4TBS/Spar%20Ladies%202025/FB-Spar%20Womens-ToUpload/DSC_5770.jpg max_bytes=134217728
PIC_NFS_CONNECT start host=DietPi.local export=/mnt/4TBS version=3
PIC_NFS_CONNECT ok host=DietPi.local export=/mnt/4TBS version=3
PIC_NETWORK PRIVATE_NFS read_done bytes=867380 elapsed_ms=54 uri=nfs://DietPi.local/mnt/4TBS/Spar%20Ladies%202025/FB-Spar%20Womens-ToUpload/DSC_5769.jpg
PIC_NETWORK PRIVATE_NFS read_start uri=nfs://DietPi.local/mnt/4TBS/Spar%20Ladies%202025/FB-Spar%20Womens-ToUpload/DSC_5771.jpg max_bytes=134217728
PIC_NFS_CONNECT start host=DietPi.local export=/mnt/4TBS version=3
PIC_NETWORK PRIVATE_NFS read_done bytes=1237094 elapsed_ms=30 uri=nfs://DietPi.local/mnt/4TBS/Spar%20Ladies%202025/FB-Spar%20Womens-ToUpload/DSC_5770.jpg
PIC_NFS_CONNECT ok host=DietPi.local export=/mnt/4TBS version=3
PIC_NETWORK PRIVATE_NFS read_done bytes=1167553 elapsed_ms=29 uri=nfs://DietPi.local/mnt/4TBS/Spar%20Ladies%202025/FB-Spar%20Womens-ToUpload/DSC_5771.jpg
PIC_NETWORK PRIVATE_NFS read_start uri=nfs://DietPi.local/mnt/4TBS/Spar%20Ladies%202025/FB-Spar%20Womens-ToUpload/DSC_5772.jpg max_bytes=134217728
PIC_NFS_CONNECT start host=DietPi.local export=/mnt/4TBS version=3
PIC_NFS_CONNECT ok host=DietPi.local export=/mnt/4TBS version=3
PIC_NETWORK PRIVATE_NFS read_done bytes=1076413 elapsed_ms=50 uri=nfs://DietPi.local/mnt/4TBS/Spar%20Ladies%202025/FB-Spar%20Womens-ToUpload/DSC_5772.jpg
PIC_NETWORK PRIVATE_NFS read_start uri=nfs://DietPi.local/mnt/4TBS/Spar%20Ladies%202025/FB-Spar%20Womens-ToUpload/DSC_5773.jpg max_bytes=134217728
PIC_NETWORK PRIVATE_NFS read_start uri=nfs://DietPi.local/mnt/4TBS/Spar%20Ladies%202025/FB-Spar%20Womens-ToUpload/DSC_5771.jpg max_bytes=134217728
PIC_NFS_CONNECT start host=DietPi.local export=/mnt/4TBS version=3
PIC_NFS_CONNECT start host=DietPi.local export=/mnt/4TBS version=3
PIC_NFS_CONNECT ok host=DietPi.local export=/mnt/4TBS version=3
PIC_NFS_CONNECT ok host=DietPi.local export=/mnt/4TBS version=3
PIC_NETWORK PRIVATE_NFS read_done bytes=1167553 elapsed_ms=29 uri=nfs://DietPi.local/mnt/4TBS/Spar%20Ladies%202025/FB-Spar%20Womens-ToUpload/DSC_5771.jpg
PIC_NETWORK PRIVATE_NFS read_done bytes=754310 elapsed_ms=40 uri=nfs://DietPi.local/mnt/4TBS/Spar%20Ladies%202025/FB-Spar%20Womens-ToUpload/DSC_5773.jpg
PIC_NETWORK PRIVATE_NFS read_start uri=nfs://DietPi.local/mnt/4TBS/Spar%20Ladies%202025/FB-Spar%20Womens-ToUpload/DSC_7216.jpg max_bytes=134217728
PIC_NFS_CONNECT start host=DietPi.local export=/mnt/4TBS version=3
PIC_NFS_CONNECT ok host=DietPi.local export=/mnt/4TBS version=3
PIC_NETWORK PRIVATE_NFS read_done bytes=812570 elapsed_ms=52 uri=nfs://DietPi.local/mnt/4TBS/Spar%20Ladies%202025/FB-Spar%20Womens-ToUpload/DSC_7216.jpg
PIC_NETWORK PRIVATE_NFS read_start uri=nfs://DietPi.local/mnt/4TBS/Spar%20Ladies%202025/FB-Spar%20Womens-ToUpload/DSC_7217.jpg max_bytes=134217728
PIC_NFS_CONNECT start host=DietPi.local export=/mnt/4TBS version=3
PIC_NFS_CONNECT ok host=DietPi.local export=/mnt/4TBS version=3
PIC_NETWORK PRIVATE_NFS read_done bytes=1072523 elapsed_ms=41 uri=nfs://DietPi.local/mnt/4TBS/Spar%20Ladies%202025/FB-Spar%20Womens-ToUpload/DSC_7217.jpg
PIC_NETWORK PRIVATE_NFS read_start uri=nfs://DietPi.local/mnt/4TBS/Spar%20Ladies%202025/FB-Spar%20Womens-ToUpload/DSC_7218.jpg max_bytes=134217728
PIC_NFS_CONNECT start host=DietPi.local export=/mnt/4TBS version=3
PIC_NFS_CONNECT ok host=DietPi.local export=/mnt/4TBS version=3
PIC_NETWORK PRIVATE_NFS read_done bytes=1076421 elapsed_ms=32 uri=nfs://DietPi.local/mnt/4TBS/Spar%20Ladies%202025/FB-Spar%20Womens-ToUpload/DSC_7218.jpg
PIC_NETWORK PRIVATE_NFS read_start uri=nfs://DietPi.local/mnt/4TBS/Spar%20Ladies%202025/FB-Spar%20Womens-ToUpload/DSC_7219.jpg max_bytes=134217728
PIC_NFS_CONNECT start host=DietPi.local export=/mnt/4TBS version=3
PIC_NFS_CONNECT ok host=DietPi.local export=/mnt/4TBS version=3
PIC_NETWORK PRIVATE_NFS read_done bytes=889808 elapsed_ms=27 uri=nfs://DietPi.local/mnt/4TBS/Spar%20Ladies%202025/FB-Spar%20Womens-ToUpload/DSC_7219.jpg
PIC_NETWORK PRIVATE_NFS read_start uri=nfs://DietPi.local/mnt/4TBS/Spar%20Ladies%202025/FB-Spar%20Womens-ToUpload/DSC_7220.jpg max_bytes=134217728
PIC_NFS_CONNECT start host=DietPi.local export=/mnt/4TBS version=3
PIC_NFS_CONNECT ok host=DietPi.local export=/mnt/4TBS version=3
PIC_NETWORK PRIVATE_NFS read_done bytes=893153 elapsed_ms=27 uri=nfs://DietPi.local/mnt/4TBS/Spar%20Ladies%202025/FB-Spar%20Womens-ToUpload/DSC_7220.jpg
PIC_NETWORK PRIVATE_NFS read_start uri=nfs://DietPi.local/mnt/4TBS/Spar%20Ladies%202025/FB-Spar%20Womens-ToUpload/DSC_7221.jpg max_bytes=134217728
PIC_NFS_CONNECT start host=DietPi.local export=/mnt/4TBS version=3
PIC_NFS_CONNECT ok host=DietPi.local export=/mnt/4TBS version=3
PIC_NETWORK PRIVATE_NFS read_done bytes=984799 elapsed_ms=28 uri=nfs://DietPi.local/mnt/4TBS/Spar%20Ladies%202025/FB-Spar%20Womens-ToUpload/DSC_7221.jpg
PIC_NETWORK PRIVATE_NFS read_start uri=nfs://DietPi.local/mnt/4TBS/Spar%20Ladies%202025/FB-Spar%20Womens-ToUpload/DSC_7222.jpg max_bytes=134217728
PIC_NFS_CONNECT start host=DietPi.local export=/mnt/4TBS version=3
PIC_NFS_CONNECT ok host=DietPi.local export=/mnt/4TBS version=3
PIC_NETWORK PRIVATE_NFS read_done bytes=744690 elapsed_ms=50 uri=nfs://DietPi.local/mnt/4TBS/Spar%20Ladies%202025/FB-Spar%20Womens-ToUpload/DSC_7222.jpg
PIC_NETWORK PRIVATE_NFS read_start uri=nfs://DietPi.local/mnt/4TBS/Spar%20Ladies%202025/FB-Spar%20Womens-ToUpload/DSC_7223.jpg max_bytes=134217728
PIC_NFS_CONNECT start host=DietPi.local export=/mnt/4TBS version=3
PIC_NFS_CONNECT ok host=DietPi.local export=/mnt/4TBS version=3
PIC_NETWORK PRIVATE_NFS read_done bytes=981180 elapsed_ms=30 uri=nfs://DietPi.local/mnt/4TBS/Spar%20Ladies%202025/FB-Spar%20Womens-ToUpload/DSC_7223.jpg
PIC_NETWORK PRIVATE_NFS read_start uri=nfs://DietPi.local/mnt/4TBS/Spar%20Ladies%202025/FB-Spar%20Womens-ToUpload/DSC_7224.jpg max_bytes=134217728
PIC_NETWORK PRIVATE_NFS read_start uri=nfs://DietPi.local/mnt/4TBS/Spar%20Ladies%202025/FB-Spar%20Womens-ToUpload/DSC_7222.jpg max_bytes=134217728
PIC_NFS_CONNECT start host=DietPi.local export=/mnt/4TBS version=3
PIC_NFS_CONNECT start host=DietPi.local export=/mnt/4TBS version=3
PIC_NFS_CONNECT ok host=DietPi.local export=/mnt/4TBS version=3
PIC_NFS_CONNECT ok host=DietPi.local export=/mnt/4TBS version=3
PIC_NETWORK PRIVATE_NFS read_done bytes=744690 elapsed_ms=30 uri=nfs://DietPi.local/mnt/4TBS/Spar%20Ladies%202025/FB-Spar%20Womens-ToUpload/DSC_7222.jpg
PIC_NETWORK PRIVATE_NFS read_done bytes=1460980 elapsed_ms=36 uri=nfs://DietPi.local/mnt/4TBS/Spar%20Ladies%202025/FB-Spar%20Womens-ToUpload/DSC_7224.jpg
PIC_NETWORK PRIVATE_NFS read_start uri=nfs://DietPi.local/mnt/4TBS/Spar%20Ladies%202025/FB-Spar%20Womens-ToUpload/DSC_7225.jpg max_bytes=134217728
PIC_NFS_CONNECT start host=DietPi.local export=/mnt/4TBS version=3
PIC_NFS_CONNECT ok host=DietPi.local export=/mnt/4TBS version=3
PIC_NETWORK PRIVATE_NFS read_done bytes=910108 elapsed_ms=26 uri=nfs://DietPi.local/mnt/4TBS/Spar%20Ladies%202025/FB-Spar%20Womens-ToUpload/DSC_7225.jpg
PIC_NETWORK PRIVATE_NFS read_start uri=nfs://DietPi.local/mnt/4TBS/Spar%20Ladies%202025/FB-Spar%20Womens-ToUpload/DSC_7226.jpg max_bytes=134217728
PIC_NFS_CONNECT start host=DietPi.local export=/mnt/4TBS version=3
PIC_NFS_CONNECT ok host=DietPi.local export=/mnt/4TBS version=3
PIC_NETWORK PRIVATE_NFS read_done bytes=1389795 elapsed_ms=34 uri=nfs://DietPi.local/mnt/4TBS/Spar%20Ladies%202025/FB-Spar%20Womens-ToUpload/DSC_7226.jpg
PIC_NETWORK PRIVATE_NFS read_start uri=nfs://DietPi.local/mnt/4TBS/Spar%20Ladies%202025/FB-Spar%20Womens-ToUpload/DSC_7227.jpg max_bytes=134217728
PIC_NFS_CONNECT start host=DietPi.local export=/mnt/4TBS version=3
PIC_NFS_CONNECT ok host=DietPi.local export=/mnt/4TBS version=3
PIC_NETWORK PRIVATE_NFS read_done bytes=1184354 elapsed_ms=42 uri=nfs://DietPi.local/mnt/4TBS/Spar%20Ladies%202025/FB-Spar%20Womens-ToUpload/DSC_7227.jpg
PIC_NETWORK PRIVATE_NFS read_start uri=nfs://DietPi.local/mnt/4TBS/Spar%20Ladies%202025/FB-Spar%20Womens-ToUpload/DSC_7228.jpg max_bytes=134217728
PIC_NETWORK PRIVATE_NFS read_start uri=nfs://DietPi.local/mnt/4TBS/Spar%20Ladies%202025/FB-Spar%20Womens-ToUpload/DSC_7226.jpg max_bytes=134217728
PIC_NFS_CONNECT start host=DietPi.local export=/mnt/4TBS version=3
PIC_NFS_CONNECT start host=DietPi.local export=/mnt/4TBS version=3
PIC_NFS_CONNECT ok host=DietPi.local export=/mnt/4TBS version=3
PIC_NFS_CONNECT ok host=DietPi.local export=/mnt/4TBS version=3
PIC_NETWORK PRIVATE_NFS read_start uri=nfs://DietPi.local/mnt/4TBS/Spar%20Ladies%202025/FB-Spar%20Womens-ToUpload/DSC_7228.jpg max_bytes=134217728
PIC_NFS_CONNECT start host=DietPi.local export=/mnt/4TBS version=3
PIC_NETWORK PRIVATE_NFS read_done bytes=1389795 elapsed_ms=38 uri=nfs://DietPi.local/mnt/4TBS/Spar%20Ladies%202025/FB-Spar%20Womens-ToUpload/DSC_7226.jpg
PIC_NETWORK PRIVATE_NFS read_done bytes=1332413 elapsed_ms=44 uri=nfs://DietPi.local/mnt/4TBS/Spar%20Ladies%202025/FB-Spar%20Womens-ToUpload/DSC_7228.jpg
PIC_NFS_CONNECT ok host=DietPi.local export=/mnt/4TBS version=3
PIC_NETWORK PRIVATE_NFS read_start uri=nfs://DietPi.local/mnt/4TBS/Spar%20Ladies%202025/FB-Spar%20Womens-ToUpload/DSC_7229.jpg max_bytes=134217728
PIC_NFS_CONNECT start host=DietPi.local export=/mnt/4TBS version=3
PIC_NETWORK PRIVATE_NFS read_start uri=nfs://DietPi.local/mnt/4TBS/Spar%20Ladies%202025/FB-Spar%20Womens-ToUpload/DSC_7230.jpg max_bytes=134217728
PIC_NFS_CONNECT start host=DietPi.local export=/mnt/4TBS version=3
PIC_NETWORK PRIVATE_NFS read_done bytes=1332413 elapsed_ms=32 uri=nfs://DietPi.local/mnt/4TBS/Spar%20Ladies%202025/FB-Spar%20Womens-ToUpload/DSC_7228.jpg
PIC_NFS_CONNECT ok host=DietPi.local export=/mnt/4TBS version=3
PIC_NFS_CONNECT ok host=DietPi.local export=/mnt/4TBS version=3
PIC_NETWORK PRIVATE_NFS read_done bytes=1255341 elapsed_ms=37 uri=nfs://DietPi.local/mnt/4TBS/Spar%20Ladies%202025/FB-Spar%20Womens-ToUpload/DSC_7229.jpg
PIC_NETWORK PRIVATE_NFS read_start uri=nfs://DietPi.local/mnt/4TBS/Spar%20Ladies%202025/FB-Spar%20Womens-ToUpload/DSC_7231.jpg max_bytes=134217728
PIC_NFS_CONNECT start host=DietPi.local export=/mnt/4TBS version=3
PIC_NETWORK PRIVATE_NFS read_done bytes=1356258 elapsed_ms=44 uri=nfs://DietPi.local/mnt/4TBS/Spar%20Ladies%202025/FB-Spar%20Womens-ToUpload/DSC_7230.jpg
PIC_NFS_CONNECT ok host=DietPi.local export=/mnt/4TBS version=3
PIC_NETWORK PRIVATE_NFS read_done bytes=1235216 elapsed_ms=34 uri=nfs://DietPi.local/mnt/4TBS/Spar%20Ladies%202025/FB-Spar%20Womens-ToUpload/DSC_7231.jpg
PIC_NETWORK PRIVATE_NFS read_start uri=nfs://DietPi.local/mnt/4TBS/Spar%20Ladies%202025/FB-Spar%20Womens-ToUpload/DSC_7232.jpg max_bytes=134217728
PIC_NETWORK PRIVATE_NFS read_start uri=nfs://DietPi.local/mnt/4TBS/Spar%20Ladies%202025/FB-Spar%20Womens-ToUpload/DSC_7230.jpg max_bytes=134217728
PIC_NFS_CONNECT start host=DietPi.local export=/mnt/4TBS version=3
PIC_NFS_CONNECT start host=DietPi.local export=/mnt/4TBS version=3
PIC_NFS_CONNECT ok host=DietPi.local export=/mnt/4TBS version=3
PIC_NFS_CONNECT ok host=DietPi.local export=/mnt/4TBS version=3
PIC_NETWORK PRIVATE_NFS read_start uri=nfs://DietPi.local/mnt/4TBS/Spar%20Ladies%202025/FB-Spar%20Womens-ToUpload/DSC_7232.jpg max_bytes=134217728
PIC_NFS_CONNECT start host=DietPi.local export=/mnt/4TBS version=3
PIC_NETWORK PRIVATE_NFS read_done bytes=1356258 elapsed_ms=42 uri=nfs://DietPi.local/mnt/4TBS/Spar%20Ladies%202025/FB-Spar%20Womens-ToUpload/DSC_7230.jpg
PIC_NETWORK PRIVATE_NFS read_done bytes=1302500 elapsed_ms=42 uri=nfs://DietPi.local/mnt/4TBS/Spar%20Ladies%202025/FB-Spar%20Womens-ToUpload/DSC_7232.jpg
PIC_NFS_CONNECT ok host=DietPi.local export=/mnt/4TBS version=3
PIC_NETWORK PRIVATE_NFS read_start uri=nfs://DietPi.local/mnt/4TBS/Spar%20Ladies%202025/FB-Spar%20Womens-ToUpload/DSC_7233.jpg max_bytes=134217728
PIC_NFS_CONNECT start host=DietPi.local export=/mnt/4TBS version=3
PIC_NETWORK PRIVATE_NFS read_done bytes=1302500 elapsed_ms=30 uri=nfs://DietPi.local/mnt/4TBS/Spar%20Ladies%202025/FB-Spar%20Womens-ToUpload/DSC_7232.jpg
PIC_NETWORK PRIVATE_NFS read_start uri=nfs://DietPi.local/mnt/4TBS/Spar%20Ladies%202025/FB-Spar%20Womens-ToUpload/DSC_7234.jpg max_bytes=134217728
PIC_NFS_CONNECT start host=DietPi.local export=/mnt/4TBS version=3
PIC_NFS_CONNECT ok host=DietPi.local export=/mnt/4TBS version=3
PIC_NFS_CONNECT ok host=DietPi.local export=/mnt/4TBS version=3
PIC_NETWORK PRIVATE_NFS read_start uri=nfs://DietPi.local/mnt/4TBS/Spar%20Ladies%202025/FB-Spar%20Womens-ToUpload/DSC_7235.jpg max_bytes=134217728
PIC_NFS_CONNECT start host=DietPi.local export=/mnt/4TBS version=3
PIC_NETWORK PRIVATE_NFS read_done bytes=1323347 elapsed_ms=38 uri=nfs://DietPi.local/mnt/4TBS/Spar%20Ladies%202025/FB-Spar%20Womens-ToUpload/DSC_7233.jpg
PIC_NFS_CONNECT ok host=DietPi.local export=/mnt/4TBS version=3
PIC_NETWORK PRIVATE_NFS read_done bytes=1508030 elapsed_ms=41 uri=nfs://DietPi.local/mnt/4TBS/Spar%20Ladies%202025/FB-Spar%20Womens-ToUpload/DSC_7234.jpg
PIC_NETWORK PRIVATE_NFS read_start uri=nfs://DietPi.local/mnt/4TBS/Spar%20Ladies%202025/FB-Spar%20Womens-ToUpload/DSC_7236.jpg max_bytes=134217728
PIC_NFS_CONNECT start host=DietPi.local export=/mnt/4TBS version=3
PIC_NETWORK PRIVATE_NFS read_done bytes=1291668 elapsed_ms=42 uri=nfs://DietPi.local/mnt/4TBS/Spar%20Ladies%202025/FB-Spar%20Womens-ToUpload/DSC_7235.jpg
PIC_NFS_CONNECT ok host=DietPi.local export=/mnt/4TBS version=3
PIC_NETWORK PRIVATE_NFS read_done bytes=1082672 elapsed_ms=43 uri=nfs://DietPi.local/mnt/4TBS/Spar%20Ladies%202025/FB-Spar%20Womens-ToUpload/DSC_7236.jpg
PIC_NETWORK PRIVATE_NFS read_start uri=nfs://DietPi.local/mnt/4TBS/Spar%20Ladies%202025/FB-Spar%20Womens-ToUpload/DSC_7237.jpg max_bytes=134217728
PIC_NETWORK PRIVATE_NFS read_start uri=nfs://DietPi.local/mnt/4TBS/Spar%20Ladies%202025/FB-Spar%20Womens-ToUpload/DSC_7235.jpg max_bytes=134217728
PIC_NFS_CONNECT start host=DietPi.local export=/mnt/4TBS version=3
PIC_NFS_CONNECT start host=DietPi.local export=/mnt/4TBS version=3
PIC_NFS_CONNECT ok host=DietPi.local export=/mnt/4TBS version=3
PIC_NFS_CONNECT ok host=DietPi.local export=/mnt/4TBS version=3
PIC_NETWORK PRIVATE_NFS read_done bytes=1148986 elapsed_ms=36 uri=nfs://DietPi.local/mnt/4TBS/Spar%20Ladies%202025/FB-Spar%20Womens-ToUpload/DSC_7237.jpg
PIC_NETWORK PRIVATE_NFS read_start uri=nfs://DietPi.local/mnt/4TBS/Spar%20Ladies%202025/FB-Spar%20Womens-ToUpload/DSC_7237.jpg max_bytes=134217728
PIC_NFS_CONNECT start host=DietPi.local export=/mnt/4TBS version=3
PIC_NETWORK PRIVATE_NFS read_done bytes=1291668 elapsed_ms=40 uri=nfs://DietPi.local/mnt/4TBS/Spar%20Ladies%202025/FB-Spar%20Womens-ToUpload/DSC_7235.jpg
PIC_NFS_CONNECT ok host=DietPi.local export=/mnt/4TBS version=3
PIC_NETWORK PRIVATE_NFS read_start uri=nfs://DietPi.local/mnt/4TBS/Spar%20Ladies%202025/FB-Spar%20Womens-ToUpload/DSC_7238.jpg max_bytes=134217728
PIC_NFS_CONNECT start host=DietPi.local export=/mnt/4TBS version=3
PIC_NETWORK PRIVATE_NFS read_done bytes=1148986 elapsed_ms=28 uri=nfs://DietPi.local/mnt/4TBS/Spar%20Ladies%202025/FB-Spar%20Womens-ToUpload/DSC_7237.jpg
PIC_NETWORK PRIVATE_NFS read_start uri=nfs://DietPi.local/mnt/4TBS/Spar%20Ladies%202025/FB-Spar%20Womens-ToUpload/DSC_7239.jpg max_bytes=134217728
PIC_NFS_CONNECT start host=DietPi.local export=/mnt/4TBS version=3
PIC_NFS_CONNECT ok host=DietPi.local export=/mnt/4TBS version=3
PIC_NETWORK PRIVATE_NFS read_start uri=nfs://DietPi.local/mnt/4TBS/Spar%20Ladies%202025/FB-Spar%20Womens-ToUpload/DSC_7240.jpg max_bytes=134217728
PIC_NFS_CONNECT start host=DietPi.local export=/mnt/4TBS version=3
PIC_NETWORK PRIVATE_NFS read_done bytes=1181306 elapsed_ms=33 uri=nfs://DietPi.local/mnt/4TBS/Spar%20Ladies%202025/FB-Spar%20Womens-ToUpload/DSC_7238.jpg
PIC_NFS_CONNECT ok host=DietPi.local export=/mnt/4TBS version=3
PIC_NETWORK PRIVATE_NFS read_start uri=nfs://DietPi.local/mnt/4TBS/Spar%20Ladies%202025/FB-Spar%20Womens-ToUpload/DSC_7241.jpg max_bytes=134217728
PIC_NFS_CONNECT start host=DietPi.local export=/mnt/4TBS version=3
PIC_NFS_CONNECT ok host=DietPi.local export=/mnt/4TBS version=3
PIC_NETWORK PRIVATE_NFS read_done bytes=1412697 elapsed_ms=36 uri=nfs://DietPi.local/mnt/4TBS/Spar%20Ladies%202025/FB-Spar%20Womens-ToUpload/DSC_7239.jpg
PIC_NFS_CONNECT ok host=DietPi.local export=/mnt/4TBS version=3
PIC_NETWORK PRIVATE_NFS read_done bytes=1382144 elapsed_ms=43 uri=nfs://DietPi.local/mnt/4TBS/Spar%20Ladies%202025/FB-Spar%20Womens-ToUpload/DSC_7240.jpg
PIC_NETWORK PRIVATE_NFS read_start uri=nfs://DietPi.local/mnt/4TBS/Spar%20Ladies%202025/FB-Spar%20Womens-ToUpload/DSC_7242.jpg max_bytes=134217728
PIC_NFS_CONNECT start host=DietPi.local export=/mnt/4TBS version=3
PIC_NETWORK PRIVATE_NFS read_done bytes=1152912 elapsed_ms=38 uri=nfs://DietPi.local/mnt/4TBS/Spar%20Ladies%202025/FB-Spar%20Womens-ToUpload/DSC_7241.jpg
PIC_NFS_CONNECT ok host=DietPi.local export=/mnt/4TBS version=3
PIC_NETWORK PRIVATE_NFS read_start uri=nfs://DietPi.local/mnt/4TBS/Spar%20Ladies%202025/FB-Spar%20Womens-ToUpload/DSC_7243.jpg max_bytes=134217728
PIC_NFS_CONNECT start host=DietPi.local export=/mnt/4TBS version=3
PIC_NETWORK PRIVATE_NFS read_done bytes=1230828 elapsed_ms=34 uri=nfs://DietPi.local/mnt/4TBS/Spar%20Ladies%202025/FB-Spar%20Womens-ToUpload/DSC_7242.jpg
PIC_NFS_CONNECT ok host=DietPi.local export=/mnt/4TBS version=3
PIC_NETWORK PRIVATE_NFS read_done bytes=1210654 elapsed_ms=32 uri=nfs://DietPi.local/mnt/4TBS/Spar%20Ladies%202025/FB-Spar%20Womens-ToUpload/DSC_7243.jpg
PIC_NETWORK PRIVATE_NFS read_start uri=nfs://DietPi.local/mnt/4TBS/Spar%20Ladies%202025/FB-Spar%20Womens-ToUpload/DSC_7242.jpg max_bytes=134217728
PIC_NFS_CONNECT start host=DietPi.local export=/mnt/4TBS version=3
PIC_NFS_CONNECT ok host=DietPi.local export=/mnt/4TBS version=3
PIC_NETWORK PRIVATE_NFS read_start uri=nfs://DietPi.local/mnt/4TBS/Spar%20Ladies%202025/FB-Spar%20Womens-ToUpload/DSC_7241.jpg max_bytes=134217728
PIC_NFS_CONNECT start host=DietPi.local export=/mnt/4TBS version=3
PIC_NETWORK PRIVATE_NFS read_done bytes=1230828 elapsed_ms=29 uri=nfs://DietPi.local/mnt/4TBS/Spar%20Ladies%202025/FB-Spar%20Womens-ToUpload/DSC_7242.jpg
PIC_NFS_CONNECT ok host=DietPi.local export=/mnt/4TBS version=3
PIC_NETWORK PRIVATE_NFS read_start uri=nfs://DietPi.local/mnt/4TBS/Spar%20Ladies%202025/FB-Spar%20Womens-ToUpload/DSC_7240.jpg max_bytes=134217728
PIC_NFS_CONNECT start host=DietPi.local export=/mnt/4TBS version=3
PIC_NETWORK PRIVATE_NFS read_done bytes=1152912 elapsed_ms=33 uri=nfs://DietPi.local/mnt/4TBS/Spar%20Ladies%202025/FB-Spar%20Womens-ToUpload/DSC_7241.jpg
PIC_NFS_CONNECT ok host=DietPi.local export=/mnt/4TBS version=3
PIC_NETWORK PRIVATE_NFS read_start uri=nfs://DietPi.local/mnt/4TBS/Spar%20Ladies%202025/FB-Spar%20Womens-ToUpload/DSC_7239.jpg max_bytes=134217728
PIC_NFS_CONNECT start host=DietPi.local export=/mnt/4TBS version=3
PIC_NETWORK PRIVATE_NFS read_done bytes=1382144 elapsed_ms=27 uri=nfs://DietPi.local/mnt/4TBS/Spar%20Ladies%202025/FB-Spar%20Womens-ToUpload/DSC_7240.jpg
PIC_NFS_CONNECT ok host=DietPi.local export=/mnt/4TBS version=3
PIC_NETWORK PRIVATE_NFS read_start uri=nfs://DietPi.local/mnt/4TBS/Spar%20Ladies%202025/FB-Spar%20Womens-ToUpload/DSC_7238.jpg max_bytes=134217728
PIC_NFS_CONNECT start host=DietPi.local export=/mnt/4TBS version=3
PIC_NETWORK PRIVATE_NFS read_done bytes=1412697 elapsed_ms=35 uri=nfs://DietPi.local/mnt/4TBS/Spar%20Ladies%202025/FB-Spar%20Womens-ToUpload/DSC_7239.jpg
PIC_NETWORK PRIVATE_NFS read_start uri=nfs://DietPi.local/mnt/4TBS/Spar%20Ladies%202025/FB-Spar%20Womens-ToUpload/DSC_7237.jpg max_bytes=134217728
PIC_NFS_CONNECT start host=DietPi.local export=/mnt/4TBS version=3
PIC_NFS_CONNECT ok host=DietPi.local export=/mnt/4TBS version=3
PIC_NFS_CONNECT ok host=DietPi.local export=/mnt/4TBS version=3
PIC_NETWORK PRIVATE_NFS read_done bytes=1181306 elapsed_ms=28 uri=nfs://DietPi.local/mnt/4TBS/Spar%20Ladies%202025/FB-Spar%20Womens-ToUpload/DSC_7238.jpg
PIC_NETWORK PRIVATE_NFS read_start uri=nfs://DietPi.local/mnt/4TBS/Spar%20Ladies%202025/FB-Spar%20Womens-ToUpload/DSC_7235.jpg max_bytes=134217728
PIC_NFS_CONNECT start host=DietPi.local export=/mnt/4TBS version=3
PIC_NETWORK PRIVATE_NFS read_done bytes=1148986 elapsed_ms=35 uri=nfs://DietPi.local/mnt/4TBS/Spar%20Ladies%202025/FB-Spar%20Womens-ToUpload/DSC_7237.jpg
PIC_NFS_CONNECT ok host=DietPi.local export=/mnt/4TBS version=3
PIC_NETWORK PRIVATE_NFS read_start uri=nfs://DietPi.local/mnt/4TBS/Spar%20Ladies%202025/FB-Spar%20Womens-ToUpload/DSC_7234.jpg max_bytes=134217728
PIC_NETWORK PRIVATE_NFS read_done bytes=1291668 elapsed_ms=32 uri=nfs://DietPi.local/mnt/4TBS/Spar%20Ladies%202025/FB-Spar%20Womens-ToUpload/DSC_7235.jpg
PIC_NFS_CONNECT start host=DietPi.local export=/mnt/4TBS version=3
PIC_NFS_CONNECT ok host=DietPi.local export=/mnt/4TBS version=3
PIC_NETWORK PRIVATE_NFS read_done bytes=1508030 elapsed_ms=30 uri=nfs://DietPi.local/mnt/4TBS/Spar%20Ladies%202025/FB-Spar%20Womens-ToUpload/DSC_7234.jpg
PIC_NETWORK PRIVATE_NFS read_start uri=nfs://DietPi.local/mnt/4TBS/Spar%20Ladies%202025/FB-Spar%20Womens-ToUpload/DSC_7233.jpg max_bytes=134217728
PIC_NETWORK PRIVATE_NFS read_start uri=nfs://DietPi.local/mnt/4TBS/Spar%20Ladies%202025/FB-Spar%20Womens-ToUpload/DSC_7235.jpg max_bytes=134217728
PIC_NFS_CONNECT start host=DietPi.local export=/mnt/4TBS version=3
PIC_NFS_CONNECT start host=DietPi.local export=/mnt/4TBS version=3
PIC_NFS_CONNECT ok host=DietPi.local export=/mnt/4TBS version=3
PIC_NFS_CONNECT ok host=DietPi.local export=/mnt/4TBS version=3
PIC_NETWORK PRIVATE_NFS read_done bytes=1323347 elapsed_ms=38 uri=nfs://DietPi.local/mnt/4TBS/Spar%20Ladies%202025/FB-Spar%20Womens-ToUpload/DSC_7233.jpg
PIC_NETWORK PRIVATE_NFS read_done bytes=1291668 elapsed_ms=41 uri=nfs://DietPi.local/mnt/4TBS/Spar%20Ladies%202025/FB-Spar%20Womens-ToUpload/DSC_7235.jpg
PIC_NETWORK PRIVATE_NFS read_start uri=nfs://DietPi.local/mnt/4TBS/Spar%20Ladies%202025/FB-Spar%20Womens-ToUpload/DSC_7233.jpg max_bytes=134217728
PIC_NFS_CONNECT start host=DietPi.local export=/mnt/4TBS version=3
PIC_NFS_CONNECT ok host=DietPi.local export=/mnt/4TBS version=3
PIC_NETWORK PRIVATE_NFS read_start uri=nfs://DietPi.local/mnt/4TBS/Spar%20Ladies%202025/FB-Spar%20Womens-ToUpload/DSC_7232.jpg max_bytes=134217728
PIC_NFS_CONNECT start host=DietPi.local export=/mnt/4TBS version=3
PIC_NETWORK PRIVATE_NFS read_done bytes=1323347 elapsed_ms=30 uri=nfs://DietPi.local/mnt/4TBS/Spar%20Ladies%202025/FB-Spar%20Womens-ToUpload/DSC_7233.jpg
PIC_NETWORK PRIVATE_NFS read_start uri=nfs://DietPi.local/mnt/4TBS/Spar%20Ladies%202025/FB-Spar%20Womens-ToUpload/DSC_7230.jpg max_bytes=134217728
PIC_NFS_CONNECT start host=DietPi.local export=/mnt/4TBS version=3
PIC_NFS_CONNECT ok host=DietPi.local export=/mnt/4TBS version=3
PIC_NETWORK PRIVATE_NFS read_start uri=nfs://DietPi.local/mnt/4TBS/Spar%20Ladies%202025/FB-Spar%20Womens-ToUpload/DSC_7229.jpg max_bytes=134217728
PIC_NFS_CONNECT start host=DietPi.local export=/mnt/4TBS version=3
PIC_NFS_CONNECT ok host=DietPi.local export=/mnt/4TBS version=3
PIC_NETWORK PRIVATE_NFS read_done bytes=1302500 elapsed_ms=35 uri=nfs://DietPi.local/mnt/4TBS/Spar%20Ladies%202025/FB-Spar%20Womens-ToUpload/DSC_7232.jpg
PIC_NETWORK PRIVATE_NFS read_start uri=nfs://DietPi.local/mnt/4TBS/Spar%20Ladies%202025/FB-Spar%20Womens-ToUpload/DSC_7228.jpg max_bytes=134217728
PIC_NFS_CONNECT start host=DietPi.local export=/mnt/4TBS version=3
PIC_NETWORK PRIVATE_NFS read_done bytes=1356258 elapsed_ms=35 uri=nfs://DietPi.local/mnt/4TBS/Spar%20Ladies%202025/FB-Spar%20Womens-ToUpload/DSC_7230.jpg
PIC_NFS_CONNECT ok host=DietPi.local export=/mnt/4TBS version=3
PIC_NFS_CONNECT ok host=DietPi.local export=/mnt/4TBS version=3
PIC_NETWORK PRIVATE_NFS read_start uri=nfs://DietPi.local/mnt/4TBS/Spar%20Ladies%202025/FB-Spar%20Womens-ToUpload/DSC_7226.jpg max_bytes=134217728
PIC_NFS_CONNECT start host=DietPi.local export=/mnt/4TBS version=3
PIC_NETWORK PRIVATE_NFS read_done bytes=1255341 elapsed_ms=37 uri=nfs://DietPi.local/mnt/4TBS/Spar%20Ladies%202025/FB-Spar%20Womens-ToUpload/DSC_7229.jpg
PIC_NETWORK PRIVATE_NFS read_done bytes=1332413 elapsed_ms=43 uri=nfs://DietPi.local/mnt/4TBS/Spar%20Ladies%202025/FB-Spar%20Womens-ToUpload/DSC_7228.jpg
PIC_NFS_CONNECT ok host=DietPi.local export=/mnt/4TBS version=3
PIC_NETWORK PRIVATE_NFS read_done bytes=1389795 elapsed_ms=37 uri=nfs://DietPi.local/mnt/4TBS/Spar%20Ladies%202025/FB-Spar%20Womens-ToUpload/DSC_7226.jpg
PIC_NETWORK PRIVATE_NFS read_start uri=nfs://DietPi.local/mnt/4TBS/Spar%20Ladies%202025/FB-Spar%20Womens-ToUpload/DSC_7225.jpg max_bytes=134217728
PIC_NFS_CONNECT start host=DietPi.local export=/mnt/4TBS version=3
PIC_NFS_CONNECT ok host=DietPi.local export=/mnt/4TBS version=3
PIC_NETWORK PRIVATE_NFS read_done bytes=910108 elapsed_ms=26 uri=nfs://DietPi.local/mnt/4TBS/Spar%20Ladies%202025/FB-Spar%20Womens-ToUpload/DSC_7225.jpg
PIC_NETWORK PRIVATE_NFS read_start uri=nfs://DietPi.local/mnt/4TBS/Spar%20Ladies%202025/FB-Spar%20Womens-ToUpload/DSC_7225.jpg max_bytes=134217728
PIC_NFS_CONNECT start host=DietPi.local export=/mnt/4TBS version=3
PIC_NFS_CONNECT ok host=DietPi.local export=/mnt/4TBS version=3
PIC_NETWORK PRIVATE_NFS read_done bytes=910108 elapsed_ms=25 uri=nfs://DietPi.local/mnt/4TBS/Spar%20Ladies%202025/FB-Spar%20Womens-ToUpload/DSC_7225.jpg
PIC_NETWORK PRIVATE_NFS read_start uri=nfs://DietPi.local/mnt/4TBS/Spar%20Ladies%202025/FB-Spar%20Womens-ToUpload/DSC_7217.jpg max_bytes=134217728
PIC_NFS_CONNECT start host=DietPi.local export=/mnt/4TBS version=3
PIC_NFS_CONNECT ok host=DietPi.local export=/mnt/4TBS version=3
PIC_NETWORK PRIVATE_NFS read_done bytes=1072523 elapsed_ms=29 uri=nfs://DietPi.local/mnt/4TBS/Spar%20Ladies%202025/FB-Spar%20Womens-ToUpload/DSC_7217.jpg
PIC_NETWORK PRIVATE_NFS read_start uri=nfs://DietPi.local/mnt/4TBS/Spar%20Ladies%202025/FB-Spar%20Womens-ToUpload/DSC_8230.jpg max_bytes=134217728
PIC_NFS_CONNECT start host=DietPi.local export=/mnt/4TBS version=3
PIC_NFS_CONNECT ok host=DietPi.local export=/mnt/4TBS version=3
PIC_NETWORK PRIVATE_NFS read_done bytes=1477537 elapsed_ms=31 uri=nfs://DietPi.local/mnt/4TBS/Spar%20Ladies%202025/FB-Spar%20Womens-ToUpload/DSC_8230.jpg
PIC_NETWORK PRIVATE_NFS read_start uri=nfs://DietPi.local/mnt/4TBS/Spar%20Ladies%202025/FB-Spar%20Womens-ToUpload/DSC_8231.jpg max_bytes=134217728
PIC_NFS_CONNECT start host=DietPi.local export=/mnt/4TBS version=3
PIC_NFS_CONNECT ok host=DietPi.local export=/mnt/4TBS version=3
PIC_NETWORK PRIVATE_NFS read_done bytes=944012 elapsed_ms=28 uri=nfs://DietPi.local/mnt/4TBS/Spar%20Ladies%202025/FB-Spar%20Womens-ToUpload/DSC_8231.jpg
PIC_NETWORK PRIVATE_NFS read_start uri=nfs://DietPi.local/mnt/4TBS/Spar%20Ladies%202025/FB-Spar%20Womens-ToUpload/DSC_8232.jpg max_bytes=134217728
PIC_NFS_CONNECT start host=DietPi.local export=/mnt/4TBS version=3
PIC_NFS_CONNECT ok host=DietPi.local export=/mnt/4TBS version=3
PIC_NETWORK PRIVATE_NFS read_done bytes=1243562 elapsed_ms=29 uri=nfs://DietPi.local/mnt/4TBS/Spar%20Ladies%202025/FB-Spar%20Womens-ToUpload/DSC_8232.jpg
PIC_NETWORK PRIVATE_NFS read_start uri=nfs://DietPi.local/mnt/4TBS/Spar%20Ladies%202025/FB-Spar%20Womens-ToUpload/DSC_8233.jpg max_bytes=134217728
PIC_NFS_CONNECT start host=DietPi.local export=/mnt/4TBS version=3
PIC_NFS_CONNECT ok host=DietPi.local export=/mnt/4TBS version=3
PIC_NETWORK PRIVATE_NFS read_done bytes=1359710 elapsed_ms=30 uri=nfs://DietPi.local/mnt/4TBS/Spar%20Ladies%202025/FB-Spar%20Womens-ToUpload/DSC_8233.jpg
PIC_NETWORK PRIVATE_NFS read_start uri=nfs://DietPi.local/mnt/4TBS/Spar%20Ladies%202025/FB-Spar%20Womens-ToUpload/DSC_8232.jpg max_bytes=134217728
PIC_NFS_CONNECT start host=DietPi.local export=/mnt/4TBS version=3
PIC_NFS_CONNECT ok host=DietPi.local export=/mnt/4TBS version=3
PIC_NETWORK PRIVATE_NFS read_done bytes=1243562 elapsed_ms=30 uri=nfs://DietPi.local/mnt/4TBS/Spar%20Ladies%202025/FB-Spar%20Womens-ToUpload/DSC_8232.jpg
PIC_NETWORK PRIVATE_NFS read_start uri=nfs://DietPi.local/mnt/4TBS/Spar%20Ladies%202025/FB-Spar%20Womens-ToUpload/DSC_8231.jpg max_bytes=134217728
PIC_NFS_CONNECT start host=DietPi.local export=/mnt/4TBS version=3
PIC_NFS_CONNECT ok host=DietPi.local export=/mnt/4TBS version=3
PIC_NETWORK PRIVATE_NFS read_done bytes=944012 elapsed_ms=28 uri=nfs://DietPi.local/mnt/4TBS/Spar%20Ladies%202025/FB-Spar%20Womens-ToUpload/DSC_8231.jpg
PIC_NETWORK PRIVATE_NFS read_start uri=nfs://DietPi.local/mnt/4TBS/Spar%20Ladies%202025/FB-Spar%20Womens-ToUpload/DSC_8229.jpg max_bytes=134217728
PIC_NFS_CONNECT start host=DietPi.local export=/mnt/4TBS version=3
PIC_NFS_CONNECT ok host=DietPi.local export=/mnt/4TBS version=3
PIC_NETWORK PRIVATE_NFS read_start uri=nfs://DietPi.local/mnt/4TBS/Spar%20Ladies%202025/FB-Spar%20Womens-ToUpload/DSC_8228.jpg max_bytes=134217728
PIC_NFS_CONNECT start host=DietPi.local export=/mnt/4TBS version=3
PIC_NETWORK PRIVATE_NFS read_done bytes=1331487 elapsed_ms=29 uri=nfs://DietPi.local/mnt/4TBS/Spar%20Ladies%202025/FB-Spar%20Womens-ToUpload/DSC_8229.jpg
PIC_NETWORK PRIVATE_NFS read_start uri=nfs://DietPi.local/mnt/4TBS/Spar%20Ladies%202025/FB-Spar%20Womens-ToUpload/DSC_8227.jpg max_bytes=134217728
PIC_NFS_CONNECT start host=DietPi.local export=/mnt/4TBS version=3
PIC_NFS_CONNECT ok host=DietPi.local export=/mnt/4TBS version=3
PIC_NETWORK PRIVATE_NFS read_start uri=nfs://DietPi.local/mnt/4TBS/Spar%20Ladies%202025/FB-Spar%20Womens-ToUpload/DSC_8226.jpg max_bytes=134217728
PIC_NFS_CONNECT start host=DietPi.local export=/mnt/4TBS version=3
PIC_NFS_CONNECT ok host=DietPi.local export=/mnt/4TBS version=3
PIC_NETWORK PRIVATE_NFS read_done bytes=1466828 elapsed_ms=34 uri=nfs://DietPi.local/mnt/4TBS/Spar%20Ladies%202025/FB-Spar%20Womens-ToUpload/DSC_8228.jpg
PIC_NFS_CONNECT ok host=DietPi.local export=/mnt/4TBS version=3
PIC_NETWORK PRIVATE_NFS read_done bytes=1541078 elapsed_ms=37 uri=nfs://DietPi.local/mnt/4TBS/Spar%20Ladies%202025/FB-Spar%20Womens-ToUpload/DSC_8227.jpg
PIC_NETWORK PRIVATE_NFS read_done bytes=1617010 elapsed_ms=40 uri=nfs://DietPi.local/mnt/4TBS/Spar%20Ladies%202025/FB-Spar%20Womens-ToUpload/DSC_8226.jpg
PIC_NETWORK PRIVATE_NFS read_start uri=nfs://DietPi.local/mnt/4TBS/Spar%20Ladies%202025/FB-Spar%20Womens-ToUpload/DSC_8225.jpg max_bytes=134217728
PIC_NETWORK PRIVATE_NFS read_start uri=nfs://DietPi.local/mnt/4TBS/Spar%20Ladies%202025/FB-Spar%20Womens-ToUpload/DSC_8227.jpg max_bytes=134217728
PIC_NFS_CONNECT start host=DietPi.local export=/mnt/4TBS version=3
PIC_NFS_CONNECT start host=DietPi.local export=/mnt/4TBS version=3
PIC_NFS_CONNECT ok host=DietPi.local export=/mnt/4TBS version=3
PIC_NFS_CONNECT ok host=DietPi.local export=/mnt/4TBS version=3
PIC_NETWORK PRIVATE_NFS read_done bytes=1353535 elapsed_ms=61 uri=nfs://DietPi.local/mnt/4TBS/Spar%20Ladies%202025/FB-Spar%20Womens-ToUpload/DSC_8225.jpg
PIC_NETWORK PRIVATE_NFS read_done bytes=1541078 elapsed_ms=63 uri=nfs://DietPi.local/mnt/4TBS/Spar%20Ladies%202025/FB-Spar%20Womens-ToUpload/DSC_8227.jpg
PIC_NETWORK PRIVATE_NFS read_start uri=nfs://DietPi.local/mnt/4TBS/pics-sport/local%20choice/FB-Timestamp-JPG%20Upates/DSC_1363_result.jpg max_bytes=134217728
PIC_NFS_CONNECT start host=DietPi.local export=/mnt/4TBS version=3
PIC_NFS_CONNECT ok host=DietPi.local export=/mnt/4TBS version=3
PIC_NETWORK PRIVATE_NFS read_done bytes=1156998 elapsed_ms=32 uri=nfs://DietPi.local/mnt/4TBS/pics-sport/local%20choice/FB-Timestamp-JPG%20Upates/DSC_1363_result.jpg
PIC_NETWORK PRIVATE_NFS read_start uri=nfs://DietPi.local/mnt/4TBS/pics-sport/local%20choice/FB-Timestamp-JPG%20Upates/DSC_1366_result.jpg max_bytes=134217728
PIC_NFS_CONNECT start host=DietPi.local export=/mnt/4TBS version=3
PIC_NFS_CONNECT ok host=DietPi.local export=/mnt/4TBS version=3
PIC_NETWORK PRIVATE_NFS read_done bytes=1122766 elapsed_ms=27 uri=nfs://DietPi.local/mnt/4TBS/pics-sport/local%20choice/FB-Timestamp-JPG%20Upates/DSC_1366_result.jpg
PIC_NETWORK PRIVATE_NFS read_start uri=nfs://DietPi.local/mnt/4TBS/pics-sport/local%20choice/FB-Timestamp-JPG%20Upates/DSC_1367_result.jpg max_bytes=134217728
PIC_NFS_CONNECT start host=DietPi.local export=/mnt/4TBS version=3
PIC_NFS_CONNECT ok host=DietPi.local export=/mnt/4TBS version=3
PIC_NETWORK PRIVATE_NFS read_done bytes=1178349 elapsed_ms=27 uri=nfs://DietPi.local/mnt/4TBS/pics-sport/local%20choice/FB-Timestamp-JPG%20Upates/DSC_1367_result.jpg
PIC_NETWORK PRIVATE_NFS read_start uri=nfs://DietPi.local/mnt/4TBS/pics-sport/local%20choice/FB-Timestamp-JPG%20Upates/DSC_1368_result.jpg max_bytes=134217728
PIC_NFS_CONNECT start host=DietPi.local export=/mnt/4TBS version=3
PIC_NFS_CONNECT ok host=DietPi.local export=/mnt/4TBS version=3
PIC_NETWORK PRIVATE_NFS read_done bytes=1294301 elapsed_ms=30 uri=nfs://DietPi.local/mnt/4TBS/pics-sport/local%20choice/FB-Timestamp-JPG%20Upates/DSC_1368_result.jpg
PIC_NETWORK PRIVATE_NFS read_start uri=nfs://DietPi.local/mnt/4TBS/pics-sport/local%20choice/FB-Timestamp-JPG%20Upates/DSC_1370_result.jpg max_bytes=134217728
PIC_NFS_CONNECT start host=DietPi.local export=/mnt/4TBS version=3
PIC_NFS_CONNECT ok host=DietPi.local export=/mnt/4TBS version=3
PIC_NETWORK PRIVATE_NFS read_done bytes=1146372 elapsed_ms=28 uri=nfs://DietPi.local/mnt/4TBS/pics-sport/local%20choice/FB-Timestamp-JPG%20Upates/DSC_1370_result.jpg
PIC_NETWORK PRIVATE_NFS read_start uri=nfs://DietPi.local/mnt/4TBS/pics-sport/local%20choice/FB-Timestamp-JPG%20Upates/DSC_1371_result.jpg max_bytes=134217728
PIC_NFS_CONNECT start host=DietPi.local export=/mnt/4TBS version=3
PIC_NFS_CONNECT ok host=DietPi.local export=/mnt/4TBS version=3
PIC_NETWORK PRIVATE_NFS read_done bytes=1170902 elapsed_ms=30 uri=nfs://DietPi.local/mnt/4TBS/pics-sport/local%20choice/FB-Timestamp-JPG%20Upates/DSC_1371_result.jpg
PIC_NETWORK PRIVATE_NFS read_start uri=nfs://DietPi.local/mnt/4TBS/pics-sport/local%20choice/FB-Timestamp-JPG%20Upates/DSC_1372_result.jpg max_bytes=134217728
PIC_NFS_CONNECT start host=DietPi.local export=/mnt/4TBS version=3
PIC_NFS_CONNECT ok host=DietPi.local export=/mnt/4TBS version=3
PIC_NETWORK PRIVATE_NFS read_done bytes=1194860 elapsed_ms=29 uri=nfs://DietPi.local/mnt/4TBS/pics-sport/local%20choice/FB-Timestamp-JPG%20Upates/DSC_1372_result.jpg
PIC_NETWORK PRIVATE_NFS read_start uri=nfs://DietPi.local/mnt/4TBS/pics-sport/local%20choice/FB-Timestamp-JPG%20Upates/DSC_1373_result.jpg max_bytes=134217728
PIC_NFS_CONNECT start host=DietPi.local export=/mnt/4TBS version=3
PIC_NFS_CONNECT ok host=DietPi.local export=/mnt/4TBS version=3
PIC_NETWORK PRIVATE_NFS read_done bytes=897567 elapsed_ms=27 uri=nfs://DietPi.local/mnt/4TBS/pics-sport/local%20choice/FB-Timestamp-JPG%20Upates/DSC_1373_result.jpg
PIC_NETWORK PRIVATE_NFS read_start uri=nfs://DietPi.local/mnt/4TBS/pics-sport/local%20choice/FB-Timestamp-JPG%20Upates/DSC_1374_result.jpg max_bytes=134217728
PIC_NFS_CONNECT start host=DietPi.local export=/mnt/4TBS version=3
PIC_NFS_CONNECT ok host=DietPi.local export=/mnt/4TBS version=3
PIC_NETWORK PRIVATE_NFS read_done bytes=942196 elapsed_ms=27 uri=nfs://DietPi.local/mnt/4TBS/pics-sport/local%20choice/FB-Timestamp-JPG%20Upates/DSC_1374_result.jpg
PIC_NETWORK PRIVATE_NFS read_start uri=nfs://DietPi.local/mnt/4TBS/Spar%20Ladies%202025/FB-Spar%20Womens-ToUpload/DSC_5683.jpg max_bytes=134217728
PIC_NFS_CONNECT start host=DietPi.local export=/mnt/4TBS version=3
PIC_NFS_CONNECT ok host=DietPi.local export=/mnt/4TBS version=3
PIC_NETWORK PRIVATE_NFS read_done bytes=1232261 elapsed_ms=28 uri=nfs://DietPi.local/mnt/4TBS/Spar%20Ladies%202025/FB-Spar%20Womens-ToUpload/DSC_5683.jpg
PIC_NETWORK PRIVATE_NFS read_start uri=nfs://DietPi.local/mnt/4TBS/Spar%20Ladies%202025/FB-Spar%20Womens-ToUpload/DSC_5699.jpg max_bytes=134217728
PIC_NFS_CONNECT start host=DietPi.local export=/mnt/4TBS version=3
PIC_NFS_CONNECT ok host=DietPi.local export=/mnt/4TBS version=3
PIC_NETWORK PRIVATE_NFS read_done bytes=1238343 elapsed_ms=29 uri=nfs://DietPi.local/mnt/4TBS/Spar%20Ladies%202025/FB-Spar%20Womens-ToUpload/DSC_5699.jpg
PIC_NETWORK PRIVATE_NFS read_start uri=nfs://DietPi.local/mnt/4TBS/Spar%20Ladies%202025/FB-Spar%20Womens-ToUpload/DSC_5708.jpg max_bytes=134217728
PIC_NFS_CONNECT start host=DietPi.local export=/mnt/4TBS version=3
PIC_NFS_CONNECT ok host=DietPi.local export=/mnt/4TBS version=3
PIC_NETWORK PRIVATE_NFS read_done bytes=1080349 elapsed_ms=30 uri=nfs://DietPi.local/mnt/4TBS/Spar%20Ladies%202025/FB-Spar%20Womens-ToUpload/DSC_5708.jpg
