warning: pic-rs@1.0.0: native/private_smb.c: In function 'init_smb':
warning: pic-rs@1.0.0: native/private_smb.c:31:9: warning: 'smbc_init' is deprecated [-Wdeprecated-declarations]
warning: pic-rs@1.0.0:    31 |         if (smbc_init(guest_auth, 0) != 0) {
warning: pic-rs@1.0.0:       |         ^~
warning: pic-rs@1.0.0: In file included from native/private_smb.c:2:
warning: pic-rs@1.0.0: /usr/include/samba-4.0/libsmbclient.h:1301:5: note: declared here
warning: pic-rs@1.0.0:  1301 | int smbc_init(smbc_get_auth_data_fn fn, int debug);
warning: pic-rs@1.0.0:       |     ^~~~~~~~~
warning: unused import: `Instant`
 --> src/edit/editor.rs:4:27
  |
4 | use std::time::{Duration, Instant};
  |                           ^^^^^^^
  |
  = note: `#[warn(unused_imports)]` (part of `#[warn(unused)]`) on by default

warning: use of deprecated struct `gtk4::MessageDialog`: Since 4.10
  --> src/main.rs:74:35
   |
74 |                 let dialog = gtk::MessageDialog::builder()
   |                                   ^^^^^^^^^^^^^
   |
   = note: `#[warn(deprecated)]` on by default

warning: use of deprecated struct `gtk4::Dialog`: Since 4.10
    --> src/collage/editor.rs:1344:23
     |
1344 |     let dialog = gtk::Dialog::new();
     |                       ^^^^^^

warning: use of deprecated struct `gtk4::FileChooserNative`: Since 4.10
    --> src/collage/editor.rs:1462:23
     |
1462 |     let dialog = gtk::FileChooserNative::new(
     |                       ^^^^^^^^^^^^^^^^^

warning: use of deprecated struct `gtk4::FileChooserNative`: Since 4.10
  --> src/edit/export.rs:11:27
   |
11 |         let dialog = gtk::FileChooserNative::new(
   |                           ^^^^^^^^^^^^^^^^^

warning: use of deprecated struct `gtk4::Dialog`: Since 4.10
  --> src/network_picker.rs:12:21
   |
12 |     let dialog=gtk::Dialog::with_buttons(
   |                     ^^^^^^

warning: use of deprecated struct `gtk4::MessageDialog`: Since 4.10
   --> src/settings.rs:604:23
    |
604 |     let dialog = gtk::MessageDialog::builder()
    |                       ^^^^^^^^^^^^^

warning: use of deprecated struct `gtk4::FileChooserNative`: Since 4.10
    --> src/window/build.rs:2354:27
     |
2354 |         let dialog = gtk::FileChooserNative::new(
     |                           ^^^^^^^^^^^^^^^^^

warning: use of deprecated struct `gtk4::FileChooserNative`: Since 4.10
    --> src/window/build.rs:2777:25
     |
2777 |         let dialog=gtk::FileChooserNative::new(
     |                         ^^^^^^^^^^^^^^^^^

warning: use of deprecated method `gtk4::prelude::WidgetExt::style_context`: Since 4.10
  --> src/albums/view.rs:20:10
   |
20 |         .style_context()
   |          ^^^^^^^^^^^^^

warning: use of deprecated method `gtk4::prelude::StyleContextExt::add_provider`: Since 4.10
  --> src/albums/view.rs:21:10
   |
21 |         .add_provider(&background, gtk::STYLE_PROVIDER_PRIORITY_APPLICATION + 2);
   |          ^^^^^^^^^^^^

warning: use of deprecated method `gtk4::prelude::WidgetExt::style_context`: Since 4.10
  --> src/albums/view.rs:92:10
   |
92 |         .style_context()
   |          ^^^^^^^^^^^^^

warning: use of deprecated method `gtk4::prelude::StyleContextExt::add_provider`: Since 4.10
  --> src/albums/view.rs:93:10
   |
93 |         .add_provider(&background, gtk::STYLE_PROVIDER_PRIORITY_APPLICATION + 2);
   |          ^^^^^^^^^^^^

warning: use of deprecated method `gtk4::CssProvider::load_from_data`: Since 4.12
   --> src/collage/editor.rs:175:13
    |
175 |         css.load_from_data(&css_data);
    |             ^^^^^^^^^^^^^^

warning: use of deprecated associated function `gtk4::Dialog::new`: Since 4.10
    --> src/collage/editor.rs:1344:31
     |
1344 |     let dialog = gtk::Dialog::new();
     |                               ^^^

warning: use of deprecated method `gtk4::prelude::DialogExt::add_button`: Since 4.10
    --> src/collage/editor.rs:1348:12
     |
1348 |     dialog.add_button("Cancel", gtk::ResponseType::Cancel);
     |            ^^^^^^^^^^

warning: use of deprecated method `gtk4::prelude::DialogExt::add_button`: Since 4.10
    --> src/collage/editor.rs:1349:32
     |
1349 |     let export_button = dialog.add_button("Export", gtk::ResponseType::Ok);
     |                                ^^^^^^^^^^

warning: use of deprecated method `gtk4::prelude::DialogExt::set_default_response`: Since 4.10
    --> src/collage/editor.rs:1351:12
     |
1351 |     dialog.set_default_response(gtk::ResponseType::Ok);
     |            ^^^^^^^^^^^^^^^^^^^^

warning: use of deprecated method `gtk4::prelude::DialogExt::content_area`: Since 4.10
    --> src/collage/editor.rs:1353:26
     |
1353 |     let content = dialog.content_area();
     |                          ^^^^^^^^^^^^

warning: use of deprecated method `gtk4::prelude::DialogExt::connect_response`: Since 4.10
    --> src/collage/editor.rs:1427:16
     |
1427 |         dialog.connect_response(move |_, response| {
     |                ^^^^^^^^^^^^^^^^

warning: use of deprecated method `gtk4::prelude::WidgetExt::show`: Since 4.10
    --> src/collage/editor.rs:1450:12
     |
1450 |     dialog.show();
     |            ^^^^

warning: use of deprecated associated function `gtk4::FileChooserNative::new`: Since 4.10
    --> src/collage/editor.rs:1462:42
     |
1462 |     let dialog = gtk::FileChooserNative::new(
     |                                          ^^^

warning: use of deprecated method `gtk4::prelude::FileChooserExt::set_current_name`: Since 4.10
    --> src/collage/editor.rs:1469:12
     |
1469 |     dialog.set_current_name(&format!("collage.{extension}"));
     |            ^^^^^^^^^^^^^^^^

warning: use of deprecated method `gtk4::prelude::FileChooserExt::add_filter`: Since 4.10
    --> src/collage/editor.rs:1476:12
     |
1476 |     dialog.add_filter(&filter);
     |            ^^^^^^^^^^

warning: use of deprecated method `gtk4::prelude::FileChooserExt::file`: Since 4.10
    --> src/collage/editor.rs:1482:33
     |
1482 |         let Some(path) = dialog.file().and_then(|file| file.path()) else {
     |                                 ^^^^

warning: use of deprecated method `gtk4::CssProvider::load_from_data`: Since 4.12
  --> src/css/mod.rs:46:10
   |
46 |     base.load_from_data(BASE);
   |          ^^^^^^^^^^^^^^

warning: use of deprecated method `gtk4::CssProvider::load_from_data`: Since 4.12
  --> src/css/mod.rs:54:14
   |
54 |     platform.load_from_data(PLATFORM);
   |              ^^^^^^^^^^^^^^

warning: use of deprecated method `gtk4::CssProvider::load_from_data`: Since 4.12
  --> src/css/mod.rs:65:20
   |
65 |     square_corners.load_from_data(SQUARE_CORNERS);
   |                    ^^^^^^^^^^^^^^

warning: use of deprecated associated function `gtk4::FileChooserNative::new`: Since 4.10
  --> src/edit/export.rs:11:46
   |
11 |         let dialog = gtk::FileChooserNative::new(
   |                                              ^^^

warning: use of deprecated method `gtk4::prelude::FileChooserExt::set_current_name`: Since 4.10
  --> src/edit/export.rs:23:16
   |
23 |         dialog.set_current_name(&filename);
   |                ^^^^^^^^^^^^^^^^

warning: use of deprecated method `gtk4::prelude::FileChooserExt::file`: Since 4.10
  --> src/edit/export.rs:32:51
   |
32 |                 if let Some(destination) = dialog.file().and_then(|file| file.path()) {
   |                                                   ^^^^

warning: use of deprecated associated function `gtk4::dialog::<impl gtk4::Dialog>::with_buttons`: Since 4.10
  --> src/network_picker.rs:12:29
   |
12 |     let dialog=gtk::Dialog::with_buttons(
   |                             ^^^^^^^^^^^^

warning: use of deprecated method `gtk4::prelude::DialogExt::set_default_response`: Since 4.10
  --> src/network_picker.rs:18:12
   |
18 |     dialog.set_default_response(gtk::ResponseType::Accept);
   |            ^^^^^^^^^^^^^^^^^^^^

warning: use of deprecated method `gtk4::prelude::DialogExt::content_area`: Since 4.10
  --> src/network_picker.rs:19:24
   |
19 |     let content=dialog.content_area();
   |                        ^^^^^^^^^^^^

warning: use of deprecated method `gtk4::prelude::DialogExt::connect_response`: Since 4.10
   --> src/network_picker.rs:139:12
    |
139 |     dialog.connect_response(move |dlg,reply|{
    |            ^^^^^^^^^^^^^^^^

warning: use of deprecated method `gtk4::prelude::WidgetExt::hide`: Since 4.10
  --> src/settings.rs:67:24
   |
67 |                 window.hide();
   |                        ^^^^

warning: use of deprecated associated function `gtk4::MessageDialog::builder`: Since 4.10
   --> src/settings.rs:604:38
    |
604 |     let dialog = gtk::MessageDialog::builder()
    |                                      ^^^^^^^

warning: use of deprecated method `gtk4::builders::MessageDialogBuilder::transient_for`: Since 4.10
   --> src/settings.rs:605:10
    |
605 |         .transient_for(parent)
    |          ^^^^^^^^^^^^^

warning: use of deprecated method `gtk4::builders::MessageDialogBuilder::modal`: Since 4.10
   --> src/settings.rs:606:10
    |
606 |         .modal(true)
    |          ^^^^^

warning: use of deprecated method `gtk4::builders::MessageDialogBuilder::message_type`: Since 4.10
   --> src/settings.rs:607:10
    |
607 |         .message_type(gtk::MessageType::Warning)
    |          ^^^^^^^^^^^^

warning: use of deprecated method `gtk4::builders::MessageDialogBuilder::buttons`: Since 4.10
   --> src/settings.rs:608:10
    |
608 |         .buttons(gtk::ButtonsType::Cancel)
    |          ^^^^^^^

warning: use of deprecated method `gtk4::builders::MessageDialogBuilder::text`: Since 4.10
   --> src/settings.rs:609:10
    |
609 |         .text(title)
    |          ^^^^

warning: use of deprecated method `gtk4::builders::MessageDialogBuilder::secondary_text`: Since 4.10
   --> src/settings.rs:610:10
    |
610 |         .secondary_text(message)
    |          ^^^^^^^^^^^^^^

warning: use of deprecated method `gtk4::builders::MessageDialogBuilder::build`: Since 4.10
   --> src/settings.rs:611:10
    |
611 |         .build();
    |          ^^^^^

warning: use of deprecated method `gtk4::prelude::DialogExt::add_button`: Since 4.10
   --> src/settings.rs:612:12
    |
612 |     dialog.add_button("Continue", gtk::ResponseType::Accept);
    |            ^^^^^^^^^^

warning: use of deprecated method `gtk4::prelude::DialogExt::connect_response`: Since 4.10
   --> src/settings.rs:613:12
    |
613 |     dialog.connect_response(move |dialog, response| {
    |            ^^^^^^^^^^^^^^^^

warning: use of deprecated method `gtk4::prelude::WidgetExt::allocation`: Since 4.12
    --> src/sidebar.rs:1748:58
     |
1748 |                         .unwrap_or_else(|| f64::from(row.allocation().y()));
     |                                                          ^^^^^^^^^^

warning: use of deprecated method `gtk4::CssProvider::load_from_data`: Since 4.12
   --> src/window/theme.rs:151:22
    |
151 |             provider.load_from_data(base.css.as_str());
    |                      ^^^^^^^^^^^^^^

warning: use of deprecated method `gtk4::CssProvider::load_from_data`: Since 4.12
   --> src/window/theme.rs:204:22
    |
204 |             provider.load_from_data(theme.css.as_str());
    |                      ^^^^^^^^^^^^^^

warning: use of deprecated associated function `gtk4::FileChooserNative::new`: Since 4.10
    --> src/window/build.rs:2354:46
     |
2354 |         let dialog = gtk::FileChooserNative::new(
     |                                              ^^^

warning: use of deprecated method `gtk4::prelude::FileChooserExt::set_current_name`: Since 4.10
    --> src/window/build.rs:2367:16
     |
2367 |         dialog.set_current_name(&filename);
     |                ^^^^^^^^^^^^^^^^

warning: use of deprecated method `gtk4::prelude::FileChooserExt::file`: Since 4.10
    --> src/window/build.rs:2371:44
     |
2371 |                 if let Some(file) = dialog.file() {
     |                                            ^^^^

warning: use of deprecated associated function `gtk4::FileChooserNative::new`: Since 4.10
    --> src/window/build.rs:2777:44
     |
2777 |         let dialog=gtk::FileChooserNative::new(
     |                                            ^^^

warning: use of deprecated method `gtk4::prelude::FileChooserExt::file`: Since 4.10
    --> src/window/build.rs:2782:39
     |
2782 |                 if let Some(file)=dlg.file(){ selected_for_local(crate::source::reference(&file)); }
     |                                       ^^^^

warning: use of deprecated method `gtk4::CssProvider::load_from_data`: Since 4.12
  --> src/window/photo_actions.rs:16:9
   |
16 |     css.load_from_data(crate::css::PHOTO_CONTEXT_MENU);
   |         ^^^^^^^^^^^^^^

warning: use of deprecated associated function `gtk4::MessageDialog::builder`: Since 4.10
  --> src/main.rs:74:50
   |
74 |                 let dialog = gtk::MessageDialog::builder()
   |                                                  ^^^^^^^

warning: use of deprecated method `gtk4::builders::MessageDialogBuilder::message_type`: Since 4.10
  --> src/main.rs:75:22
   |
75 |                     .message_type(gtk::MessageType::Error)
   |                      ^^^^^^^^^^^^

warning: use of deprecated method `gtk4::builders::MessageDialogBuilder::buttons`: Since 4.10
  --> src/main.rs:76:22
   |
76 |                     .buttons(gtk::ButtonsType::Close)
   |                      ^^^^^^^

warning: use of deprecated method `gtk4::builders::MessageDialogBuilder::text`: Since 4.10
  --> src/main.rs:77:22
   |
77 |                     .text("Could not open the photo library")
   |                      ^^^^

warning: use of deprecated method `gtk4::builders::MessageDialogBuilder::secondary_text`: Since 4.10
  --> src/main.rs:78:22
   |
78 |                     .secondary_text(error.to_string())
   |                      ^^^^^^^^^^^^^^

warning: use of deprecated method `gtk4::builders::MessageDialogBuilder::build`: Since 4.10
  --> src/main.rs:79:22
   |
79 |                     .build();
   |                      ^^^^^

warning: use of deprecated method `gtk4::prelude::DialogExt::connect_response`: Since 4.10
  --> src/main.rs:80:24
   |
80 |                 dialog.connect_response(|dialog, _| dialog.close());
   |                        ^^^^^^^^^^^^^^^^

warning: unused import: `gtk::prelude`
 --> src/css/mod.rs:3:5
  |
3 | use gtk::prelude::*;
  |     ^^^^^^^^^^^^

warning: unreachable pattern
   --> src/css/theme_discovery.rs:200:39
    |
200 |                     "traffic-light" | "traffic-light" | "trafficlights" => {
    |                     ---------------   ^^^^^^^^^^^^^^^ no value can reach this
    |                     |
    |                     matches all the relevant values
    |
    = note: `#[warn(unreachable_patterns)]` (part of `#[warn(unused)]`) on by default

warning: unused variable: `window_for_close`
  --> src/settings.rs:64:17
   |
64 |             let window_for_close = window.clone();
   |                 ^^^^^^^^^^^^^^^^ help: if this is intentional, prefix it with an underscore: `_window_for_close`
   |
   = note: `#[warn(unused_variables)]` (part of `#[warn(unused)]`) on by default

warning: unused variable: `set_expanded`
   --> src/sidebar.rs:710:13
    |
710 |         let set_expanded = set_folders_expanded.clone();
    |             ^^^^^^^^^^^^ help: if this is intentional, prefix it with an underscore: `_set_expanded`

warning: unused variable: `error`
   --> src/thumbnail_display.rs:374:13
    |
374 |         Err(error) => {
    |             ^^^^^ help: if this is intentional, prefix it with an underscore: `_error`

warning: unused variable: `path`
    --> src/window/build.rs:3093:21
     |
3093 |                     path,
     |                     ^^^^ help: try ignoring the field: `path: _`

warning: unused variable: `count`
    --> src/window/build.rs:2863:17
     |
2863 |             let count = roots.as_ref().map(|roots| roots.len()).unwrap_or(0);
     |                 ^^^^^ help: if this is intentional, prefix it with an underscore: `_count`

warning: unused variable: `kind`
    --> src/window/build.rs:2562:41
     |
2562 |             let Some((root, generation, kind)) = next else {
     |                                         ^^^^ help: if this is intentional, prefix it with an underscore: `_kind`

warning: unused variable: `mount`
   --> src/window/layout.rs:479:51
    |
479 |     volume_monitor.connect_mount_changed(move |_, mount| {
    |                                                   ^^^^^ help: if this is intentional, prefix it with an underscore: `_mount`

warning: unused variable: `mount`
   --> src/window/layout.rs:474:51
    |
474 |     volume_monitor.connect_mount_removed(move |_, mount| {
    |                                                   ^^^^^ help: if this is intentional, prefix it with an underscore: `_mount`

warning: unused variable: `mount`
   --> src/window/layout.rs:469:49
    |
469 |     volume_monitor.connect_mount_added(move |_, mount| {
    |                                                 ^^^^^ help: if this is intentional, prefix it with an underscore: `_mount`

warning: unused variable: `changed`
   --> src/window/layout.rs:296:24
    |
296 |                     Ok(changed) => {
    |                        ^^^^^^^ help: if this is intentional, prefix it with an underscore: `_changed`

warning: unused variable: `file`
   --> src/window/build.rs:218:50
    |
218 |                 monitor.connect_changed(move |_, file, other_file, event| {
    |                                                  ^^^^ help: if this is intentional, prefix it with an underscore: `_file`

warning: unused variable: `other_file`
   --> src/window/build.rs:218:56
    |
218 |                 monitor.connect_changed(move |_, file, other_file, event| {
    |                                                        ^^^^^^^^^^ help: if this is intentional, prefix it with an underscore: `_other_file`

warning: unused variable: `search`
    --> src/window/build.rs:2453:9
     |
2453 |         search,
     |         ^^^^^^ help: if this is intentional, prefix it with an underscore: `_search`

warning: unused variable: `search`
   --> src/window/search.rs:207:22
    |
207 |         if let (Some(search), Some(popup)) = (search_weak.upgrade(), popup_weak.upgrade()) {
    |                      ^^^^^^ help: if this is intentional, prefix it with an underscore: `_search`

warning: function `bookshelf_background_path` is never used
   --> src/albums/bookshelf.rs:135:4
    |
135 | fn bookshelf_background_path(directory: &Path, index: usize) -> Option<PathBuf> {
    |    ^^^^^^^^^^^^^^^^^^^^^^^^^
    |
    = note: `#[warn(dead_code)]` (part of `#[warn(unused)]`) on by default

warning: method `add_photos` is never used
   --> src/collage/editor.rs:136:12
    |
126 | impl CollageEditor {
    | ------------------ method in this implementation
...
136 |     pub fn add_photos(&self, photos: Vec<crate::photo_object::PhotoObject>) {
    |            ^^^^^^^^^^

warning: method `add_photos` is never used
   --> src/collage/model.rs:153:12
    |
102 | impl CollageProject {
    | ------------------- method in this implementation
...
153 |     pub fn add_photos(&mut self, photos: Vec<PhotoObject>) {
    |            ^^^^^^^^^^

warning: function `folder_path_by_id` is never used
   --> src/db/photos.rs:265:8
    |
265 | pub fn folder_path_by_id(connection: &Connection, folder_id: i64) -> Result<Option<String>> {
    |        ^^^^^^^^^^^^^^^^^

warning: field `interactive` is never read
  --> src/edit/preview.rs:94:5
   |
84 | struct PreviewJob {
   |        ---------- field in this struct
...
94 |     interactive: bool,
   |     ^^^^^^^^^^^

warning: function `pointer_over_content` is never used
  --> src/edit/zoom.rs:54:4
   |
54 | fn pointer_over_content(pointer: f64, viewport: f64, content: f64) -> bool {
   |    ^^^^^^^^^^^^^^^^^^^^

warning: function `apply_recipe_without_crop` is never used
  --> src/edit/render.rs:31:8
   |
31 | pub fn apply_recipe_without_crop(mut image: RgbaImage, recipe: &EditRecipe) -> RgbaImage {
   |        ^^^^^^^^^^^^^^^^^^^^^^^^^

warning: method `clear_photo` is never used
   --> src/grid/tile.rs:656:8
    |
164 | impl SquareTile {
    | --------------- method in this implementation
...
656 |     fn clear_photo(&self) {
    |        ^^^^^^^^^^^

warning: method `visible_folder_id` is never used
   --> src/grid/grouping.rs:269:12
    |
 27 | impl Gallery {
    | ------------ method in this implementation
...
269 |     pub fn visible_folder_id(&self) -> Option<i64> {
    |            ^^^^^^^^^^^^^^^^^

warning: function `folder_row_offset` is never used
  --> src/grid/virtualization.rs:60:4
   |
60 | fn folder_row_offset(rows: &[FolderVirtualRow], target_row: usize, tile_height: i32) -> f64 {
   |    ^^^^^^^^^^^^^^^^^

warning: struct `FolderVirtualRow` is never constructed
  --> src/grid/virtualization.rs:83:8
   |
83 | struct FolderVirtualRow {
   |        ^^^^^^^^^^^^^^^^

warning: function `folder_virtual_rows` is never used
  --> src/grid/virtualization.rs:92:4
   |
92 | fn folder_virtual_rows(ranges: &[GroupRange], chunk_size: usize) -> Vec<FolderVirtualRow> {
   |    ^^^^^^^^^^^^^^^^^^^

warning: method `refresh_availability` is never used
    --> src/grid/virtualization.rs:1183:12
     |
 209 | impl Gallery {
     | ------------ method in this implementation
...
1183 |     pub fn refresh_availability(&self) {
     |            ^^^^^^^^^^^^^^^^^^^^

warning: methods `selected_position` and `is_at_vertical_boundary` are never used
   --> src/grid/selection.rs:30:12
    |
 26 | impl Gallery {
    | ------------ methods in this implementation
...
 30 |     pub fn selected_position(&self) -> Option<usize> {
    |            ^^^^^^^^^^^^^^^^^
...
173 |     pub fn is_at_vertical_boundary(&self, direction: i32) -> bool {
    |            ^^^^^^^^^^^^^^^^^^^^^^^

warning: function `folder_id_from_named_ancestor` is never used
   --> src/grid/selection.rs:950:4
    |
950 | fn folder_id_from_named_ancestor(widget: &gtk::Widget) -> Option<i64> {
    |    ^^^^^^^^^^^^^^^^^^^^^^^^^^^^^

warning: field `grid_zoom_menu` is never read
  --> src/infobar.rs:24:9
   |
10 | pub struct InfoBar {
   |            ------- field in this struct
...
24 |     pub grid_zoom_menu: gtk::MenuButton,
   |         ^^^^^^^^^^^^^^

warning: function `rotated_thumbnail` is never used
  --> src/photo_texture.rs:52:8
   |
52 | pub fn rotated_thumbnail(path: &str, rotation: i32) -> Option<gtk::gdk::Paintable> {
   |        ^^^^^^^^^^^^^^^^^

warning: field `id` is never read
  --> src/scanner.rs:27:9
   |
25 |     PhotoIndexed {
   |     ------------ field in this variant
26 |         path: PathBuf,
27 |         id: i64,
   |         ^^
   |
   = note: `ScanEvent` has derived impls for the traits `Clone` and `Debug`, but these are intentionally ignored during dead code analysis

warning: function `scan` is never used
  --> src/scanner.rs:79:8
   |
79 | pub fn scan(root: &str, events: Option<&Sender<ScanEvent>>) -> Result<usize> {
   |        ^^^^

warning: function `wait_for_priority_requests` is never used
   --> src/thumbnail.rs:184:8
    |
184 | pub fn wait_for_priority_requests() {
    |        ^^^^^^^^^^^^^^^^^^^^^^^^^^

warning: field `scale` is never read
 --> src/thumbnail/viewer.rs:5:5
  |
1 | struct DecodedThumbnailSource {
  |        ---------------------- field in this struct
...
5 |     scale: &'static str,
  |     ^^^^^

warning: function `create_many` is never used
 --> src/thumbnail/batch.rs:1:8
  |
1 | pub fn create_many(
  |        ^^^^^^^^^^^

warning: constant `EDIT_PANEL_CSS` is never used
  --> src/window.rs:24:18
   |
24 | pub(crate) const EDIT_PANEL_CSS: &str = crate::css::BASE;
   |                  ^^^^^^^^^^^^^^

warning: variants `FilesystemNotification` and `ProgrammaticSidebarSelection` are never constructed
   --> src/window.rs:182:5
    |
178 | enum PhotoScanRequestReason {
    |      ---------------------- variants in this enum
...
182 |     FilesystemNotification,
    |     ^^^^^^^^^^^^^^^^^^^^^^
...
185 |     ProgrammaticSidebarSelection,
    |     ^^^^^^^^^^^^^^^^^^^^^^^^^^^^
    |
    = note: `PhotoScanRequestReason` has derived impls for the traits `Debug` and `Clone`, but these are intentionally ignored during dead code analysis

warning: function `install_gallery_zoom_scroll` is never used
   --> src/window/navigation.rs:506:4
    |
506 | fn install_gallery_zoom_scroll(scrolled: &gtk::ScrolledWindow, gallery: Rc<grid::Gallery>) {
    |    ^^^^^^^^^^^^^^^^^^^^^^^^^^^

warning: field `mounted` is never read
  --> src/window/availability.rs:24:5
   |
23 | struct ReconnectedSources {
   |        ------------------ field in this struct
24 |     mounted: std::collections::HashSet<String>,
   |     ^^^^^^^

warning: method `update` is never used
  --> src/window/availability.rs:29:8
   |
28 | impl ReconnectedSources {
   | ----------------------- method in this implementation
29 |     fn update(&mut self, mounted: std::collections::HashSet<String>) {
   |        ^^^^^^

warning: method `active_window_controls` is never used
   --> src/window/theme.rs:128:19
    |
 55 | impl ThemeEngine {
    | ---------------- method in this implementation
...
128 |     pub(crate) fn active_window_controls(&self) -> WindowControls {
    |                   ^^^^^^^^^^^^^^^^^^^^^^

warning: `pic-rs` (bin "pic-rs") generated 106 warnings (run `cargo fix --bin "pic-rs" -p pic-rs` to apply 15 suggestions)
    Finished `dev` profile [optimized + debuginfo] target(s) in 0.12s
     Running `target/debug/pic-rs`
STARTUP cold_start_ms=14 photos=4968 displayed=10 folders=247 albums=3 scan=disabled rss_mb=62

(pic-rs:513277): Gtk-WARNING **: 20:02:07.614: Theme parser error: <data>:26:1-2: Expected a valid selector
WARNING: radv is not a conformant Vulkan implementation, testing use only.
===== SCAN COMPLETE: imported=0 failed=0 | progressive gallery updates complete =====
PIC_NETWORK tid=ThreadId(12) PRIVATE_NFS export_discovery_start host=DietPi.local
PIC_NFS stage=hostname_resolution elapsed_ms=3 tid=140508387038912 host=DietPi.local export=- relative=- status=0 addresses=1
PIC_NFS stage=export_discovery elapsed_ms=10 tid=140508387038912 host=DietPi.local export=- relative=- outcome=ok exports=5
PIC_NETWORK tid=ThreadId(12) PRIVATE_NFS export_discovery_done host=DietPi.local count=5 elapsed_ms=13 paths=["/exports/Work", "/mnt/4TBM", "/mnt/4TBP", "/mnt/4TBS", "/mnt/dietpi_userdata"]
PIC_NETWORK tid=ThreadId(12) PRIVATE_NFS exports_display host=DietPi.local advertised_path=/mnt count=5
PIC_NETWORK tid=ThreadId(13) PRIVATE_NFS export_cache_hit host=DietPi.local count=5
PIC_NETWORK tid=ThreadId(13) PRIVATE_NFS export_cache_hit host=DietPi.local count=5
PIC_NETWORK tid=ThreadId(13) PRIVATE_NFS list_start host=DietPi.local export=/mnt/4TBS relative=/
PIC_NFS stage=context_creation elapsed_ms=0 tid=140508387038912 host=DietPi.local export=/mnt/4TBS relative=- outcome=ok
PIC_NFS_CONNECT create_start host=DietPi.local export=/mnt/4TBS version=3 tid=140508387038912
PIC_NFS stage=connection_establishment elapsed_ms=32 tid=140508387038912 host=DietPi.local export=/mnt/4TBS relative=- version=3 outcome=ok status=0
PIC_NFS_CONNECT create_ok host=DietPi.local export=/mnt/4TBS version=3
PIC_NETWORK tid=ThreadId(13) PRIVATE_NFS list_done raw=9 displayed=9
PIC_NETWORK tid=ThreadId(14) PRIVATE_NFS export_cache_hit host=DietPi.local count=5
PIC_NETWORK tid=ThreadId(14) PRIVATE_NFS exports_display host=DietPi.local advertised_path=/mnt count=5
PIC_NETWORK tid=ThreadId(15) PRIVATE_NFS export_cache_hit host=DietPi.local count=5
PIC_NETWORK tid=ThreadId(15) PRIVATE_NFS export_cache_hit host=DietPi.local count=5
PIC_NETWORK tid=ThreadId(15) PRIVATE_NFS list_start host=DietPi.local export=/mnt/4TBM relative=/
PIC_NFS stage=context_creation elapsed_ms=0 tid=140508387038912 host=DietPi.local export=/mnt/4TBM relative=- outcome=ok
PIC_NFS_CONNECT create_start host=DietPi.local export=/mnt/4TBM version=3 tid=140508387038912
PIC_NFS stage=connection_establishment elapsed_ms=18 tid=140508387038912 host=DietPi.local export=/mnt/4TBM relative=- version=3 outcome=ok status=0
PIC_NFS_CONNECT create_ok host=DietPi.local export=/mnt/4TBM version=3
PIC_NETWORK tid=ThreadId(15) PRIVATE_NFS list_done raw=7 displayed=2
PIC_NETWORK tid=ThreadId(16) PRIVATE_NFS export_cache_hit host=DietPi.local count=5
PIC_NETWORK tid=ThreadId(16) PRIVATE_NFS exports_display host=DietPi.local advertised_path=/mnt count=5
PIC_NETWORK tid=ThreadId(17) PRIVATE_NFS export_cache_hit host=DietPi.local count=5
PIC_NETWORK tid=ThreadId(17) PRIVATE_NFS export_cache_hit host=DietPi.local count=5
PIC_NETWORK tid=ThreadId(17) PRIVATE_NFS list_start host=DietPi.local export=/mnt/4TBP relative=/
PIC_NFS stage=context_creation elapsed_ms=0 tid=140508387038912 host=DietPi.local export=/mnt/4TBP relative=- outcome=ok
PIC_NFS_CONNECT create_start host=DietPi.local export=/mnt/4TBP version=3 tid=140508387038912
PIC_NFS stage=connection_establishment elapsed_ms=15 tid=140508387038912 host=DietPi.local export=/mnt/4TBP relative=- version=3 outcome=error status=-1
PIC_NFS_CONNECT create_failed host=DietPi.local export=/mnt/4TBP v3 status=-1 (Operation not permitted)
PIC_NFS stage=context_creation elapsed_ms=0 tid=140508387038912 host=DietPi.local export=/mnt/4TBP relative=- outcome=ok
PIC_NFS_CONNECT create_start host=DietPi.local export=/mnt/4TBP version=4 tid=140508387038912
PIC_NFS stage=connection_establishment elapsed_ms=3 tid=140508387038912 host=DietPi.local export=/mnt/4TBP relative=- version=4 outcome=ok status=0
PIC_NFS_CONNECT create_ok host=DietPi.local export=/mnt/4TBP version=4
PIC_NETWORK tid=ThreadId(18) PRIVATE_NFS export_cache_hit host=DietPi.local count=5
PIC_NETWORK tid=ThreadId(18) PRIVATE_NFS exports_display host=DietPi.local advertised_path=/ count=5
PIC_NETWORK tid=ThreadId(20) PRIVATE_SMB list_start uri=smb://DietPi.local:445/
PIC_SMB_CONNECT create_start
PIC_SMB_CONNECT create_ok
PIC_NETWORK tid=ThreadId(20) PRIVATE_SMB list_done count=6 displayed=5
PIC_NETWORK tid=ThreadId(21) PRIVATE_SMB list_start uri=smb://DietPi.local:445/4TBS
PIC_SMB_CONNECT reuse
PIC_NETWORK tid=ThreadId(21) PRIVATE_SMB list_done count=9 displayed=9
PIC_NETWORK tid=ThreadId(22) PRIVATE_SMB list_start uri=smb://DietPi.local:445
PIC_SMB_CONNECT reuse
PIC_NETWORK tid=ThreadId(22) PRIVATE_SMB list_done count=6 displayed=5
PIC_NETWORK tid=ThreadId(23) PRIVATE_SMB list_start uri=smb://DietPi.local:445/4TBP
PIC_SMB_CONNECT reuse
PIC_NETWORK tid=ThreadId(23) PRIVATE_SMB list_done count=11 displayed=11
PIC_NETWORK tid=ThreadId(24) PRIVATE_SMB list_start uri=smb://DietPi.local:445/4TBP/mypics-2026
PIC_SMB_CONNECT reuse
PIC_NETWORK tid=ThreadId(24) PRIVATE_SMB list_done count=2 displayed=2
PIC_NETWORK tid=ThreadId(25) PRIVATE_SMB list_start uri=smb://DietPi.local:445/4TBP/mypics-2026/Tat%20Matric%20Farewell
PIC_SMB_CONNECT reuse
PIC_NETWORK tid=ThreadId(25) PRIVATE_SMB list_done count=5 displayed=4
PIC_NETWORK tid=ThreadId(26) PRIVATE_SMB list_start uri=smb://DietPi.local:445/4TBP/mypics-2026/Tat%20Matric%20Farewell/DCIM
PIC_SMB_CONNECT reuse
PIC_NETWORK tid=ThreadId(26) PRIVATE_SMB list_done count=1 displayed=1
PIC_NETWORK tid=ThreadId(27) PRIVATE_SMB list_start uri=smb://DietPi.local:445/4TBP/mypics-2026/Tat%20Matric%20Farewell/DCIM/104NCZ_5
PIC_SMB_CONNECT reuse
PIC_NETWORK tid=ThreadId(27) PRIVATE_SMB list_done count=189 displayed=189
PIC_NETWORK tid=ThreadId(28) PRIVATE_SMB list_start uri=smb://DietPi.local:445/4TBP/mypics-2026/Tat%20Matric%20Farewell/DCIM
PIC_SMB_CONNECT reuse
PIC_NETWORK tid=ThreadId(28) PRIVATE_SMB list_done count=1 displayed=1
PIC_SMB_CONNECT reuse
PIC_NETWORK tid=ThreadId(29) PRIVATE_NFS export_cache_hit host=DietPi.local count=5
PIC_NFS stage=context_creation elapsed_ms=0 tid=140509100103360 host=DietPi.local export=/mnt/4TBS relative=- outcome=ok
PIC_NFS_CONNECT create_start host=DietPi.local export=/mnt/4TBS version=3 tid=140509100103360
PIC_NETWORK tid=ThreadId(30) PRIVATE_SMB list_start uri=smb://dietpi.local/4tbp/mypics-2026/Tat%20Matric%20Farewell/DCIM
PIC_SMB_CONNECT reuse
PIC_NFS stage=connection_establishment elapsed_ms=16 tid=140509100103360 host=DietPi.local export=/mnt/4TBS relative=- version=3 outcome=ok status=0
PIC_NFS_CONNECT create_ok host=DietPi.local export=/mnt/4TBS version=3
PIC_NETWORK tid=ThreadId(29) PRIVATE_NFS export_cache_hit host=DietPi.local count=5
PIC_NETWORK tid=ThreadId(29) PRIVATE_NFS export_cache_hit host=DietPi.local count=5
PIC_NETWORK tid=ThreadId(29) PRIVATE_NFS export_cache_hit host=DietPi.local count=5
PIC_NETWORK tid=ThreadId(29) PRIVATE_NFS export_cache_hit host=DietPi.local count=5
PIC_NETWORK tid=ThreadId(30PIC_SMB_CONNECT reuse
) PRIVATE_SMB list_done count=1 displayed=1
PIC_NETWORK tid=ThreadId(30) PRIVATE_SMB list_start uri=smb://dietpi.local/4tbp/mypics-2026/Tat%20Matric%20Farewell/DCIM/104NCZ_5
PIC_SMB_CONNECT reuse
PIC_NETWORK tid=ThreadId(30) PRIVATE_SMB list_done count=189 displayed=189
PIC_SMB_CONNECT reuse
PIC_SMB_CONNECT reuse
PIC_SMB_CONNECT reuse
PIC_SMB_CONNECT reuse
PIC_SMB_CONNECT reuse
PIC_SMB_CONNECT reuse
PIC_SMB_CONNECT reuse
PIC_SMB_CONNECT reuse
PIC_SMB_CONNECT reuse
PIC_SMB_CONNECT reuse
PIC_SMB_CONNECT reuse
PIC_SMB_CONNECT reuse
PIC_SMB_CONNECT reuse
PIC_SMB_CONNECT reuse
PIC_SMB_CONNECT reuse
PIC_SMB_CONNECT reuse
PIC_SMB_CONNECT reuse
PIC_SMB_CONNECT reuse
PIC_SMB_CONNECT reuse
PIC_SMB_CONNECT reuse
PIC_SMB_CONNECT reuse
PIC_SMB_CONNECT reuse
PIC_SMB_CONNECT reuse
PIC_SMB_CONNECT reuse
PIC_SMB_CONNECT reuse
PIC_SMB_CONNECT reuse
PIC_SMB_CONNECT reuse
PIC_SMB_CONNECT reuse
PIC_SMB_CONNECT reuse
PIC_SMB_CONNECT reuse
PIC_SMB_CONNECT reuse
PIC_SMB_CONNECT reuse
PIC_SMB_CONNECT reuse
PIC_SMB_CONNECT reuse
PIC_SMB_CONNECT reuse
PIC_SMB_CONNECT reuse
PIC_SMB_CONNECT reuse
PIC_SMB_CONNECT reuse
PIC_SMB_CONNECT reuse
PIC_SMB_CONNECT reuse
PIC_SMB_CONNECT reuse
PIC_SMB_CONNECT reuse
PIC_SMB_CONNECT reuse
PIC_SMB_CONNECT reuse
PIC_SMB_CONNECT reuse
PIC_SMB_CONNECT reuse
PIC_SMB_CONNECT reuse
PIC_SMB_CONNECT reuse
PIC_SMB_CONNECT reuse
PIC_SMB_CONNECT reuse
PIC_SMB_CONNECT reuse
PIC_SMB_CONNECT reuse
PIC_SMB_CONNECT reuse
PIC_SMB_CONNECT reuse
PIC_SMB_CONNECT reuse
PIC_SMB_CONNECT reuse
PIC_SMB_CONNECT reuse
PIC_SMB_CONNECT reuse
PIC_SMB_CONNECT reuse
PIC_SMB_CONNECT reuse
PIC_SMB_CONNECT reuse
PIC_SMB_CONNECT reuse
PIC_SMB_CONNECT reuse
PIC_SMB_CONNECT reuse
PIC_SMB_CONNECT reuse
PIC_SMB_CONNECT reuse
PIC_SMB_CONNECT reuse
PIC_SMB_CONNECT reuse
PIC_SMB_CONNECT reuse
PIC_SMB_CONNECT reuse
PIC_SMB_CONNECT reuse
PIC_SMB_CONNECT reuse
PIC_SMB_CONNECT reuse
PIC_SMB_CONNECT reuse
PIC_SMB_CONNECT reuse
PIC_SMB_CONNECT reuse
PIC_SMB_CONNECT reuse
PIC_SMB_CONNECT reuse
PIC_SMB_CONNECT reuse
PIC_SMB_CONNECT reuse
PIC_SMB_CONNECT reuse
PIC_SMB_CONNECT reuse
PIC_SMB_CONNECT reuse
PIC_SMB_CONNECT reuse
PIC_SMB_CONNECT reuse
PIC_SMB_CONNECT reuse
PIC_SMB_CONNECT reuse
PIC_SMB_CONNECT reuse
PIC_SMB_CONNECT reuse
PIC_SMB_CONNECT reuse
PIC_SMB_CONNECT reuse
PIC_SMB_CONNECT reuse
PIC_SMB_CONNECT reuse
PIC_SMB_CONNECT reuse
PIC_SMB_CONNECT reuse
PIC_SMB_CONNECT reuse
PIC_SMB_CONNECT reuse
PIC_SMB_CONNECT reuse
PIC_SMB_CONNECT reuse
PIC_SMB_CONNECT reuse
PIC_SMB_CONNECT reuse
PIC_SMB_CONNECT reuse
PIC_SMB_CONNECT reuse
PIC_SMB_CONNECT reuse
PIC_SMB_CONNECT reuse
PIC_SMB_CONNECT reuse
PIC_SMB_CONNECT reuse
PIC_SMB_CONNECT reuse
PIC_SMB_CONNECT reuse
PIC_SMB_CONNECT reuse
PIC_SMB_CONNECT reuse
PIC_SMB_CONNECT reuse
PIC_SMB_CONNECT reuse
PIC_SMB_CONNECT reuse
PIC_SMB_CONNECT reuse
PIC_SMB_CONNECT reuse
PIC_SMB_CONNECT reuse
PIC_SMB_CONNECT reuse
PIC_SMB_CONNECT reuse
PIC_SMB_CONNECT reuse
PIC_SMB_CONNECT reuse
PIC_SMB_CONNECT reuse
PIC_SMB_CONNECT reuse
PIC_SMB_CONNECT reuse
PIC_SMB_CONNECT reuse
PIC_SMB_CONNECT reuse
PIC_SMB_CONNECT reuse
PIC_SMB_CONNECT reuse
PIC_SMB_CONNECT reuse
PIC_SMB_CONNECT reuse
PIC_SMB_CONNECT reuse
PIC_SMB_CONNECT reuse
PIC_SMB_CONNECT reuse
PIC_SMB_CONNECT reuse
PIC_SMB_CONNECT reuse
PIC_SMB_CONNECT reuse
PIC_SMB_CONNECT reuse
PIC_SMB_CONNECT reuse
PIC_SMB_CONNECT reuse
PIC_SMB_CONNECT reuse
PIC_SMB_CONNECT reuse
PIC_SMB_CONNECT reuse
PIC_SMB_CONNECT reuse
PIC_SMB_CONNECT reuse
PIC_SMB_CONNECT reuse
PIC_SMB_CONNECT reuse
PIC_SMB_CONNECT reuse
PIC_SMB_CONNECT reuse
PIC_SMB_CONNECT reuse
PIC_SMB_CONNECT reuse
PIC_SMB_CONNECT reuse
PIC_SMB_CONNECT reuse
PIC_SMB_CONNECT reuse
PIC_SMB_CONNECT reuse
PIC_SMB_CONNECT reuse
PIC_SMB_CONNECT reuse
PIC_SMB_CONNECT reuse
PIC_SMB_CONNECT reuse
PIC_SMB_CONNECT reuse
PIC_SMB_CONNECT reuse
PIC_SMB_CONNECT reuse
PIC_SMB_CONNECT reuse
PIC_SMB_CONNECT reuse
PIC_SMB_CONNECT reuse
PIC_SMB_CONNECT reuse
PIC_SMB_CONNECT reuse
PIC_SMB_CONNECT reuse
PIC_SMB_CONNECT reuse
PIC_SMB_CONNECT reuse
PIC_SMB_CONNECT reuse
PIC_SMB_CONNECT reuse
PIC_SMB_CONNECT reuse
PIC_SMB_CONNECT reuse
PIC_SMB_CONNECT reuse
PIC_SMB_CONNECT reuse
PIC_SMB_CONNECT reuse
PIC_SMB_CONNECT reuse
PIC_SMB_CONNECT reuse
PIC_SMB_CONNECT reuse
PIC_SMB_CONNECT reuse
PIC_SMB_CONNECT reuse
PIC_SMB_CONNECT reuse
PIC_SMB_CONNECT reuse
PIC_SMB_CONNECT reuse
PIC_SMB_CONNECT reuse
PIC_SMB_CONNECT reuse
PIC_SMB_CONNECT reuse
PIC_SMB_CONNECT reuse
PIC_SMB_CONNECT reuse
PIC_SMB_CONNECT reuse
PIC_THUMBNAIL schedule source=scan raw=true uri=smb://dietpi.local/4tbp/mypics-2026/Tat%20Matric%20Farewell/DCIM/104NCZ_5/DSC_5693.NEF
PIC_THUMBNAIL schedule source=scan raw=true uri=smb://dietpi.local/4tbp/mypics-2026/Tat%20Matric%20Farewell/DCIM/104NCZ_5/DSC_5694.NEF
PIC_THUMBNAIL schedule source=scan raw=true uri=smb://dietpi.local/4tbp/mypics-2026/Tat%20Matric%20Farewell/DCIM/104NCZ_5/DSC_5695.NEF
PIC_THUMBNAIL schedule source=scan raw=true uri=smb://dietpi.local/4tbp/mypics-2026/Tat%20Matric%20Farewell/DCIM/104NCZ_5/DSC_5696.NEF
PIC_THUMBNAIL schedule source=scan raw=true uri=smb://dietpi.local/4tbp/mypics-2026/Tat%20Matric%20Farewell/DCIM/104NCZ_5/DSC_5697.NEF
PIC_THUMBNAIL schedule source=scan raw=true uri=smb://dietpi.local/4tbp/mypics-2026/Tat%20Matric%20Farewell/DCIM/104NCZ_5/DSC_5698.NEF
PIC_THUMBNAIL schedule source=scan raw=true uri=smb://dietpi.local/4tbp/mypics-2026/Tat%20Matric%20Farewell/DCIM/104NCZ_5/DSC_5699.NEF
PIC_THUMBNAIL schedule source=scan raw=true uri=smb://dietpi.local/4tbp/mypics-2026/Tat%20Matric%20Farewell/DCIM/104NCZ_5/DSC_5700.NEF
PIC_THUMBNAIL schedule source=scan raw=true uri=smb://dietpi.local/4tbp/mypics-2026/Tat%20Matric%20Farewell/DCIM/104NCZ_5/DSC_5701.NEF
PIC_THUMBNAIL schedule source=scan raw=true uri=smb://dietpi.local/4tbp/mypics-2026/Tat%20Matric%20Farewell/DCIM/104NCZ_5/DSC_5702.NEF
PIC_THUMBNAIL schedule source=scan raw=true uri=smb://dietpi.local/4tbp/mypics-2026/Tat%20Matric%20Farewell/DCIM/104NCZ_5/DSC_5703.NEF
PIC_THUMBNAIL schedule source=scan raw=true uri=smb://dietpi.local/4tbp/mypics-2026/Tat%20Matric%20Farewell/DCIM/104NCZ_5/DSC_5704.NEF
PIC_THUMBNAIL schedule source=scan raw=true uri=smb://dietpi.local/4tbp/mypics-2026/Tat%20Matric%20Farewell/DCIM/104NCZ_5/DSC_5705.NEF
PIC_THUMBNAIL schedule source=scan raw=true uri=smb://dietpi.local/4tbp/mypics-2026/Tat%20Matric%20Farewell/DCIM/104NCZ_5/DSC_5706.NEF
PIC_THUMBNAIL schedule source=scan raw=true uri=smb://dietpi.local/4tbp/mypics-2026/Tat%20Matric%20Farewell/DCIM/104NCZ_5/DSC_5707.NEF
PIC_THUMBNAIL schedule source=scan raw=true uri=smb://dietpi.local/4tbp/mypics-2026/Tat%20Matric%20Farewell/DCIM/104NCZ_5/DSC_5708.NEF
PIC_THUMBNAIL schedule source=scan raw=true uri=smb://dietpi.local/4tbp/mypics-2026/Tat%20Matric%20Farewell/DCIM/104NCZ_5/DSC_5709.NEF
PIC_THUMBNAIL schedule source=scan raw=true uri=smb://dietpi.local/4tbp/mypics-2026/Tat%20Matric%20Farewell/DCIM/104NCZ_5/DSC_5710.NEF
PIC_THUMBNAIL schedule source=scan raw=true uri=smb://dietpi.local/4tbp/mypics-2026/Tat%20Matric%20Farewell/DCIM/104NCZ_5/DSC_5711.NEF
PIC_THUMBNAIL schedule source=scan raw=true uri=smb://dietpi.local/4tbp/mypics-2026/Tat%20Matric%20Farewell/DCIM/104NCZ_5/DSC_5712.NEF
PIC_THUMBNAIL schedule source=scan raw=true uri=smb://dietpi.local/4tbp/mypics-2026/Tat%20Matric%20Farewell/DCIM/104NCZ_5/DSC_5713.NEF
PIC_THUMBNAIL schedule source=scan raw=true uri=smb://dietpi.local/4tbp/mypics-2026/Tat%20Matric%20Farewell/DCIM/104NCZ_5/DSC_5714.NEF
PIC_THUMBNAIL schedule source=scan raw=true uri=smb://dietpi.local/4tbp/mypics-2026/Tat%20Matric%20Farewell/DCIM/104NCZ_5/DSC_5715.NEF
PIC_THUMBNAIL schedule source=scan raw=true uri=smb://dietpi.local/4tbp/mypics-2026/Tat%20Matric%20Farewell/DCIM/104NCZ_5/DSC_5716.NEF
PIC_THUMBNAIL schedule source=scan raw=true uri=smb://dietpi.local/4tbp/mypics-2026/Tat%20Matric%20Farewell/DCIM/104NCZ_5/DSC_5717.NEF
PIC_THUMBNAIL schedule source=scan raw=true uri=smb://dietpi.local/4tbp/mypics-2026/Tat%20Matric%20Farewell/DCIM/104NCZ_5/DSC_5718.NEF
PIC_THUMBNAIL schedule source=scan raw=true uri=smb://dietpi.local/4tbp/mypics-2026/Tat%20Matric%20Farewell/DCIM/104NCZ_5/DSC_5719.NEF
PIC_THUMBNAIL schedule source=scan raw=true uri=smb://dietpi.local/4tbp/mypics-2026/Tat%20Matric%20Farewell/DCIM/104NCZ_5/DSC_5720.NEF
PIC_THUMBNAIL schedule source=scan raw=true uri=smb://dietpi.local/4tbp/mypics-2026/Tat%20Matric%20Farewell/DCIM/104NCZ_5/DSC_5721.NEF
PIC_THUMBNAIL schedule source=scan raw=true uri=smb://dietpi.local/4tbp/mypics-2026/Tat%20Matric%20Farewell/DCIM/104NCZ_5/DSC_5722.NEF
PIC_THUMBNAIL schedule source=scan raw=true uri=smb://dietpi.local/4tbp/mypics-2026/Tat%20Matric%20Farewell/DCIM/104NCZ_5/DSC_5723.NEF
PIC_THUMBNAIL schedule source=scan raw=true uri=smb://dietpi.local/4tbp/mypics-2026/Tat%20Matric%20Farewell/DCIM/104NCZ_5/DSC_5724.NEF
PIC_THUMBNAIL schedule source=scan raw=true uri=smb://dietpi.local/4tbp/mypics-2026/Tat%20Matric%20Farewell/DCIM/104NCZ_5/DSC_5725.NEF
PIC_THUMBNAIL schedule source=scan raw=true uri=smb://dietpi.local/4tbp/mypics-2026/Tat%20Matric%20Farewell/DCIM/104NCZ_5/DSC_5726.NEF
PIC_THUMBNAIL schedule source=scan raw=true uri=smb://dietpi.local/4tbp/mypics-2026/Tat%20Matric%20Farewell/DCIM/104NCZ_5/DSC_5727.NEF
PIC_THUMBNAIL schedule source=scan raw=true uri=smb://dietpi.local/4tbp/mypics-2026/Tat%20Matric%20Farewell/DCIM/104NCZ_5/DSC_5728.NEF
PIC_THUMBNAIL schedule source=scan raw=true uri=smb://dietpi.local/4tbp/mypics-2026/Tat%20Matric%20Farewell/DCIM/104NCZ_5/DSC_5729.NEF
PIC_THUMBNAIL schedule source=scan raw=true uri=smb://dietpi.local/4tbp/mypics-2026/Tat%20Matric%20Farewell/DCIM/104NCZ_5/DSC_5730.NEF
PIC_THUMBNAIL schedule source=scan raw=true uri=smb://dietpi.local/4tbp/mypics-2026/Tat%20Matric%20Farewell/DCIM/104NCZ_5/DSC_5731.NEF
PIC_THUMBNAIL schedule source=scan raw=true uri=smb://dietpi.local/4tbp/mypics-2026/Tat%20Matric%20Farewell/DCIM/104NCZ_5/DSC_5732.NEF
PIC_THUMBNAIL schedule source=scan raw=true uri=smb://dietpi.local/4tbp/mypics-2026/Tat%20Matric%20Farewell/DCIM/104NCZ_5/DSC_5735.NEF
PIC_THUMBNAIL schedule source=scan raw=true uri=smb://dietpi.local/4tbp/mypics-2026/Tat%20Matric%20Farewell/DCIM/104NCZ_5/DSC_5736.NEF
PIC_THUMBNAIL schedule source=scan raw=true uri=smb://dietpi.local/4tbp/mypics-2026/Tat%20Matric%20Farewell/DCIM/104NCZ_5/DSC_5737.NEF
PIC_THUMBNAIL schedule source=scan raw=true uri=smb://dietpi.local/4tbp/mypics-2026/Tat%20Matric%20Farewell/DCIM/104NCZ_5/DSC_5738.NEF
PIC_THUMBNAIL schedule source=scan raw=true uri=smb://dietpi.local/4tbp/mypics-2026/Tat%20Matric%20Farewell/DCIM/104NCZ_5/DSC_5739.NEF
PIC_THUMBNAIL schedule source=scan raw=true uri=smb://dietpi.local/4tbp/mypics-2026/Tat%20Matric%20Farewell/DCIM/104NCZ_5/DSC_5740.NEF
PIC_THUMBNAIL schedule source=scan raw=true uri=smb://dietpi.local/4tbp/mypics-2026/Tat%20Matric%20Farewell/DCIM/104NCZ_5/DSC_5741.NEF
PIC_THUMBNAIL schedule source=scan raw=true uri=smb://dietpi.local/4tbp/mypics-2026/Tat%20Matric%20Farewell/DCIM/104NCZ_5/DSC_5742.NEF
PIC_THUMBNAIL schedule source=scan raw=true uri=smb://dietpi.local/4tbp/mypics-2026/Tat%20Matric%20Farewell/DCIM/104NCZ_5/DSC_5743.NEF
PIC_THUMBNAIL schedule source=scan raw=true uri=smb://dietpi.local/4tbp/mypics-2026/Tat%20Matric%20Farewell/DCIM/104NCZ_5/DSC_5744.NEF
PIC_THUMBNAIL schedule source=scan raw=true uri=smb://dietpi.local/4tbp/mypics-2026/Tat%20Matric%20Farewell/DCIM/104NCZ_5/DSC_5745.NEF
PIC_THUMBNAIL schedule source=scan raw=true uri=smb://dietpi.local/4tbp/mypics-2026/Tat%20Matric%20Farewell/DCIM/104NCZ_5/DSC_5746.NEF
PIC_THUMBNAIL schedule source=scan raw=true uri=smb://dietpi.local/4tbp/mypics-2026/Tat%20Matric%20Farewell/DCIM/104NCZ_5/DSC_5747.NEF
PIC_THUMBNAIL schedule source=scan raw=true uri=smb://dietpi.local/4tbp/mypics-2026/Tat%20Matric%20Farewell/DCIM/104NCZ_5/DSC_5748.NEF
PIC_THUMBNAIL schedule source=scan raw=true uri=smb://dietpi.local/4tbp/mypics-2026/Tat%20Matric%20Farewell/DCIM/104NCZ_5/DSC_5749.NEF
PIC_THUMBNAIL schedule source=scan raw=true uri=smb://dietpi.local/4tbp/mypics-2026/Tat%20Matric%20Farewell/DCIM/104NCZ_5/DSC_5750.NEF
PIC_THUMBNAIL schedule source=scan raw=true uri=smb://dietpi.local/4tbp/mypics-2026/Tat%20Matric%20Farewell/DCIM/104NCZ_5/DSC_5751.NEF
PIC_THUMBNAIL schedule source=scan raw=true uri=smb://dietpi.local/4tbp/mypics-2026/Tat%20Matric%20Farewell/DCIM/104NCZ_5/DSC_5752.NEF
PIC_THUMBNAIL schedule source=scan raw=true uri=smb://dietpi.local/4tbp/mypics-2026/Tat%20Matric%20Farewell/DCIM/104NCZ_5/DSC_5753.NEF
PIC_THUMBNAIL schedule source=scan raw=true uri=smb://dietpi.local/4tbp/mypics-2026/Tat%20Matric%20Farewell/DCIM/104NCZ_5/DSC_5754.NEF
PIC_THUMBNAIL schedule source=scan raw=true uri=smb://dietpi.local/4tbp/mypics-2026/Tat%20Matric%20Farewell/DCIM/104NCZ_5/DSC_5755.NEF
PIC_THUMBNAIL schedule source=scan raw=true uri=smb://dietpi.local/4tbp/mypics-2026/Tat%20Matric%20Farewell/DCIM/104NCZ_5/DSC_5756.NEF
PIC_THUMBNAIL schedule source=scan raw=true uri=smb://dietpi.local/4tbp/mypics-2026/Tat%20Matric%20Farewell/DCIM/104NCZ_5/DSC_5757.NEF
PIC_THUMBNAIL schedule source=scan raw=true uri=smb://dietpi.local/4tbp/mypics-2026/Tat%20Matric%20Farewell/DCIM/104NCZ_5/DSC_5758.NEF
PIC_THUMBNAIL schedule source=scan raw=true uri=smb://dietpi.local/4tbp/mypics-2026/Tat%20Matric%20Farewell/DCIM/104NCZ_5/DSC_5759.NEF
PIC_THUMBNAIL schedule source=scan raw=true uri=smb://dietpi.local/4tbp/mypics-2026/Tat%20Matric%20Farewell/DCIM/104NCZ_5/DSC_5760.NEF
PIC_THUMBNAIL schedule source=scan raw=true uri=smb://dietpi.local/4tbp/mypics-2026/Tat%20Matric%20Farewell/DCIM/104NCZ_5/DSC_5761.NEF
PIC_THUMBNAIL schedule source=scan raw=true uri=smb://dietpi.local/4tbp/mypics-2026/Tat%20Matric%20Farewell/DCIM/104NCZ_5/DSC_5762.NEF
PIC_THUMBNAIL schedule source=scan raw=true uri=smb://dietpi.local/4tbp/mypics-2026/Tat%20Matric%20Farewell/DCIM/104NCZ_5/DSC_5763.NEF
PIC_THUMBNAIL schedule source=scan raw=true uri=smb://dietpi.local/4tbp/mypics-2026/Tat%20Matric%20Farewell/DCIM/104NCZ_5/DSC_5764.NEF
PIC_THUMBNAIL schedule source=scan raw=true uri=smb://dietpi.local/4tbp/mypics-2026/Tat%20Matric%20Farewell/DCIM/104NCZ_5/DSC_5765.NEF
PIC_THUMBNAIL schedule source=scan raw=true uri=smb://dietpi.local/4tbp/mypics-2026/Tat%20Matric%20Farewell/DCIM/104NCZ_5/DSC_5766.NEF
PIC_THUMBNAIL schedule source=scan raw=true uri=smb://dietpi.local/4tbp/mypics-2026/Tat%20Matric%20Farewell/DCIM/104NCZ_5/DSC_5770.NEF
PIC_THUMBNAIL schedule source=scan raw=true uri=smb://dietpi.local/4tbp/mypics-2026/Tat%20Matric%20Farewell/DCIM/104NCZ_5/DSC_5771.NEF
PIC_THUMBNAIL schedule source=scan raw=true uri=smb://dietpi.local/4tbp/mypics-2026/Tat%20Matric%20Farewell/DCIM/104NCZ_5/DSC_5772.NEF
PIC_THUMBNAIL schedule source=scan raw=true uri=smb://dietpi.local/4tbp/mypics-2026/Tat%20Matric%20Farewell/DCIM/104NCZ_5/DSC_5773.NEF
PIC_THUMBNAIL schedule source=scan raw=true uri=smb://dietpi.local/4tbp/mypics-2026/Tat%20Matric%20Farewell/DCIM/104NCZ_5/DSC_5774.NEF
PIC_THUMBNAIL schedule source=scan raw=true uri=smb://dietpi.local/4tbp/mypics-2026/Tat%20Matric%20Farewell/DCIM/104NCZ_5/DSC_5775.NEF
PIC_THUMBNAIL schedule source=scan raw=true uri=smb://dietpi.local/4tbp/mypics-2026/Tat%20Matric%20Farewell/DCIM/104NCZ_5/DSC_5776.NEF
PIC_THUMBNAIL schedule source=scan raw=true uri=smb://dietpi.local/4tbp/mypics-2026/Tat%20Matric%20Farewell/DCIM/104NCZ_5/DSC_5777.NEF
PIC_THUMBNAIL schedule source=scan raw=true uri=smb://dietpi.local/4tbp/mypics-2026/Tat%20Matric%20Farewell/DCIM/104NCZ_5/DSC_5778.NEF
PIC_THUMBNAIL schedule source=scan raw=true uri=smb://dietpi.local/4tbp/mypics-2026/Tat%20Matric%20Farewell/DCIM/104NCZ_5/DSC_5779.NEF
PIC_THUMBNAIL schedule source=scan raw=true uri=smb://dietpi.local/4tbp/mypics-2026/Tat%20Matric%20Farewell/DCIM/104NCZ_5/DSC_5780.NEF
PIC_THUMBNAIL schedule source=scan raw=true uri=smb://dietpi.local/4tbp/mypics-2026/Tat%20Matric%20Farewell/DCIM/104NCZ_5/DSC_5781.NEF
PIC_THUMBNAIL schedule source=scan raw=true uri=smb://dietpi.local/4tbp/mypics-2026/Tat%20Matric%20Farewell/DCIM/104NCZ_5/DSC_5782.NEF
PIC_THUMBNAIL schedule source=scan raw=true uri=smb://dietpi.local/4tbp/mypics-2026/Tat%20Matric%20Farewell/DCIM/104NCZ_5/DSC_5783.NEF
PIC_THUMBNAIL schedule source=scan raw=true uri=smb://dietpi.local/4tbp/mypics-2026/Tat%20Matric%20Farewell/DCIM/104NCZ_5/DSC_5784.NEF
PIC_THUMBNAIL schedule source=scan raw=true uri=smb://dietpi.local/4tbp/mypics-2026/Tat%20Matric%20Farewell/DCIM/104NCZ_5/DSC_5785.NEF
PIC_THUMBNAIL schedule source=scan raw=true uri=smb://dietpi.local/4tbp/mypics-2026/Tat%20Matric%20Farewell/DCIM/104NCZ_5/DSC_5786.NEF
PIC_THUMBNAIL schedule source=scan raw=true uri=smb://dietpi.local/4tbp/mypics-2026/Tat%20Matric%20Farewell/DCIM/104NCZ_5/DSC_5787.NEF
PIC_THUMBNAIL schedule source=scan raw=true uri=smb://dietpi.local/4tbp/mypics-2026/Tat%20Matric%20Farewell/DCIM/104NCZ_5/DSC_5788.NEF
PIC_THUMBNAIL schedule source=scan raw=true uri=smb://dietpi.local/4tbp/mypics-2026/Tat%20Matric%20Farewell/DCIM/104NCZ_5/DSC_5789.NEF
PIC_THUMBNAIL schedule source=scan raw=true uri=smb://dietpi.local/4tbp/mypics-2026/Tat%20Matric%20Farewell/DCIM/104NCZ_5/DSC_5790.NEF
PIC_THUMBNAIL schedule source=scan raw=true uri=smb://dietpi.local/4tbp/mypics-2026/Tat%20Matric%20Farewell/DCIM/104NCZ_5/DSC_5791.NEF
PIC_THUMBNAIL schedule source=scan raw=true uri=smb://dietpi.local/4tbp/mypics-2026/Tat%20Matric%20Farewell/DCIM/104NCZ_5/DSC_5792.NEF
PIC_THUMBNAIL schedule source=scan raw=true uri=smb://dietpi.local/4tbp/mypics-2026/Tat%20Matric%20Farewell/DCIM/104NCZ_5/DSC_5793.NEF
PIC_THUMBNAIL schedule source=scan raw=true uri=smb://dietpi.local/4tbp/mypics-2026/Tat%20Matric%20Farewell/DCIM/104NCZ_5/DSC_5794.NEF
PIC_THUMBNAIL schedule source=scan raw=true uri=smb://dietpi.local/4tbp/mypics-2026/Tat%20Matric%20Farewell/DCIM/104NCZ_5/DSC_5795.NEF
PIC_THUMBNAIL schedule source=scan raw=true uri=smb://dietpi.local/4tbp/mypics-2026/Tat%20Matric%20Farewell/DCIM/104NCZ_5/DSC_5796.NEF
PIC_THUMBNAIL schedule source=scan raw=true uri=smb://dietpi.local/4tbp/mypics-2026/Tat%20Matric%20Farewell/DCIM/104NCZ_5/DSC_5797.NEF
PIC_THUMBNAIL schedule source=scan raw=true uri=smb://dietpi.local/4tbp/mypics-2026/Tat%20Matric%20Farewell/DCIM/104NCZ_5/DSC_5798.NEF
PIC_THUMBNAIL schedule source=scan raw=true uri=smb://dietpi.local/4tbp/mypics-2026/Tat%20Matric%20Farewell/DCIM/104NCZ_5/DSC_5799.NEF
PIC_THUMBNAIL schedule source=scan raw=true uri=smb://dietpi.local/4tbp/mypics-2026/Tat%20Matric%20Farewell/DCIM/104NCZ_5/DSC_5800.NEF
PIC_THUMBNAIL schedule source=scan raw=true uri=smb://dietpi.local/4tbp/mypics-2026/Tat%20Matric%20Farewell/DCIM/104NCZ_5/DSC_5801.NEF
PIC_THUMBNAIL schedule source=scan raw=true uri=smb://dietpi.local/4tbp/mypics-2026/Tat%20Matric%20Farewell/DCIM/104NCZ_5/DSC_5802.NEF
PIC_THUMBNAIL schedule source=scan raw=true uri=smb://dietpi.local/4tbp/mypics-2026/Tat%20Matric%20Farewell/DCIM/104NCZ_5/DSC_5803.NEF
PIC_THUMBNAIL schedule source=scan raw=true uri=smb://dietpi.local/4tbp/mypics-2026/Tat%20Matric%20Farewell/DCIM/104NCZ_5/DSC_5804.NEF
PIC_THUMBNAIL schedule source=scan raw=true uri=smb://dietpi.local/4tbp/mypics-2026/Tat%20Matric%20Farewell/DCIM/104NCZ_5/DSC_5805.NEF
PIC_THUMBNAIL schedule source=scan raw=true uri=smb://dietpi.local/4tbp/mypics-2026/Tat%20Matric%20Farewell/DCIM/104NCZ_5/DSC_5806.NEF
PIC_THUMBNAIL schedule source=scan raw=true uri=smb://dietpi.local/4tbp/mypics-2026/Tat%20Matric%20Farewell/DCIM/104NCZ_5/DSC_5807.NEF
PIC_THUMBNAIL schedule source=scan raw=true uri=smb://dietpi.local/4tbp/mypics-2026/Tat%20Matric%20Farewell/DCIM/104NCZ_5/DSC_5808.NEF
PIC_THUMBNAIL schedule source=scan raw=true uri=smb://dietpi.local/4tbp/mypics-2026/Tat%20Matric%20Farewell/DCIM/104NCZ_5/DSC_5809.NEF
PIC_THUMBNAIL schedule source=scan raw=true uri=smb://dietpi.local/4tbp/mypics-2026/Tat%20Matric%20Farewell/DCIM/104NCZ_5/DSC_5810.NEF
PIC_THUMBNAIL schedule source=scan raw=true uri=smb://dietpi.local/4tbp/mypics-2026/Tat%20Matric%20Farewell/DCIM/104NCZ_5/DSC_5811.NEF
PIC_THUMBNAIL schedule source=scan raw=true uri=smb://dietpi.local/4tbp/mypics-2026/Tat%20Matric%20Farewell/DCIM/104NCZ_5/DSC_5812.NEF
PIC_THUMBNAIL schedule source=scan raw=true uri=smb://dietpi.local/4tbp/mypics-2026/Tat%20Matric%20Farewell/DCIM/104NCZ_5/DSC_5813.NEF
PIC_THUMBNAIL schedule source=scan raw=true uri=smb://dietpi.local/4tbp/mypics-2026/Tat%20Matric%20Farewell/DCIM/104NCZ_5/DSC_5814.NEF
PIC_THUMBNAIL schedule source=scan raw=true uri=smb://dietpi.local/4tbp/mypics-2026/Tat%20Matric%20Farewell/DCIM/104NCZ_5/DSC_5815.NEF
PIC_THUMBNAIL schedule source=scan raw=true uri=smb://dietpi.local/4tbp/mypics-2026/Tat%20Matric%20Farewell/DCIM/104NCZ_5/DSC_5816.NEF
PIC_THUMBNAIL schedule source=scan raw=true uri=smb://dietpi.local/4tbp/mypics-2026/Tat%20Matric%20Farewell/DCIM/104NCZ_5/DSC_5817.NEF
PIC_THUMBNAIL schedule source=scan raw=true uri=smb://dietpi.local/4tbp/mypics-2026/Tat%20Matric%20Farewell/DCIM/104NCZ_5/DSC_5818.NEF
PIC_THUMBNAIL schedule source=scan raw=true uri=smb://dietpi.local/4tbp/mypics-2026/Tat%20Matric%20Farewell/DCIM/104NCZ_5/DSC_5819.NEF
PIC_THUMBNAIL schedule source=scan raw=true uri=smb://dietpi.local/4tbp/mypics-2026/Tat%20Matric%20Farewell/DCIM/104NCZ_5/DSC_5820.NEF
PIC_THUMBNAIL schedule source=scan raw=true uri=smb://dietpi.local/4tbp/mypics-2026/Tat%20Matric%20Farewell/DCIM/104NCZ_5/DSC_5821.NEF
PIC_THUMBNAIL schedule source=scan raw=true uri=smb://dietpi.local/4tbp/mypics-2026/Tat%20Matric%20Farewell/DCIM/104NCZ_5/DSC_5822.NEF
PIC_THUMBNAIL schedule source=scan raw=true uri=smb://dietpi.local/4tbp/mypics-2026/Tat%20Matric%20Farewell/DCIM/104NCZ_5/DSC_5823.NEF
PIC_THUMBNAIL schedule source=scan raw=true uri=smb://dietpi.local/4tbp/mypics-2026/Tat%20Matric%20Farewell/DCIM/104NCZ_5/DSC_5824.NEF
PIC_THUMBNAIL schedule source=scan raw=true uri=smb://dietpi.local/4tbp/mypics-2026/Tat%20Matric%20Farewell/DCIM/104NCZ_5/DSC_5825.NEF
PIC_THUMBNAIL schedule source=scan raw=true uri=smb://dietpi.local/4tbp/mypics-2026/Tat%20Matric%20Farewell/DCIM/104NCZ_5/DSC_5826.NEF
PIC_THUMBNAIL schedule source=scan raw=true uri=smb://dietpi.local/4tbp/mypics-2026/Tat%20Matric%20Farewell/DCIM/104NCZ_5/DSC_5827.NEF
PIC_THUMBNAIL schedule source=scan raw=true uri=smb://dietpi.local/4tbp/mypics-2026/Tat%20Matric%20Farewell/DCIM/104NCZ_5/DSC_5828.NEF
PIC_THUMBNAIL schedule source=scan raw=true uri=smb://dietpi.local/4tbp/mypics-2026/Tat%20Matric%20Farewell/DCIM/104NCZ_5/DSC_5829.NEF
PIC_THUMBNAIL schedule source=scan raw=true uri=smb://dietpi.local/4tbp/mypics-2026/Tat%20Matric%20Farewell/DCIM/104NCZ_5/DSC_5830.NEF
PIC_THUMBNAIL schedule source=scan raw=true uri=smb://dietpi.local/4tbp/mypics-2026/Tat%20Matric%20Farewell/DCIM/104NCZ_5/DSC_5831.NEF
PIC_THUMBNAIL schedule source=scan raw=true uri=smb://dietpi.local/4tbp/mypics-2026/Tat%20Matric%20Farewell/DCIM/104NCZ_5/DSC_5832.NEF
PIC_THUMBNAIL schedule source=scan raw=true uri=smb://dietpi.local/4tbp/mypics-2026/Tat%20Matric%20Farewell/DCIM/104NCZ_5/DSC_5833.NEF
PIC_THUMBNAIL schedule source=scan raw=true uri=smb://dietpi.local/4tbp/mypics-2026/Tat%20Matric%20Farewell/DCIM/104NCZ_5/DSC_5834.NEF
PIC_THUMBNAIL schedule source=scan raw=true uri=smb://dietpi.local/4tbp/mypics-2026/Tat%20Matric%20Farewell/DCIM/104NCZ_5/DSC_5835.NEF
PIC_THUMBNAIL schedule source=scan raw=true uri=smb://dietpi.local/4tbp/mypics-2026/Tat%20Matric%20Farewell/DCIM/104NCZ_5/DSC_5836.NEF
PIC_THUMBNAIL schedule source=scan raw=true uri=smb://dietpi.local/4tbp/mypics-2026/Tat%20Matric%20Farewell/DCIM/104NCZ_5/DSC_5837.NEF
PIC_THUMBNAIL schedule source=scan raw=true uri=smb://dietpi.local/4tbp/mypics-2026/Tat%20Matric%20Farewell/DCIM/104NCZ_5/DSC_5838.NEF
PIC_THUMBNAIL schedule source=scan raw=true uri=smb://dietpi.local/4tbp/mypics-2026/Tat%20Matric%20Farewell/DCIM/104NCZ_5/DSC_5839.NEF
PIC_THUMBNAIL schedule source=scan raw=true uri=smb://dietpi.local/4tbp/mypics-2026/Tat%20Matric%20Farewell/DCIM/104NCZ_5/DSC_5841.NEF
PIC_THUMBNAIL schedule source=scan raw=true uri=smb://dietpi.local/4tbp/mypics-2026/Tat%20Matric%20Farewell/DCIM/104NCZ_5/DSC_5842.NEF
PIC_THUMBNAIL schedule source=scan raw=true uri=smb://dietpi.local/4tbp/mypics-2026/Tat%20Matric%20Farewell/DCIM/104NCZ_5/DSC_5843.NEF
PIC_THUMBNAIL schedule source=scan raw=true uri=smb://dietpi.local/4tbp/mypics-2026/Tat%20Matric%20Farewell/DCIM/104NCZ_5/DSC_5844.NEF
PIC_THUMBNAIL schedule source=scan raw=true uri=smb://dietpi.local/4tbp/mypics-2026/Tat%20Matric%20Farewell/DCIM/104NCZ_5/DSC_5845.NEF
PIC_THUMBNAIL schedule source=scan raw=true uri=smb://dietpi.local/4tbp/mypics-2026/Tat%20Matric%20Farewell/DCIM/104NCZ_5/DSC_5846.NEF
PIC_THUMBNAIL schedule source=scan raw=true uri=smb://dietpi.local/4tbp/mypics-2026/Tat%20Matric%20Farewell/DCIM/104NCZ_5/DSC_5847.NEF
PIC_THUMBNAIL schedule source=scan raw=true uri=smb://dietpi.local/4tbp/mypics-2026/Tat%20Matric%20Farewell/DCIM/104NCZ_5/DSC_5848.NEF
PIC_THUMBNAIL schedule source=scan raw=true uri=smb://dietpi.local/4tbp/mypics-2026/Tat%20Matric%20Farewell/DCIM/104NCZ_5/DSC_5849.NEF
PIC_THUMBNAIL schedule source=scan raw=true uri=smb://dietpi.local/4tbp/mypics-2026/Tat%20Matric%20Farewell/DCIM/104NCZ_5/DSC_5850.NEF
PIC_THUMBNAIL schedule source=scan raw=true uri=smb://dietpi.local/4tbp/mypics-2026/Tat%20Matric%20Farewell/DCIM/104NCZ_5/DSC_5851.NEF
PIC_THUMBNAIL schedule source=scan raw=true uri=smb://dietpi.local/4tbp/mypics-2026/Tat%20Matric%20Farewell/DCIM/104NCZ_5/DSC_5852.NEF
PIC_THUMBNAIL schedule source=scan raw=true uri=smb://dietpi.local/4tbp/mypics-2026/Tat%20Matric%20Farewell/DCIM/104NCZ_5/DSC_5853.NEF
PIC_THUMBNAIL schedule source=scan raw=true uri=smb://dietpi.local/4tbp/mypics-2026/Tat%20Matric%20Farewell/DCIM/104NCZ_5/DSC_5854.NEF
PIC_THUMBNAIL schedule source=scan raw=true uri=smb://dietpi.local/4tbp/mypics-2026/Tat%20Matric%20Farewell/DCIM/104NCZ_5/DSC_5855.NEF
PIC_THUMBNAIL schedule source=scan raw=true uri=smb://dietpi.local/4tbp/mypics-2026/Tat%20Matric%20Farewell/DCIM/104NCZ_5/DSC_5856.NEF
PIC_THUMBNAIL schedule source=scan raw=true uri=smb://dietpi.local/4tbp/mypics-2026/Tat%20Matric%20Farewell/DCIM/104NCZ_5/DSC_5857.NEF
PIC_THUMBNAIL schedule source=scan raw=true uri=smb://dietpi.local/4tbp/mypics-2026/Tat%20Matric%20Farewell/DCIM/104NCZ_5/DSC_5858.NEF
PIC_THUMBNAIL schedule source=scan raw=true uri=smb://dietpi.local/4tbp/mypics-2026/Tat%20Matric%20Farewell/DCIM/104NCZ_5/DSC_5859.NEF
PIC_THUMBNAIL schedule source=scan raw=true uri=smb://dietpi.local/4tbp/mypics-2026/Tat%20Matric%20Farewell/DCIM/104NCZ_5/DSC_5860.NEF
PIC_THUMBNAIL schedule source=scan raw=true uri=smb://dietpi.local/4tbp/mypics-2026/Tat%20Matric%20Farewell/DCIM/104NCZ_5/DSC_5862.NEF
PIC_THUMBNAIL schedule source=scan raw=true uri=smb://dietpi.local/4tbp/mypics-2026/Tat%20Matric%20Farewell/DCIM/104NCZ_5/DSC_5863.NEF
PIC_THUMBNAIL schedule source=scan raw=true uri=smb://dietpi.local/4tbp/mypics-2026/Tat%20Matric%20Farewell/DCIM/104NCZ_5/DSC_5864.NEF
PIC_THUMBNAIL schedule source=scan raw=true uri=smb://dietpi.local/4tbp/mypics-2026/Tat%20Matric%20Farewell/DCIM/104NCZ_5/DSC_5865.NEF
PIC_THUMBNAIL schedule source=scan raw=true uri=smb://dietpi.local/4tbp/mypics-2026/Tat%20Matric%20Farewell/DCIM/104NCZ_5/DSC_5866.NEF
PIC_THUMBNAIL schedule source=scan raw=true uri=smb://dietpi.local/4tbp/mypics-2026/Tat%20Matric%20Farewell/DCIM/104NCZ_5/DSC_5867.NEF
PIC_THUMBNAIL schedule source=scan raw=true uri=smb://dietpi.local/4tbp/mypics-2026/Tat%20Matric%20Farewell/DCIM/104NCZ_5/DSC_5868.NEF
PIC_THUMBNAIL schedule source=scan raw=true uri=smb://dietpi.local/4tbp/mypics-2026/Tat%20Matric%20Farewell/DCIM/104NCZ_5/DSC_5869.NEF
PIC_THUMBNAIL schedule source=scan raw=true uri=smb://dietpi.local/4tbp/mypics-2026/Tat%20Matric%20Farewell/DCIM/104NCZ_5/DSC_5870.NEF
PIC_THUMBNAIL schedule source=scan raw=true uri=smb://dietpi.local/4tbp/mypics-2026/Tat%20Matric%20Farewell/DCIM/104NCZ_5/DSC_5871.NEF
PIC_THUMBNAIL schedule source=scan raw=true uri=smb://dietpi.local/4tbp/mypics-2026/Tat%20Matric%20Farewell/DCIM/104NCZ_5/DSC_5872.NEF
PIC_THUMBNAIL schedule source=scan raw=true uri=smb://dietpi.local/4tbp/mypics-2026/Tat%20Matric%20Farewell/DCIM/104NCZ_5/DSC_5873.NEF
PIC_THUMBNAIL schedule source=scan raw=true uri=smb://dietpi.local/4tbp/mypics-2026/Tat%20Matric%20Farewell/DCIM/104NCZ_5/DSC_5874.NEF
PIC_THUMBNAIL schedule source=scan raw=true uri=smb://dietpi.local/4tbp/mypics-2026/Tat%20Matric%20Farewell/DCIM/104NCZ_5/DSC_5875.NEF
PIC_THUMBNAIL schedule source=scan raw=true uri=smb://dietpi.local/4tbp/mypics-2026/Tat%20Matric%20Farewell/DCIM/104NCZ_5/DSC_5876.NEF
PIC_THUMBNAIL schedule source=scan raw=true uri=smb://dietpi.local/4tbp/mypics-2026/Tat%20Matric%20Farewell/DCIM/104NCZ_5/DSC_5877.NEF
PIC_THUMBNAIL schedule source=scan raw=true uri=smb://dietpi.local/4tbp/mypics-2026/Tat%20Matric%20Farewell/DCIM/104NCZ_5/DSC_5878.NEF
PIC_THUMBNAIL schedule source=scan raw=true uri=smb://dietpi.local/4tbp/mypics-2026/Tat%20Matric%20Farewell/DCIM/104NCZ_5/DSC_5879.NEF
PIC_THUMBNAIL schedule source=scan raw=true uri=smb://dietpi.local/4tbp/mypics-2026/Tat%20Matric%20Farewell/DCIM/104NCZ_5/DSC_5880.NEF
PIC_THUMBNAIL schedule source=scan raw=true uri=smb://dietpi.local/4tbp/mypics-2026/Tat%20Matric%20Farewell/DCIM/104NCZ_5/DSC_5881.NEF
PIC_THUMBNAIL schedule source=scan raw=true uri=smb://dietpi.local/4tbp/mypics-2026/Tat%20Matric%20Farewell/DCIM/104NCZ_5/DSC_5882.NEF
PIC_THUMBNAIL schedule source=scan raw=true uri=smb://dietpi.local/4tbp/mypics-2026/Tat%20Matric%20Farewell/DCIM/104NCZ_5/DSC_5883.NEF
PIC_THUMBNAIL schedule source=scan raw=true uri=smb://dietpi.local/4tbp/mypics-2026/Tat%20Matric%20Farewell/DCIM/104NCZ_5/DSC_5884.NEF
PIC_THUMBNAIL schedule source=scan raw=true uri=smb://dietpi.local/4tbp/mypics-2026/Tat%20Matric%20Farewell/DCIM/104NCZ_5/DSC_5885.NEF
PIC_THUMBNAIL schedule source=scan raw=true uri=smb://dietpi.local/4tbp/mypics-2026/Tat%20Matric%20Farewell/DCIM/104NCZ_5/DSC_5886.NEF
PIC_THUMBNAIL schedule source=scan raw=true uri=smb://dietpi.local/4tbp/mypics-2026/Tat%20Matric%20Farewell/DCIM/104NCZ_5/DSC_5887.NEF
PIC_THUMBNAIL schedule source=scan raw=true uri=smb://dietpi.local/4tbp/mypics-2026/Tat%20Matric%20Farewell/DCIM/104NCZ_5/DSC_5888.NEF
PIC_THUMBNAIL tile_refresh count=1
PIC_THUMBNAIL tile_refresh count=16
PIC_THUMBNAIL tile_refresh count=16
PIC_THUMBNAIL tile_refresh count=16
PIC_THUMBNAIL tile_refresh count=16
PIC_THUMBNAIL tile_refresh count=16
PIC_THUMBNAIL tile_refresh count=16
PIC_THUMBNAIL tile_refresh count=16
PIC_THUMBNAIL tile_refresh count=16
PIC_THUMBNAIL tile_refresh count=16
PIC_THUMBNAIL tile_refresh count=16
PIC_THUMBNAIL tile_refresh count=16
===== SCAN COMPLETE: imported=189 failed=0 | progressive gallery updates complete =====
PIC_THUMBNAIL tile_refresh count=12
PIC_NETWORK tid=ThreadId(39) PRIVATE_NFS export_cache_hit host=DietPi.local count=5
PIC_NFS stage=context_creation elapsed_ms=0 tid=140509063136960 host=DietPi.local export=/mnt/4TBS relative=- outcome=ok
PIC_NFS_CONNECT create_start host=DietPi.local export=/mnt/4TBS version=3 tid=140509063136960
PIC_NFS stage=connection_establishment elapsed_ms=17 tid=140509063136960 host=DietPi.local export=/mnt/4TBS relative=- version=3 outcome=ok status=0
PIC_NFS_CONNECT create_ok host=DietPi.local export=/mnt/4TBS version=3
PIC_NETWORK tid=ThreadId(39) PRIVATE_NFS export_cache_hit host=DietPi.local count=5
PIC_NETWORK tid=ThreadId(39) PRIVATE_NFS export_cache_hit host=DietPi.local count=5
PIC_NETWORK tid=ThreadId(39) PRIVATE_NFS export_cache_hit host=DietPi.local count=5
PIC_NETWORK tid=ThreadId(39) PRIVATE_NFS export_cache_hit host=DietPi.local count=5
PIC_SMB_CONNECT reuse
PIC_VIEWER t_ms=0 tid=ThreadId(1) show_photo_request generation=3 index=4 uri=smb://dietpi.local/4tbp/mypics-2026/Tat%20Matric%20Farewell/DCIM/104NCZ_5/DSC_5883.NEF
PIC_VIEWER t_ms=0 tid=ThreadId(1) request lane=foreground action=new uri=smb://dietpi.local/4tbp/mypics-2026/Tat%20Matric%20Farewell/DCIM/104NCZ_5/DSC_5883.NEF variant=1124x794
PIC_VIEWER t_ms=0 tid=ThreadId(42) decode_start uri=smb://dietpi.local/4tbp/mypics-2026/Tat%20Matric%20Farewell/DCIM/104NCZ_5/DSC_5883.NEF variant=1124x794 queue_ms=0
PIC_SMB_CONNECT reuse
PIC_SMB_CONNECT reuse
PIC_SMB_RANGE offset=0 requested=4096 received=4096
PIC_NETWORK tid=ThreadId(42) PRIVATE_SMB range offset=0 requested=4096 received=4096
PIC_SMB_CONNECT reuse
PIC_SMB_CONNECT reuse
PIC_SMB_RANGE offset=0 requested=4096 received=4096
PIC_NETWORK tid=ThreadId(42) PRIVATE_SMB range offset=0 requested=4096 received=4096
PIC_SMB_CONNECT reuse
PIC_SMB_RANGE offset=33388 requested=4096 received=4096
PIC_NETWORK tid=ThreadId(42) PRIVATE_SMB range offset=33388 requested=4096 received=4096
PIC_SMB_CONNECT reuse
PIC_SMB_RANGE offset=269432 requested=4096 received=4096
PIC_NETWORK tid=ThreadId(42) PRIVATE_SMB range offset=269432 requested=4096 received=4096
PIC_SMB_CONNECT reuse
PIC_SMB_RANGE offset=268732 requested=4096 received=4096
PIC_NETWORK tid=ThreadId(42) PRIVATE_SMB range offset=268732 requested=4096 received=4096
PIC_SMB_CONNECT reuse
PIC_SMB_RANGE offset=268612 requested=4096 received=4096
PIC_NETWORK tid=ThreadId(42) PRIVATE_SMB range offset=268612 requested=4096 received=4096
PIC_SMB_CONNECT reuse
PIC_SMB_RANGE offset=1327104 requested=2679158 received=2679158
PIC_NETWORK tid=ThreadId(42) PRIVATE_SMB range offset=1327104 requested=2679158 received=2679158
PIC_NETWORK tid=ThreadId(42) REMOTE_RAW operation=lightbox extension=nef metadata_reads=5 metadata_bytes=20480 metadata_ms=80 preview_offset=1327104 preview_length=2679158 preview_ms=66
PIC_VIEWER decode_stage source_ms=0 cpu_ms=171 uri=smb://dietpi.local/4tbp/mypics-2026/Tat%20Matric%20Farewell/DCIM/104NCZ_5/DSC_5883.NEF
PIC_VIEWER t_ms=175 tid=ThreadId(42) decode_done uri=smb://dietpi.local/4tbp/mypics-2026/Tat%20Matric%20Farewell/DCIM/104NCZ_5/DSC_5883.NEF variant=1124x794 elapsed_ms=175 outcome=ok
PIC_VIEWER t_ms=176 tid=ThreadId(1) display_apply elapsed_ms=1 uri=smb://dietpi.local/4tbp/mypics-2026/Tat%20Matric%20Farewell/DCIM/104NCZ_5/DSC_5883.NEF
PIC_VIEWER t_ms=176 tid=ThreadId(1) display_done lane=foreground source=decode navigation_ms=176 uri=smb://dietpi.local/4tbp/mypics-2026/Tat%20Matric%20Farewell/DCIM/104NCZ_5/DSC_5883.NEF
PIC_VIEWER t_ms=743 tid=ThreadId(1) wheel_event dy=1
PIC_VIEWER t_ms=743 tid=ThreadId(1) navigation_dispatch source=wheel from_index=4 to_index=5 direction=1
PIC_VIEWER t_ms=743 tid=ThreadId(1) infobar_update source=wheel index=5 uri=smb://dietpi.local/4tbp/mypics-2026/Tat%20Matric%20Farewell/DCIM/104NCZ_5/DSC_5884.NEF
PIC_VIEWER t_ms=743 tid=ThreadId(1) show_photo_request generation=4 index=5 uri=smb://dietpi.local/4tbp/mypics-2026/Tat%20Matric%20Farewell/DCIM/104NCZ_5/DSC_5884.NEF
PIC_VIEWER t_ms=743 tid=ThreadId(1) request lane=foreground action=new uri=smb://dietpi.local/4tbp/mypics-2026/Tat%20Matric%20Farewell/DCIM/104NCZ_5/DSC_5884.NEF variant=1124x794
PIC_VIEWER t_ms=743 tid=ThreadId(55) decode_start uri=smb://dietpi.local/4tbp/mypics-2026/Tat%20Matric%20Farewell/DCIM/104NCZ_5/DSC_5884.NEF variant=1124x794 queue_ms=0
PIC_SMB_CONNECT reuse
PIC_SMB_CONNECT reuse
PIC_SMB_RANGE offset=0 requested=4096 received=4096
PIC_NETWORK tid=ThreadId(55) PRIVATE_SMB range offset=0 requested=4096 received=4096
PIC_SMB_CONNECT reuse
PIC_SMB_CONNECT reuse
PIC_SMB_RANGE offset=0 requested=4096 received=4096
PIC_NETWORK tid=ThreadId(55) PRIVATE_SMB range offset=0 requested=4096 received=4096
PIC_SMB_CONNECT reuse
PIC_SMB_RANGE offset=33388 requested=4096 received=4096
PIC_NETWORK tid=ThreadId(55) PRIVATE_SMB range offset=33388 requested=4096 received=4096
PIC_SMB_CONNECT reuse
PIC_SMB_RANGE offset=270628 requested=4096 received=4096
PIC_NETWORK tid=ThreadId(55) PRIVATE_SMB range offset=270628 requested=4096 received=4096
PIC_SMB_CONNECT reuse
PIC_SMB_RANGE offset=269928 requested=4096 received=4096
PIC_NETWORK tid=ThreadId(55) PRIVATE_SMB range offset=269928 requested=4096 received=4096
PIC_SMB_CONNECT reuse
PIC_SMB_RANGE offset=269808 requested=4096 received=4096
PIC_NETWORK tid=ThreadId(55) PRIVATE_SMB range offset=269808 requested=4096 received=4096
PIC_SMB_CONNECT reuse
PIC_SMB_RANGE offset=1321984 requested=2548269 received=2548269
PIC_NETWORK tid=ThreadId(55) PRIVATE_SMB range offset=1321984 requested=2548269 received=2548269
PIC_NETWORK tid=ThreadId(55) REMOTE_RAW operation=lightbox extension=nef metadata_reads=5 metadata_bytes=20480 metadata_ms=53 preview_offset=1321984 preview_length=2548269 preview_ms=28
PIC_VIEWER decode_stage source_ms=0 cpu_ms=125 uri=smb://dietpi.local/4tbp/mypics-2026/Tat%20Matric%20Farewell/DCIM/104NCZ_5/DSC_5884.NEF
PIC_VIEWER t_ms=873 tid=ThreadId(55) decode_done uri=smb://dietpi.local/4tbp/mypics-2026/Tat%20Matric%20Farewell/DCIM/104NCZ_5/DSC_5884.NEF variant=1124x794 elapsed_ms=129 outcome=ok
PIC_VIEWER t_ms=874 tid=ThreadId(1) display_apply elapsed_ms=1 uri=smb://dietpi.local/4tbp/mypics-2026/Tat%20Matric%20Farewell/DCIM/104NCZ_5/DSC_5884.NEF
PIC_VIEWER t_ms=874 tid=ThreadId(1) display_done lane=foreground source=decode navigation_ms=131 uri=smb://dietpi.local/4tbp/mypics-2026/Tat%20Matric%20Farewell/DCIM/104NCZ_5/DSC_5884.NEF
PIC_VIEWER t_ms=993 tid=ThreadId(1) request lane=prefetch action=new uri=smb://dietpi.local/4tbp/mypics-2026/Tat%20Matric%20Farewell/DCIM/104NCZ_5/DSC_5885.NEF variant=1124x794
PIC_VIEWER t_ms=994 tid=ThreadId(1) cache_hit lane=prefetch uri=smb://dietpi.local/4tbp/mypics-2026/Tat%20Matric%20Farewell/DCIM/104NCZ_5/DSC_5883.NEF
PIC_VIEWER t_ms=994 tid=ThreadId(56) decode_start uri=smb://dietpi.local/4tbp/mypics-2026/Tat%20Matric%20Farewell/DCIM/104NCZ_5/DSC_5885.NEF variant=1124x794 queue_ms=0
PIC_SMB_CONNECT reuse
PIC_SMB_CONNECT reuse
PIC_SMB_RANGE offset=0 requested=4096 received=4096
PIC_NETWORK tid=ThreadId(56) PRIVATE_SMB range offset=0 requested=4096 received=4096
PIC_SMB_CONNECT reuse
PIC_SMB_CONNECT reuse
PIC_SMB_RANGE offset=0 requested=4096 received=4096
PIC_NETWORK tid=ThreadId(56) PRIVATE_SMB range offset=0 requested=4096 received=4096
PIC_SMB_CONNECT reuse
PIC_SMB_RANGE offset=33388 requested=4096 received=4096
PIC_NETWORK tid=ThreadId(56) PRIVATE_SMB range offset=33388 requested=4096 received=4096
PIC_SMB_CONNECT reuse
PIC_SMB_RANGE offset=290260 requested=4096 received=4096
PIC_NETWORK tid=ThreadId(56) PRIVATE_SMB range offset=290260 requested=4096 received=4096
PIC_SMB_CONNECT reuse
PIC_SMB_RANGE offset=289560 requested=4096 received=4096
PIC_NETWORK tid=ThreadId(56) PRIVATE_SMB range offset=289560 requested=4096 received=4096
PIC_SMB_CONNECT reuse
PIC_SMB_RANGE offset=289440 requested=4096 received=4096
PIC_NETWORK tid=ThreadId(56) PRIVATE_SMB range offset=289440 requested=4096 received=4096
PIC_SMB_CONNECT reuse
PIC_SMB_RANGE offset=1251840 requested=2745439 received=2745439
PIC_NETWORK tid=ThreadId(56) PRIVATE_SMB range offset=1251840 requested=2745439 received=2745439
PIC_NETWORK tid=ThreadId(56) REMOTE_RAW operation=lightbox extension=nef metadata_reads=5 metadata_bytes=20480 metadata_ms=79 preview_offset=1251840 preview_length=2745439 preview_ms=65
PIC_VIEWER t_ms=1095 tid=ThreadId(1) wheel_event dy=1
PIC_VIEWER t_ms=1095 tid=ThreadId(1) navigation_dispatch source=wheel from_index=5 to_index=6 direction=1
PIC_VIEWER t_ms=1095 tid=ThreadId(1) infobar_update source=wheel index=6 uri=smb://dietpi.local/4tbp/mypics-2026/Tat%20Matric%20Farewell/DCIM/104NCZ_5/DSC_5885.NEF
PIC_VIEWER t_ms=1095 tid=ThreadId(1) show_photo_request generation=5 index=6 uri=smb://dietpi.local/4tbp/mypics-2026/Tat%20Matric%20Farewell/DCIM/104NCZ_5/DSC_5885.NEF
PIC_VIEWER t_ms=1095 tid=ThreadId(1) request lane=foreground action=promote uri=smb://dietpi.local/4tbp/mypics-2026/Tat%20Matric%20Farewell/DCIM/104NCZ_5/DSC_5885.NEF variant=1124x794
PIC_VIEWER decode_stage source_ms=0 cpu_ms=155 uri=smb://dietpi.local/4tbp/mypics-2026/Tat%20Matric%20Farewell/DCIM/104NCZ_5/DSC_5885.NEF
PIC_VIEWER t_ms=1152 tid=ThreadId(56) decode_done uri=smb://dietpi.local/4tbp/mypics-2026/Tat%20Matric%20Farewell/DCIM/104NCZ_5/DSC_5885.NEF variant=1124x794 elapsed_ms=158 outcome=ok
PIC_VIEWER t_ms=1152 tid=ThreadId(1) display_discard lane=prefetch uri=smb://dietpi.local/4tbp/mypics-2026/Tat%20Matric%20Farewell/DCIM/104NCZ_5/DSC_5885.NEF reason=cancelled
PIC_VIEWER t_ms=1154 tid=ThreadId(1) display_apply elapsed_ms=1 uri=smb://dietpi.local/4tbp/mypics-2026/Tat%20Matric%20Farewell/DCIM/104NCZ_5/DSC_5885.NEF
PIC_VIEWER t_ms=1154 tid=ThreadId(1) display_done lane=foreground source=decode navigation_ms=59 uri=smb://dietpi.local/4tbp/mypics-2026/Tat%20Matric%20Farewell/DCIM/104NCZ_5/DSC_5885.NEF
PIC_VIEWER t_ms=1191 tid=ThreadId(1) wheel_event dy=1
PIC_VIEWER t_ms=1191 tid=ThreadId(1) navigation_dispatch source=wheel from_index=6 to_index=7 direction=1
PIC_VIEWER t_ms=1191 tid=ThreadId(1) infobar_update source=wheel index=7 uri=smb://dietpi.local/4tbp/mypics-2026/Tat%20Matric%20Farewell/DCIM/104NCZ_5/DSC_5886.NEF
PIC_VIEWER t_ms=1191 tid=ThreadId(1) show_photo_request generation=6 index=7 uri=smb://dietpi.local/4tbp/mypics-2026/Tat%20Matric%20Farewell/DCIM/104NCZ_5/DSC_5886.NEF
PIC_VIEWER t_ms=1193 tid=ThreadId(1) request lane=foreground action=new uri=smb://dietpi.local/4tbp/mypics-2026/Tat%20Matric%20Farewell/DCIM/104NCZ_5/DSC_5886.NEF variant=1124x794
PIC_VIEWER t_ms=1193 tid=ThreadId(57) decode_start uri=smb://dietpi.local/4tbp/mypics-2026/Tat%20Matric%20Farewell/DCIM/104NCZ_5/DSC_5886.NEF variant=1124x794 queue_ms=0
PIC_SMB_CONNECT reuse
PIC_SMB_CONNECT reuse
PIC_SMB_RANGE offset=0 requested=4096 received=4096
PIC_NETWORK tid=ThreadId(57) PRIVATE_SMB range offset=0 requested=4096 received=4096
PIC_SMB_CONNECT reuse
PIC_SMB_CONNECT reuse
PIC_SMB_RANGE offset=0 requested=4096 received=4096
PIC_NETWORK tid=ThreadId(57) PRIVATE_SMB range offset=0 requested=4096 received=4096
PIC_SMB_CONNECT reuse
PIC_SMB_RANGE offset=33388 requested=4096 received=4096
PIC_NETWORK tid=ThreadId(57) PRIVATE_SMB range offset=33388 requested=4096 received=4096
PIC_SMB_CONNECT reuse
PIC_SMB_RANGE offset=299740 requested=4096 received=4096
PIC_NETWORK tid=ThreadId(57) PRIVATE_SMB range offset=299740 requested=4096 received=4096
PIC_SMB_CONNECT reuse
PIC_SMB_RANGE offset=299040 requested=4096 received=4096
PIC_NETWORK tid=ThreadId(57) PRIVATE_SMB range offset=299040 requested=4096 received=4096
PIC_SMB_CONNECT reuse
PIC_SMB_RANGE offset=298920 requested=4096 received=4096
PIC_NETWORK tid=ThreadId(57) PRIVATE_SMB range offset=298920 requested=4096 received=4096
PIC_SMB_CONNECT reuse
PIC_SMB_RANGE offset=1251328 requested=3287250 received=3287250
PIC_NETWORK tid=ThreadId(57) PRIVATE_SMB range offset=1251328 requested=3287250 received=3287250
PIC_NETWORK tid=ThreadId(57) REMOTE_RAW operation=lightbox extension=nef metadata_reads=5 metadata_bytes=20480 metadata_ms=89 preview_offset=1251328 preview_length=3287250 preview_ms=74
PIC_VIEWER t_ms=1367 tid=ThreadId(1) wheel_event dy=1
PIC_VIEWER t_ms=1367 tid=ThreadId(1) wheel_accumulate current_index=7 target_index=8 direction=1
PIC_VIEWER decode_stage source_ms=0 cpu_ms=178 uri=smb://dietpi.local/4tbp/mypics-2026/Tat%20Matric%20Farewell/DCIM/104NCZ_5/DSC_5886.NEF
PIC_VIEWER t_ms=1375 tid=ThreadId(57) decode_done uri=smb://dietpi.local/4tbp/mypics-2026/Tat%20Matric%20Farewell/DCIM/104NCZ_5/DSC_5886.NEF variant=1124x794 elapsed_ms=181 outcome=ok
PIC_VIEWER t_ms=1376 tid=ThreadId(1) display_apply elapsed_ms=1 uri=smb://dietpi.local/4tbp/mypics-2026/Tat%20Matric%20Farewell/DCIM/104NCZ_5/DSC_5886.NEF
PIC_VIEWER t_ms=1376 tid=ThreadId(1) display_done lane=foreground source=decode navigation_ms=185 uri=smb://dietpi.local/4tbp/mypics-2026/Tat%20Matric%20Farewell/DCIM/104NCZ_5/DSC_5886.NEF
PIC_VIEWER t_ms=1376 tid=ThreadId(1) navigation_dispatch source=wheel_coalesced from_index=7 to_index=8 direction=1
PIC_VIEWER t_ms=1376 tid=ThreadId(1) infobar_update source=wheel index=8 uri=smb://dietpi.local/4tbp/mypics-2026/Tat%20Matric%20Farewell/DCIM/104NCZ_5/DSC_5887.NEF
PIC_VIEWER t_ms=1376 tid=ThreadId(1) show_photo_request generation=7 index=8 uri=smb://dietpi.local/4tbp/mypics-2026/Tat%20Matric%20Farewell/DCIM/104NCZ_5/DSC_5887.NEF
PIC_VIEWER t_ms=1376 tid=ThreadId(1) request lane=foreground action=new uri=smb://dietpi.local/4tbp/mypics-2026/Tat%20Matric%20Farewell/DCIM/104NCZ_5/DSC_5887.NEF variant=1124x794
PIC_VIEWER t_ms=1376 tid=ThreadId(58) decode_start uri=smb://dietpi.local/4tbp/mypics-2026/Tat%20Matric%20Farewell/DCIM/104NCZ_5/DSC_5887.NEF variant=1124x794 queue_ms=0
PIC_SMB_CONNECT reuse
PIC_SMB_CONNECT reuse
PIC_SMB_RANGE offset=0 requested=4096 received=4096
PIC_NETWORK tid=ThreadId(58) PRIVATE_SMB range offset=0 requested=4096 received=4096
PIC_SMB_CONNECT reuse
PIC_SMB_CONNECT reuse
PIC_SMB_RANGE offset=0 requested=4096 received=4096
PIC_NETWORK tid=ThreadId(58) PRIVATE_SMB range offset=0 requested=4096 received=4096
PIC_SMB_CONNECT reuse
PIC_SMB_RANGE offset=33388 requested=4096 received=4096
PIC_NETWORK tid=ThreadId(58) PRIVATE_SMB range offset=33388 requested=4096 received=4096
PIC_SMB_CONNECT reuse
PIC_SMB_RANGE offset=313744 requested=4096 received=4096
PIC_NETWORK tid=ThreadId(58) PRIVATE_SMB range offset=313744 requested=4096 received=4096
PIC_SMB_CONNECT reuse
PIC_SMB_RANGE offset=313044 requested=4096 received=4096
PIC_NETWORK tid=ThreadId(58) PRIVATE_SMB range offset=313044 requested=4096 received=4096
PIC_SMB_CONNECT reuse
PIC_SMB_RANGE offset=312924 requested=4096 received=4096
PIC_NETWORK tid=ThreadId(58) PRIVATE_SMB range offset=312924 requested=4096 received=4096
PIC_SMB_CONNECT reuse
PIC_VIEWER t_ms=1446 tid=ThreadId(1) wheel_event dy=1
PIC_VIEWER t_ms=1446 tid=ThreadId(1) wheel_accumulate current_index=8 target_index=9 direction=1
PIC_SMB_RANGE offset=1182720 requested=3157237 received=3157237
PIC_NETWORK tid=ThreadId(58) PRIVATE_SMB range offset=1182720 requested=3157237 received=3157237
PIC_NETWORK tid=ThreadId(58) REMOTE_RAW operation=lightbox extension=nef metadata_reads=5 metadata_bytes=20480 metadata_ms=76 preview_offset=1182720 preview_length=3157237 preview_ms=63
PIC_VIEWER t_ms=1510 tid=ThreadId(1) wheel_event dy=1
PIC_VIEWER decode_stage source_ms=0 cpu_ms=154 uri=smb://dietpi.local/4tbp/mypics-2026/Tat%20Matric%20Farewell/DCIM/104NCZ_5/DSC_5887.NEF
PIC_VIEWER t_ms=1534 tid=ThreadId(58) decode_done uri=smb://dietpi.local/4tbp/mypics-2026/Tat%20Matric%20Farewell/DCIM/104NCZ_5/DSC_5887.NEF variant=1124x794 elapsed_ms=157 outcome=ok
PIC_VIEWER t_ms=1536 tid=ThreadId(1) display_apply elapsed_ms=1 uri=smb://dietpi.local/4tbp/mypics-2026/Tat%20Matric%20Farewell/DCIM/104NCZ_5/DSC_5887.NEF
PIC_VIEWER t_ms=1536 tid=ThreadId(1) display_done lane=foreground source=decode navigation_ms=159 uri=smb://dietpi.local/4tbp/mypics-2026/Tat%20Matric%20Farewell/DCIM/104NCZ_5/DSC_5887.NEF
PIC_VIEWER t_ms=1536 tid=ThreadId(1) navigation_dispatch source=wheel_coalesced from_index=8 to_index=9 direction=1
PIC_VIEWER t_ms=1536 tid=ThreadId(1) infobar_update source=wheel index=9 uri=smb://dietpi.local/4tbp/mypics-2026/Tat%20Matric%20Farewell/DCIM/104NCZ_5/DSC_5888.NEF
PIC_VIEWER t_ms=1536 tid=ThreadId(1) show_photo_request generation=8 index=9 uri=smb://dietpi.local/4tbp/mypics-2026/Tat%20Matric%20Farewell/DCIM/104NCZ_5/DSC_5888.NEF
PIC_VIEWER t_ms=1536 tid=ThreadId(1) request lane=foreground action=new uri=smb://dietpi.local/4tbp/mypics-2026/Tat%20Matric%20Farewell/DCIM/104NCZ_5/DSC_5888.NEF variant=1124x794
PIC_VIEWER t_ms=1536 tid=ThreadId(59) decode_start uri=smb://dietpi.local/4tbp/mypics-2026/Tat%20Matric%20Farewell/DCIM/104NCZ_5/DSC_5888.NEF variant=1124x794 queue_ms=0
PIC_SMB_CONNECT reuse
PIC_SMB_CONNECT reuse
PIC_SMB_RANGE offset=0 requested=4096 received=4096
PIC_NETWORK tid=ThreadId(59) PRIVATE_SMB range offset=0 requested=4096 received=4096
PIC_SMB_CONNECT reuse
PIC_SMB_CONNECT reuse
PIC_SMB_RANGE offset=0 requested=4096 received=4096
PIC_NETWORK tid=ThreadId(59) PRIVATE_SMB range offset=0 requested=4096 received=4096
PIC_SMB_CONNECT reuse
PIC_SMB_RANGE offset=33388 requested=4096 received=4096
PIC_NETWORK tid=ThreadId(59) PRIVATE_SMB range offset=33388 requested=4096 received=4096
PIC_SMB_CONNECT reuse
PIC_SMB_RANGE offset=299952 requested=4096 received=4096
PIC_NETWORK tid=ThreadId(59) PRIVATE_SMB range offset=299952 requested=4096 received=4096
PIC_SMB_CONNECT reuse
PIC_SMB_RANGE offset=299252 requested=4096 received=4096
PIC_NETWORK tid=ThreadId(59) PRIVATE_SMB range offset=299252 requested=4096 received=4096
PIC_SMB_CONNECT reuse
PIC_SMB_RANGE offset=299132 requested=4096 received=4096
PIC_NETWORK tid=ThreadId(59) PRIVATE_SMB range offset=299132 requested=4096 received=4096
PIC_SMB_CONNECT reuse
PIC_SMB_RANGE offset=1305600 requested=3090256 received=3090256
PIC_NETWORK tid=ThreadId(59) PRIVATE_SMB range offset=1305600 requested=3090256 received=3090256
PIC_NETWORK tid=ThreadId(59) REMOTE_RAW operation=lightbox extension=nef metadata_reads=5 metadata_bytes=20480 metadata_ms=73 preview_offset=1305600 preview_length=3090256 preview_ms=60
PIC_VIEWER decode_stage source_ms=0 cpu_ms=155 uri=smb://dietpi.local/4tbp/mypics-2026/Tat%20Matric%20Farewell/DCIM/104NCZ_5/DSC_5888.NEF
PIC_VIEWER t_ms=1695 tid=ThreadId(59) decode_done uri=smb://dietpi.local/4tbp/mypics-2026/Tat%20Matric%20Farewell/DCIM/104NCZ_5/DSC_5888.NEF variant=1124x794 elapsed_ms=158 outcome=ok
PIC_VIEWER t_ms=1697 tid=ThreadId(1) display_apply elapsed_ms=1 uri=smb://dietpi.local/4tbp/mypics-2026/Tat%20Matric%20Farewell/DCIM/104NCZ_5/DSC_5888.NEF
PIC_VIEWER t_ms=1697 tid=ThreadId(1) display_done lane=foreground source=decode navigation_ms=160 uri=smb://dietpi.local/4tbp/mypics-2026/Tat%20Matric%20Farewell/DCIM/104NCZ_5/DSC_5888.NEF
PIC_VIEWER t_ms=1786 tid=ThreadId(1) cache_hit lane=prefetch uri=smb://dietpi.local/4tbp/mypics-2026/Tat%20Matric%20Farewell/DCIM/104NCZ_5/DSC_5887.NEF
PIC_VIEWER t_ms=1871 tid=ThreadId(1) wheel_event dy=-1
PIC_VIEWER t_ms=1871 tid=ThreadId(1) navigation_dispatch source=wheel from_index=9 to_index=8 direction=-1
PIC_VIEWER t_ms=1871 tid=ThreadId(1) infobar_update source=wheel index=8 uri=smb://dietpi.local/4tbp/mypics-2026/Tat%20Matric%20Farewell/DCIM/104NCZ_5/DSC_5887.NEF
PIC_VIEWER t_ms=1871 tid=ThreadId(1) show_photo_request generation=9 index=8 uri=smb://dietpi.local/4tbp/mypics-2026/Tat%20Matric%20Farewell/DCIM/104NCZ_5/DSC_5887.NEF
PIC_VIEWER t_ms=1871 tid=ThreadId(1) cache_hit lane=foreground uri=smb://dietpi.local/4tbp/mypics-2026/Tat%20Matric%20Farewell/DCIM/104NCZ_5/DSC_5887.NEF
PIC_VIEWER t_ms=1871 tid=ThreadId(1) display_done lane=foreground source=texture_cache navigation_ms=0 uri=smb://dietpi.local/4tbp/mypics-2026/Tat%20Matric%20Farewell/DCIM/104NCZ_5/DSC_5887.NEF
PIC_VIEWER t_ms=1934 tid=ThreadId(1) wheel_event dy=-1
PIC_VIEWER t_ms=1934 tid=ThreadId(1) navigation_dispatch source=wheel from_index=8 to_index=7 direction=-1
PIC_VIEWER t_ms=1935 tid=ThreadId(1) infobar_update source=wheel index=7 uri=smb://dietpi.local/4tbp/mypics-2026/Tat%20Matric%20Farewell/DCIM/104NCZ_5/DSC_5886.NEF
PIC_VIEWER t_ms=1935 tid=ThreadId(1) show_photo_request generation=10 index=7 uri=smb://dietpi.local/4tbp/mypics-2026/Tat%20Matric%20Farewell/DCIM/104NCZ_5/DSC_5886.NEF
PIC_VIEWER t_ms=1935 tid=ThreadId(1) cache_hit lane=foreground uri=smb://dietpi.local/4tbp/mypics-2026/Tat%20Matric%20Farewell/DCIM/104NCZ_5/DSC_5886.NEF
PIC_VIEWER t_ms=1935 tid=ThreadId(1) display_done lane=foreground source=texture_cache navigation_ms=0 uri=smb://dietpi.local/4tbp/mypics-2026/Tat%20Matric%20Farewell/DCIM/104NCZ_5/DSC_5886.NEF
PIC_VIEWER t_ms=2014 tid=ThreadId(1) wheel_event dy=-1
PIC_VIEWER t_ms=2014 tid=ThreadId(1) navigation_dispatch source=wheel from_index=7 to_index=6 direction=-1
PIC_VIEWER t_ms=2015 tid=ThreadId(1) infobar_update source=wheel index=6 uri=smb://dietpi.local/4tbp/mypics-2026/Tat%20Matric%20Farewell/DCIM/104NCZ_5/DSC_5885.NEF
PIC_VIEWER t_ms=2015 tid=ThreadId(1) show_photo_request generation=11 index=6 uri=smb://dietpi.local/4tbp/mypics-2026/Tat%20Matric%20Farewell/DCIM/104NCZ_5/DSC_5885.NEF
PIC_VIEWER t_ms=2015 tid=ThreadId(1) cache_hit lane=foreground uri=smb://dietpi.local/4tbp/mypics-2026/Tat%20Matric%20Farewell/DCIM/104NCZ_5/DSC_5885.NEF
PIC_VIEWER t_ms=2015 tid=ThreadId(1) display_done lane=foreground source=texture_cache navigation_ms=0 uri=smb://dietpi.local/4tbp/mypics-2026/Tat%20Matric%20Farewell/DCIM/104NCZ_5/DSC_5885.NEF
PIC_VIEWER t_ms=2063 tid=ThreadId(1) wheel_event dy=-1
PIC_VIEWER t_ms=2063 tid=ThreadId(1) navigation_dispatch source=wheel from_index=6 to_index=5 direction=-1
PIC_VIEWER t_ms=2063 tid=ThreadId(1) infobar_update source=wheel index=5 uri=smb://dietpi.local/4tbp/mypics-2026/Tat%20Matric%20Farewell/DCIM/104NCZ_5/DSC_5884.NEF
PIC_VIEWER t_ms=2063 tid=ThreadId(1) show_photo_request generation=12 index=5 uri=smb://dietpi.local/4tbp/mypics-2026/Tat%20Matric%20Farewell/DCIM/104NCZ_5/DSC_5884.NEF
PIC_VIEWER t_ms=2063 tid=ThreadId(1) cache_hit lane=foreground uri=smb://dietpi.local/4tbp/mypics-2026/Tat%20Matric%20Farewell/DCIM/104NCZ_5/DSC_5884.NEF
PIC_VIEWER t_ms=2063 tid=ThreadId(1) display_done lane=foreground source=texture_cache navigation_ms=0 uri=smb://dietpi.local/4tbp/mypics-2026/Tat%20Matric%20Farewell/DCIM/104NCZ_5/DSC_5884.NEF
PIC_VIEWER t_ms=2313 tid=ThreadId(1) cache_hit lane=prefetch uri=smb://dietpi.local/4tbp/mypics-2026/Tat%20Matric%20Farewell/DCIM/104NCZ_5/DSC_5883.NEF
PIC_VIEWER t_ms=2313 tid=ThreadId(1) cache_hit lane=prefetch uri=smb://dietpi.local/4tbp/mypics-2026/Tat%20Matric%20Farewell/DCIM/104NCZ_5/DSC_5885.NEF
